Component: ARM Compiler 6.16 Tool: armlink [5dfeaa00]

==============================================================================

Section Cross References

    gd32e50x_it.o(.ARM.exidx.text.NMI_Handler) refers to gd32e50x_it.o(.text.NMI_Handler) for [Anonymous Symbol]
    gd32e50x_it.o(.ARM.exidx.text.HardFault_Handler) refers to gd32e50x_it.o(.text.HardFault_Handler) for [Anonymous Symbol]
    gd32e50x_it.o(.ARM.exidx.text.MemManage_Handler) refers to gd32e50x_it.o(.text.MemManage_Handler) for [Anonymous Symbol]
    gd32e50x_it.o(.ARM.exidx.text.BusFault_Handler) refers to gd32e50x_it.o(.text.BusFault_Handler) for [Anonymous Symbol]
    gd32e50x_it.o(.ARM.exidx.text.UsageFault_Handler) refers to gd32e50x_it.o(.text.UsageFault_Handler) for [Anonymous Symbol]
    gd32e50x_it.o(.ARM.exidx.text.SVC_Handler) refers to gd32e50x_it.o(.text.SVC_Handler) for [Anonymous Symbol]
    gd32e50x_it.o(.ARM.exidx.text.DebugMon_Handler) refers to gd32e50x_it.o(.text.DebugMon_Handler) for [Anonymous Symbol]
    gd32e50x_it.o(.ARM.exidx.text.PendSV_Handler) refers to gd32e50x_it.o(.text.PendSV_Handler) for [Anonymous Symbol]
    gd32e50x_it.o(.text.SysTick_Handler) refers to systick.o(.text.delay_decrement) for delay_decrement
    gd32e50x_it.o(.ARM.exidx.text.SysTick_Handler) refers to gd32e50x_it.o(.text.SysTick_Handler) for [Anonymous Symbol]
    gd32e50x_it.o(.text.DMA0_Channel6_IRQHandler) refers to gd32e50x_dma.o(.text.dma_interrupt_flag_get) for dma_interrupt_flag_get
    gd32e50x_it.o(.text.DMA0_Channel6_IRQHandler) refers to gd32e50x_dma.o(.text.dma_interrupt_flag_clear) for dma_interrupt_flag_clear
    gd32e50x_it.o(.ARM.exidx.text.DMA0_Channel6_IRQHandler) refers to gd32e50x_it.o(.text.DMA0_Channel6_IRQHandler) for [Anonymous Symbol]
    gd32e50x_it.o(.text.DMA0_Channel5_IRQHandler) refers to gd32e50x_dma.o(.text.dma_interrupt_flag_get) for dma_interrupt_flag_get
    gd32e50x_it.o(.text.DMA0_Channel5_IRQHandler) refers to gd32e50x_dma.o(.text.dma_channel_disable) for dma_channel_disable
    gd32e50x_it.o(.text.DMA0_Channel5_IRQHandler) refers to gd32e50x_dma.o(.text.dma_flag_clear) for dma_flag_clear
    gd32e50x_it.o(.text.DMA0_Channel5_IRQHandler) refers to mr_j2s_a_servo.o(.data.rx_size) for rx_size
    gd32e50x_it.o(.text.DMA0_Channel5_IRQHandler) refers to gd32e50x_dma.o(.text.dma_transfer_number_config) for dma_transfer_number_config
    gd32e50x_it.o(.text.DMA0_Channel5_IRQHandler) refers to gd32e50x_dma.o(.text.dma_channel_enable) for dma_channel_enable
    gd32e50x_it.o(.text.DMA0_Channel5_IRQHandler) refers to gd32e50x_dma.o(.text.dma_interrupt_flag_clear) for dma_interrupt_flag_clear
    gd32e50x_it.o(.text.DMA0_Channel5_IRQHandler) refers to mr_j2s_a_servo.o(.text.servo_handle_error) for servo_handle_error
    gd32e50x_it.o(.text.DMA0_Channel5_IRQHandler) refers to mr_j2s_a_servo.o(.bss.servo_alarm) for servo_alarm
    gd32e50x_it.o(.text.DMA0_Channel5_IRQHandler) refers to gd32e50x_gpio.o(.text.gpio_bit_set) for gpio_bit_set
    gd32e50x_it.o(.text.DMA0_Channel5_IRQHandler) refers to mr_j2s_a_servo.o(.bss.servo_mode) for servo_mode
    gd32e50x_it.o(.text.DMA0_Channel5_IRQHandler) refers to mr_j2s_a_servo.o(.bss.jog_func) for jog_func
    gd32e50x_it.o(.text.DMA0_Channel5_IRQHandler) refers to mr_j2s_a_servo.o(.bss.servo_jog_functions_cnt) for servo_jog_functions_cnt
    gd32e50x_it.o(.text.DMA0_Channel5_IRQHandler) refers to mr_j2s_a_servo.o(.text.servo_jog_mode_on) for servo_jog_mode_on
    gd32e50x_it.o(.text.DMA0_Channel5_IRQHandler) refers to gd32e50x_gpio.o(.text.gpio_bit_reset) for gpio_bit_reset
    gd32e50x_it.o(.text.DMA0_Channel5_IRQHandler) refers to mr_j2s_a_servo.o(.bss.pos_func) for pos_func
    gd32e50x_it.o(.text.DMA0_Channel5_IRQHandler) refers to mr_j2s_a_servo.o(.bss.servo_pos_functions_cnt) for servo_pos_functions_cnt
    gd32e50x_it.o(.text.DMA0_Channel5_IRQHandler) refers to mr_j2s_a_servo.o(.text.servo_jog_mode_off) for servo_jog_mode_off
    gd32e50x_it.o(.text.DMA0_Channel5_IRQHandler) refers to mr_j2s_a_servo.o(.text.servo_jog_mode_direct_rotation) for servo_jog_mode_direct_rotation
    gd32e50x_it.o(.text.DMA0_Channel5_IRQHandler) refers to mr_j2s_a_servo.o(.text.servo_jog_mode_revers_rotation) for servo_jog_mode_revers_rotation
    gd32e50x_it.o(.text.DMA0_Channel5_IRQHandler) refers to mr_j2s_a_servo.o(.text.servo_jog_mode_stop_rotation) for servo_jog_mode_stop_rotation
    gd32e50x_it.o(.ARM.exidx.text.DMA0_Channel5_IRQHandler) refers to gd32e50x_it.o(.text.DMA0_Channel5_IRQHandler) for [Anonymous Symbol]
    gd32e50x_it.o(.text.TIMER2_IRQHandler) refers to gd32e50x_timer.o(.text.timer_interrupt_flag_get) for timer_interrupt_flag_get
    gd32e50x_it.o(.text.TIMER2_IRQHandler) refers to gd32e50x_timer.o(.text.timer_interrupt_flag_clear) for timer_interrupt_flag_clear
    gd32e50x_it.o(.text.TIMER2_IRQHandler) refers to mr_j2s_a_servo.o(.bss.servo_mode) for servo_mode
[...]
    ../clib/angel/startup.s                  0x00000000   Number         0  __main.o ABSOLUTE
    ../clib/angel/sys.s                      0x00000000   Number         0  sys_stackheap_outer.o ABSOLUTE
    ../clib/angel/sys.s                      0x00000000   Number         0  libspace.o ABSOLUTE
    ../clib/angel/sys.s                      0x00000000   Number         0  use_no_semi.o ABSOLUTE
    ../clib/angel/sys.s                      0x00000000   Number         0  indicate_semi.o ABSOLUTE
    ../clib/angel/sysapp.c                   0x00000000   Number         0  sys_exit.o ABSOLUTE
    ../clib/angel/sysapp.c                   0x00000000   Number         0  sys_exit_hlt.o ABSOLUTE
    ../clib/angel/sysapp.c                   0x00000000   Number         0  sys_command.o ABSOLUTE
    ../clib/angel/sysapp.c                   0x00000000   Number         0  sys_command_hlt.o ABSOLUTE
    ../clib/angel/sysapp.c                   0x00000000   Number         0  sys_wrch.o ABSOLUTE
    ../clib/angel/sysapp.c                   0x00000000   Number         0  sys_wrch_hlt.o ABSOLUTE
    ../clib/armsys.c                         0x00000000   Number         0  argv_veneer.o ABSOLUTE
    ../clib/armsys.c                         0x00000000   Number         0  argv_veneer.o ABSOLUTE
    ../clib/armsys.c                         0x00000000   Number         0  _get_argv_nomalloc.o ABSOLUTE
    ../clib/armsys.c                         0x00000000   Number         0  no_argv.o ABSOLUTE
    ../clib/heapalloc.c                      0x00000000   Number         0  hrguard.o ABSOLUTE
    ../clib/heapaux.c                        0x00000000   Number         0  heapauxi.o ABSOLUTE
    ../clib/libinit.s                        0x00000000   Number         0  libinit.o ABSOLUTE
    ../clib/libinit.s                        0x00000000   Number         0  libinit2.o ABSOLUTE
    ../clib/libinit.s                        0x00000000   Number         0  libshutdown.o ABSOLUTE
    ../clib/libinit.s                        0x00000000   Number         0  libshutdown2.o ABSOLUTE
    ../clib/memcpset.s                       0x00000000   Number         0  rt_memclr_w.o ABSOLUTE
    ../clib/misc.s                           0x00000000   Number         0  printf_stubs.o ABSOLUTE
    ../clib/printf.c                         0x00000000   Number         0  __2sprintf.o ABSOLUTE
    ../clib/printf.c                         0x00000000   Number         0  noretval__2sprintf.o ABSOLUTE
    ../clib/printf.c                         0x00000000   Number         0  __printf.o ABSOLUTE
    ../clib/printf.c                         0x00000000   Number         0  _printf_pad.o ABSOLUTE
    ../clib/printf.c                         0x00000000   Number         0  _printf_str.o ABSOLUTE
    ../clib/printf.c                         0x00000000   Number         0  _printf_hex_ll.o ABSOLUTE
    ../clib/printf.c                         0x00000000   Number         0  _printf_hex_int.o ABSOLUTE
    ../clib/printf.c                         0x00000000   Number         0  _printf_hex_int_ll.o ABSOLUTE
    ../clib/printf.c                         0x00000000   Number         0  _printf_hex_ptr.o ABSOLUTE
    ../clib/printf.c                         0x00000000   Number         0  _printf_hex_int_ptr.o ABSOLUTE
    ../clib/printf.c                         0x00000000   Number         0  _printf_hex_ll_ptr.o ABSOLUTE
    ../clib/printf.c                         0x00000000   Number         0  _printf_hex_int_ll_ptr.o ABSOLUTE
    ../clib/printf.c                         0x00000000   Number         0  __printf_flags.o ABSOLUTE
    ../clib/printf.c                         0x00000000   Number         0  __printf_ss.o ABSOLUTE
    ../clib/printf.c                         0x00000000   Number         0  __printf_flags_ss.o ABSOLUTE
    ../clib/printf.c                         0x00000000   Number         0  __printf_wp.o ABSOLUTE
    ../clib/printf.c                         0x00000000   Number         0  __printf_flags_wp.o ABSOLUTE
    ../clib/printf.c                         0x00000000   Number         0  __printf_ss_wp.o ABSOLUTE
    ../clib/printf.c                         0x00000000   Number         0  __printf_flags_ss_wp.o ABSOLUTE
    ../clib/printf.c                         0x00000000   Number         0  _printf_intcommon.o ABSOLUTE
    ../clib/printf.c                         0x00000000   Number         0  _printf_char_common.o ABSOLUTE
    ../clib/printf.c                         0x00000000   Number         0  _sputc.o ABSOLUTE
    ../clib/printf.c                         0x00000000   Number         0  _printf_char.o ABSOLUTE
    ../clib/printf.c                         0x00000000   Number         0  __printf_nopercent.o ABSOLUTE
    ../clib/printf_percent.s                 0x00000000   Number         0  _printf_c.o ABSOLUTE
    ../clib/printf_percent.s                 0x00000000   Number         0  _printf_x.o ABSOLUTE
    ../clib/printf_percent.s                 0x00000000   Number         0  _printf_percent.o ABSOLUTE
    ../clib/printf_percent.s                 0x00000000   Number         0  _printf_percent_end.o ABSOLUTE
    ../clib/signal.c                         0x00000000   Number         0  defsig_rtmem_outer.o ABSOLUTE
    ../clib/signal.c                         0x00000000   Number         0  defsig_rtmem_formal.o ABSOLUTE
    ../clib/signal.c                         0x00000000   Number         0  defsig_exit.o ABSOLUTE
    ../clib/signal.c                         0x00000000   Number         0  defsig_rtmem_inner.o ABSOLUTE
    ../clib/signal.c                         0x00000000   Number         0  __raise.o ABSOLUTE
    ../clib/signal.c                         0x00000000   Number         0  defsig_general.o ABSOLUTE
    ../clib/signal.c                         0x00000000   Number         0  defsig_abrt_inner.o ABSOLUTE
    ../clib/signal.c                         0x00000000   Number         0  defsig_fpe_inner.o ABSOLUTE
    ../clib/signal.c                         0x00000000   Number         0  defsig_rtred_inner.o ABSOLUTE
    ../clib/signal.c                         0x00000000   Number         0  defsig_stak_inner.o ABSOLUTE
    ../clib/signal.c                         0x00000000   Number         0  defsig_pvfn_inner.o ABSOLUTE
    ../clib/signal.c                         0x00000000   Number         0  defsig_cppl_inner.o ABSOLUTE
    ../clib/signal.c                         0x00000000   Number         0  defsig_segv_inner.o ABSOLUTE
    ../clib/signal.c                         0x00000000   Number         0  defsig_other.o ABSOLUTE
    ../clib/signal.s                         0x00000000   Number         0  defsig.o ABSOLUTE
    ../clib/stdlib.c                         0x00000000   Number         0  exit.o ABSOLUTE
    ../fplib/fpinit.s                        0x00000000   Number         0  fpinit.o ABSOLUTE
    CMSIS/GD/GD32E50x/Source/ARM/startup_gd32e50x_hd.s 0x00000000   Number         0  startup_gd32e50x_hd.o ABSOLUTE
    dc.s                                     0x00000000   Number         0  dc.o ABSOLUTE
    gd32e50x_adc.c                           0x00000000   Number         0  gd32e50x_adc.o ABSOLUTE
    gd32e50x_bkp.c                           0x00000000   Number         0  gd32e50x_bkp.o ABSOLUTE
    gd32e50x_can.c                           0x00000000   Number         0  gd32e50x_can.o ABSOLUTE
    gd32e50x_cmp.c                           0x00000000   Number         0  gd32e50x_cmp.o ABSOLUTE
    gd32e50x_crc.c                           0x00000000   Number         0  gd32e50x_crc.o ABSOLUTE
    gd32e50x_ctc.c                           0x00000000   Number         0  gd32e50x_ctc.o ABSOLUTE
    gd32e50x_dac.c                           0x00000000   Number         0  gd32e50x_dac.o ABSOLUTE
    gd32e50x_dbg.c                           0x00000000   Number         0  gd32e50x_dbg.o ABSOLUTE
    gd32e50x_dma.c                           0x00000000   Number         0  gd32e50x_dma.o ABSOLUTE
    gd32e50x_enet.c                          0x00000000   Number         0  gd32e50x_enet.o ABSOLUTE
    gd32e50x_exmc.c                          0x00000000   Number         0  gd32e50x_exmc.o ABSOLUTE
    gd32e50x_exti.c                          0x00000000   Number         0  gd32e50x_exti.o ABSOLUTE
    gd32e50x_fmc.c                           0x00000000   Number         0  gd32e50x_fmc.o ABSOLUTE
    gd32e50x_fwdgt.c                         0x00000000   Number         0  gd32e50x_fwdgt.o ABSOLUTE
    gd32e50x_gpio.c                          0x00000000   Number         0  gd32e50x_gpio.o ABSOLUTE
    gd32e50x_i2c.c                           0x00000000   Number         0  gd32e50x_i2c.o ABSOLUTE
    gd32e50x_it.c                            0x00000000   Number         0  gd32e50x_it.o ABSOLUTE
    gd32e50x_misc.c                          0x00000000   Number         0  gd32e50x_misc.o ABSOLUTE
    gd32e50x_pmu.c                           0x00000000   Number         0  gd32e50x_pmu.o ABSOLUTE
    gd32e50x_rcu.c                           0x00000000   Number         0  gd32e50x_rcu.o ABSOLUTE
    gd32e50x_rtc.c                           0x00000000   Number         0  gd32e50x_rtc.o ABSOLUTE
    gd32e50x_sdio.c                          0x00000000   Number         0  gd32e50x_sdio.o ABSOLUTE
    gd32e50x_shrtimer.c                      0x00000000   Number         0  gd32e50x_shrtimer.o ABSOLUTE
    gd32e50x_spi.c                           0x00000000   Number         0  gd32e50x_spi.o ABSOLUTE
    gd32e50x_sqpi.c                          0x00000000   Number         0  gd32e50x_sqpi.o ABSOLUTE
    gd32e50x_timer.c                         0x00000000   Number         0  gd32e50x_timer.o ABSOLUTE
    gd32e50x_tmu.c                           0x00000000   Number         0  gd32e50x_tmu.o ABSOLUTE
    gd32e50x_usart.c                         0x00000000   Number         0  gd32e50x_usart.o ABSOLUTE
    gd32e50x_wwdgt.c                         0x00000000   Number         0  gd32e50x_wwdgt.o ABSOLUTE
    main.c                                   0x00000000   Number         0  main.o ABSOLUTE
    mr_j2s_a_servo.c                         0x00000000   Number         0  mr_j2s_a_servo.o ABSOLUTE
    system_gd32e50x.c                        0x00000000   Number         0  system_gd32e50x.o ABSOLUTE
    systick.c                                0x00000000   Number         0  systick.o ABSOLUTE
    timer.c                                  0x00000000   Number         0  timer.o ABSOLUTE
    usart1_dma0.c                            0x00000000   Number         0  usart1_dma0.o ABSOLUTE
    RESET                                    0x08000000   Section      416  startup_gd32e50x_hd.o(RESET)
    !!!main                                  0x080001a0   Section        8  __main.o(!!!main)
    !!!scatter                               0x080001a8   Section       52  __scatter.o(!!!scatter)
    !!handler_copy                           0x080001dc   Section       26  __scatter_copy.o(!!handler_copy)
    !!handler_zi                             0x080001f8   Section       28  __scatter_zi.o(!!handler_zi)
    .ARM.Collect$$_printf_percent$$00000000  0x08000214   Section        0  _printf_percent.o(.ARM.Collect$$_printf_percent$$00000000)
    .ARM.Collect$$_printf_percent$$0000000C  0x08000214   Section        6  _printf_x.o(.ARM.Collect$$_printf_percent$$0000000C)
    .ARM.Collect$$_printf_percent$$00000013  0x0800021a   Section        6  _printf_c.o(.ARM.Collect$$_printf_percent$$00000013)
    .ARM.Collect$$_printf_percent$$00000017  0x08000220   Section        4  _printf_percent_end.o(.ARM.Collect$$_printf_percent$$00000017)
    .ARM.Collect$$libinit$$00000000          0x08000224   Section        2  libinit.o(.ARM.Collect$$libinit$$00000000)
    .ARM.Collect$$libinit$$00000001          0x08000226   Section        4  libinit2.o(.ARM.Collect$$libinit$$00000001)
    .ARM.Collect$$libinit$$00000004          0x0800022a   Section        0  libinit2.o(.ARM.Collect$$libinit$$00000004)
    .ARM.Collect$$libinit$$0000000A          0x0800022a   Section        0  libinit2.o(.ARM.Collect$$libinit$$0000000A)
    .ARM.Collect$$libinit$$0000000C          0x0800022a   Section        0  libinit2.o(.ARM.Collect$$libinit$$0000000C)
    .ARM.Collect$$libinit$$0000000E          0x0800022a   Section        0  libinit2.o(.ARM.Collect$$libinit$$0000000E)
    .ARM.Collect$$libinit$$00000011          0x0800022a   Section        0  libinit2.o(.ARM.Collect$$libinit$$00000011)
    .ARM.Collect$$libinit$$00000013          0x0800022a   Section        0  libinit2.o(.ARM.Collect$$libinit$$00000013)
    .ARM.Collect$$libinit$$00000015          0x0800022a   Section        0  libinit2.o(.ARM.Collect$$libinit$$00000015)
    .ARM.Collect$$libinit$$00000017          0x0800022a   Section        0  libinit2.o(.ARM.Collect$$libinit$$00000017)
    .ARM.Collect$$libinit$$00000019          0x0800022a   Section        0  libinit2.o(.ARM.Collect$$libinit$$00000019)
    .ARM.Collect$$libinit$$0000001B          0x0800022a   Section        0  libinit2.o(.ARM.Collect$$libinit$$0000001B)
    .ARM.Collect$$libinit$$0000001D          0x0800022a   Section        0  libinit2.o(.ARM.Collect$$libinit$$0000001D)
    .ARM.Collect$$libinit$$0000001F          0x0800022a   Section        0  libinit2.o(.ARM.Collect$$libinit$$0000001F)
    .ARM.Collect$$libinit$$00000021          0x0800022a   Section        0  libinit2.o(.ARM.Collect$$libinit$$00000021)
    .ARM.Collect$$libinit$$00000023          0x0800022a   Section        0  libinit2.o(.ARM.Collect$$libinit$$00000023)
    .ARM.Collect$$libinit$$00000025          0x0800022a   Section        0  libinit2.o(.ARM.Collect$$libinit$$00000025)
    .ARM.Collect$$libinit$$0000002C          0x0800022a   Section        0  libinit2.o(.ARM.Collect$$libinit$$0000002C)
    .ARM.Collect$$libinit$$0000002E          0x0800022a   Section        0  libinit2.o(.ARM.Collect$$libinit$$0000002E)
    .ARM.Collect$$libinit$$00000030          0x0800022a   Section        0  libinit2.o(.ARM.Collect$$libinit$$00000030)
    .ARM.Collect$$libinit$$00000032          0x0800022a   Section        0  libinit2.o(.ARM.Collect$$libinit$$00000032)
    .ARM.Collect$$libinit$$00000033          0x0800022a   Section        2  libinit2.o(.ARM.Collect$$libinit$$00000033)
    .ARM.Collect$$libshutdown$$00000000      0x0800022c   Section        2  libshutdown.o(.ARM.Collect$$libshutdown$$00000000)
    .ARM.Collect$$libshutdown$$00000002      0x0800022e   Section        0  libshutdown2.o(.ARM.Collect$$libshutdown$$00000002)
    .ARM.Collect$$libshutdown$$00000004      0x0800022e   Section        0  libshutdown2.o(.ARM.Collect$$libshutdown$$00000004)
    .ARM.Collect$$libshutdown$$00000007      0x0800022e   Section        0  libshutdown2.o(.ARM.Collect$$libshutdown$$00000007)
    .ARM.Collect$$libshutdown$$0000000A      0x0800022e   Section        0  libshutdown2.o(.ARM.Collect$$libshutdown$$0000000A)
    .ARM.Collect$$libshutdown$$0000000C      0x0800022e   Section        0  libshutdown2.o(.ARM.Collect$$libshutdown$$0000000C)
    .ARM.Collect$$libshutdown$$0000000F      0x0800022e   Section        0  libshutdown2.o(.ARM.Collect$$libshutdown$$0000000F)
    .ARM.Collect$$libshutdown$$00000010      0x0800022e   Section        2  libshutdown2.o(.ARM.Collect$$libshutdown$$00000010)
    .ARM.Collect$$rtentry$$00000000          0x08000230   Section        0  __rtentry.o(.ARM.Collect$$rtentry$$00000000)
    .ARM.Collect$$rtentry$$00000002          0x08000230   Section        0  __rtentry2.o(.ARM.Collect$$rtentry$$00000002)
    .ARM.Collect$$rtentry$$00000004          0x08000230   Section        6  __rtentry4.o(.ARM.Collect$$rtentry$$00000004)
    .ARM.Collect$$rtentry$$00000009          0x08000236   Section        0  __rtentry2.o(.ARM.Collect$$rtentry$$00000009)
    .ARM.Collect$$rtentry$$0000000A          0x08000236   Section        4  __rtentry2.o(.ARM.Collect$$rtentry$$0000000A)
    .ARM.Collect$$rtentry$$0000000C          0x0800023a   Section        0  __rtentry2.o(.ARM.Collect$$rtentry$$0000000C)
    .ARM.Collect$$rtentry$$0000000D          0x0800023a   Section        8  __rtentry2.o(.ARM.Collect$$rtentry$$0000000D)
    .ARM.Collect$$rtexit$$00000000           0x08000242   Section        2  rtexit.o(.ARM.Collect$$rtexit$$00000000)
    .ARM.Collect$$rtexit$$00000002           0x08000244   Section        0  rtexit2.o(.ARM.Collect$$rtexit$$00000002)
    .ARM.Collect$$rtexit$$00000003           0x08000244   Section        4  rtexit2.o(.ARM.Collect$$rtexit$$00000003)
    .ARM.Collect$$rtexit$$00000004           0x08000248   Section        6  rtexit2.o(.ARM.Collect$$rtexit$$00000004)
    $v0                                      0x08000250   Number         0  startup_gd32e50x_hd.o(.text)
    .text                                    0x08000250   Section       64  startup_gd32e50x_hd.o(.text)
    .text                                    0x08000290   Section        0  noretval__2sprintf.o(.text)
    .text                                    0x080002b8   Section        0  _printf_pad.o(.text)
    .text                                    0x08000306   Section        0  _printf_str.o(.text)
    .text                                    0x08000358   Section        0  _printf_hex_int.o(.text)
    .text                                    0x080003b0   Section        0  __printf_flags_wp.o(.text)
    .text                                    0x080004e8   Section        0  heapauxi.o(.text)
    .text                                    0x080004ee   Section        0  _printf_intcommon.o(.text)
    _printf_input_char                       0x080005a1   Thumb Code    10  _printf_char_common.o(.text)
    .text                                    0x080005a0   Section        0  _printf_char_common.o(.text)
    .text                                    0x080005d0   Section        0  _sputc.o(.text)
    .text                                    0x080005da   Section        0  _printf_char.o(.text)
    .text                                    0x08000606   Section       74  sys_stackheap_outer.o(.text)
    .text                                    0x08000650   Section        0  exit.o(.text)
    .text                                    0x08000664   Section        8  libspace.o(.text)
    .text                                    0x0800066c   Section        0  sys_exit.o(.text)
    .text                                    0x08000678   Section        2  use_no_semi.o(.text)
    .text                                    0x0800067a   Section        0  indicate_semi.o(.text)
    [Anonymous Symbol]                       0x0800067c   Section        0  gd32e50x_it.o(.text.BusFault_Handler)
    [Anonymous Symbol]                       0x08000680   Section        0  gd32e50x_it.o(.text.DMA0_Channel5_IRQHandler)
    [Anonymous Symbol]                       0x08000818   Section        0  gd32e50x_it.o(.text.DMA0_Channel6_IRQHandler)
    [Anonymous Symbol]                       0x0800083c   Section        0  gd32e50x_it.o(.text.DebugMon_Handler)
    [Anonymous Symbol]                       0x08000840   Section        0  gd32e50x_it.o(.text.HardFault_Handler)
    [Anonymous Symbol]                       0x08000844   Section        0  gd32e50x_it.o(.text.MemManage_Handler)
    [Anonymous Symbol]                       0x08000848   Section        0  gd32e50x_it.o(.text.NMI_Handler)
    [Anonymous Symbol]                       0x0800084c   Section        0  gd32e50x_it.o(.text.PendSV_Handler)
    [Anonymous Symbol]                       0x08000850   Section        0  gd32e50x_it.o(.text.SVC_Handler)
    SysTick_Config                           0x08000855   Thumb Code    42  systick.o(.text.SysTick_Config)
    [Anonymous Symbol]                       0x08000854   Section        0  systick.o(.text.SysTick_Config)
    [Anonymous Symbol]                       0x08000880   Section        0  gd32e50x_it.o(.text.SysTick_Handler)
    [Anonymous Symbol]                       0x08000888   Section        0  system_gd32e50x.o(.text.SystemInit)
    [Anonymous Symbol]                       0x08000930   Section        0  gd32e50x_it.o(.text.TIMER2_IRQHandler)
    [Anonymous Symbol]                       0x08000978   Section        0  gd32e50x_it.o(.text.UsageFault_Handler)
    __NVIC_DisableIRQ                        0x0800097d   Thumb Code    40  gd32e50x_misc.o(.text.__NVIC_DisableIRQ)
    [Anonymous Symbol]                       0x0800097c   Section        0  gd32e50x_misc.o(.text.__NVIC_DisableIRQ)
    __NVIC_SetPriority                       0x080009a5   Thumb Code    14  systick.o(.text.__NVIC_SetPriority)
    [Anonymous Symbol]                       0x080009a4   Section        0  systick.o(.text.__NVIC_SetPriority)
    [Anonymous Symbol]                       0x080009b4   Section        0  systick.o(.text.delay_1ms)
    [Anonymous Symbol]                       0x080009c8   Section        0  systick.o(.text.delay_decrement)
    [Anonymous Symbol]                       0x080009e0   Section        0  gd32e50x_dma.o(.text.dma_channel_disable)
    [Anonymous Symbol]                       0x08000a04   Section        0  gd32e50x_dma.o(.text.dma_channel_enable)
    [Anonymous Symbol]                       0x08000a28   Section        0  gd32e50x_dma.o(.text.dma_circulation_disable)
    [Anonymous Symbol]                       0x08000a4c   Section        0  gd32e50x_dma.o(.text.dma_deinit)
    [Anonymous Symbol]                       0x08000a88   Section        0  gd32e50x_dma.o(.text.dma_flag_clear)
    [Anonymous Symbol]                       0x08000aa8   Section        0  gd32e50x_dma.o(.text.dma_init)
    [Anonymous Symbol]                       0x08000b1c   Section        0  gd32e50x_dma.o(.text.dma_interrupt_enable)
    [Anonymous Symbol]                       0x08000b40   Section        0  gd32e50x_dma.o(.text.dma_interrupt_flag_clear)
    [Anonymous Symbol]                       0x08000b60   Section        0  gd32e50x_dma.o(.text.dma_interrupt_flag_get)
    [Anonymous Symbol]                       0x08000bac   Section        0  gd32e50x_dma.o(.text.dma_memory_address_config)
    [Anonymous Symbol]                       0x08000bcc   Section        0  gd32e50x_dma.o(.text.dma_memory_to_memory_disable)
    [Anonymous Symbol]                       0x08000bf0   Section        0  usart1_dma0.o(.text.dma_nvic_config)
    dma_periph_and_channel_check             0x08000c09   Thumb Code    26  gd32e50x_dma.o(.text.dma_periph_and_channel_check)
    [Anonymous Symbol]                       0x08000c08   Section        0  gd32e50x_dma.o(.text.dma_periph_and_channel_check)
    [Anonymous Symbol]                       0x08000c24   Section        0  gd32e50x_dma.o(.text.dma_transfer_number_config)
    [Anonymous Symbol]                       0x08000c44   Section        0  gd32e50x_gpio.o(.text.gpio_bit_reset)
    [Anonymous Symbol]                       0x08000c48   Section        0  gd32e50x_gpio.o(.text.gpio_bit_set)
    [Anonymous Symbol]                       0x08000c4c   Section        0  gd32e50x_gpio.o(.text.gpio_init)
    [Anonymous Symbol]                       0x08000d04   Section        0  gd32e50x_gpio.o(.text.gpio_input_bit_get)
    [Anonymous Symbol]                       0x08000d10   Section        0  main.o(.text.main)
    [Anonymous Symbol]                       0x08000e70   Section        0  gd32e50x_misc.o(.text.nvic_irq_disable)
    [Anonymous Symbol]                       0x08000e7c   Section        0  gd32e50x_misc.o(.text.nvic_irq_enable)
    [Anonymous Symbol]                       0x08000f20   Section        0  gd32e50x_misc.o(.text.nvic_priority_group_set)
    [Anonymous Symbol]                       0x08000f34   Section        0  gd32e50x_misc.o(.text.nvic_vector_table_set)
    [Anonymous Symbol]                       0x08000f50   Section        0  gd32e50x_rcu.o(.text.rcu_clock_freq_get)
    [Anonymous Symbol]                       0x08001070   Section        0  gd32e50x_rcu.o(.text.rcu_periph_clock_enable)
    [Anonymous Symbol]                       0x08001090   Section        0  gd32e50x_rcu.o(.text.rcu_periph_reset_disable)
    [Anonymous Symbol]                       0x080010b0   Section        0  gd32e50x_rcu.o(.text.rcu_periph_reset_enable)
    [Anonymous Symbol]                       0x080010d0   Section        0  mr_j2s_a_servo.o(.text.servo_handle_error)
    [Anonymous Symbol]                       0x080010f4   Section        0  mr_j2s_a_servo.o(.text.servo_init)
    [Anonymous Symbol]                       0x08001148   Section        0  mr_j2s_a_servo.o(.text.servo_jog_mode_direct_rotation)
    [Anonymous Symbol]                       0x080011d4   Section        0  mr_j2s_a_servo.o(.text.servo_jog_mode_off)
    [Anonymous Symbol]                       0x08001260   Section        0  mr_j2s_a_servo.o(.text.servo_jog_mode_on)
    [Anonymous Symbol]                       0x080012dc   Section        0  mr_j2s_a_servo.o(.text.servo_jog_mode_revers_rotation)
    [Anonymous Symbol]                       0x08001368   Section        0  mr_j2s_a_servo.o(.text.servo_jog_mode_stop_rotation)
    [Anonymous Symbol]                       0x080013c0   Section        0  mr_j2s_a_servo.o(.text.servo_positioning_mode_off)
    [Anonymous Symbol]                       0x08001438   Section        0  mr_j2s_a_servo.o(.text.servo_positioning_mode_on)
    [Anonymous Symbol]                       0x080014c8   Section        0  mr_j2s_a_servo.o(.text.servo_positioning_mode_path_length)
    [Anonymous Symbol]                       0x08001554   Section        0  mr_j2s_a_servo.o(.text.servo_send_read_command)
    [Anonymous Symbol]                       0x080015dc   Section        0  mr_j2s_a_servo.o(.text.servo_send_write_command4)
    [Anonymous Symbol]                       0x0800168c   Section        0  mr_j2s_a_servo.o(.text.servo_send_write_command8)
    [Anonymous Symbol]                       0x08001750   Section        0  mr_j2s_a_servo.o(.text.servo_set_acceleration_time)
    [Anonymous Symbol]                       0x0800175c   Section        0  mr_j2s_a_servo.o(.text.servo_set_freq)
    [Anonymous Symbol]                       0x08001768   Section        0  mr_j2s_a_servo.o(.text.servo_set_path_length)
    [Anonymous Symbol]                       0x08001774   Section        0  timer.o(.text.servo_timer_config)
    [Anonymous Symbol]                       0x080017b8   Section        0  timer.o(.text.servo_timer_disable)
    [Anonymous Symbol]                       0x080017d8   Section        0  timer.o(.text.servo_timer_enable)
    system_clock_180m_hxtal                  0x080017fd   Thumb Code   228  system_gd32e50x.o(.text.system_clock_180m_hxtal)
    [Anonymous Symbol]                       0x080017fc   Section        0  system_gd32e50x.o(.text.system_clock_180m_hxtal)
    system_clock_config                      0x080018e1   Thumb Code     8  system_gd32e50x.o(.text.system_clock_config)
    [Anonymous Symbol]                       0x080018e0   Section        0  system_gd32e50x.o(.text.system_clock_config)
    [Anonymous Symbol]                       0x080018e8   Section        0  systick.o(.text.systick_config)
    [Anonymous Symbol]                       0x08001914   Section        0  gd32e50x_timer.o(.text.timer_deinit)
    [Anonymous Symbol]                       0x08001a58   Section        0  gd32e50x_timer.o(.text.timer_disable)
    [Anonymous Symbol]                       0x08001a64   Section        0  gd32e50x_timer.o(.text.timer_enable)
    [Anonymous Symbol]                       0x08001a70   Section        0  gd32e50x_timer.o(.text.timer_init)
    [Anonymous Symbol]                       0x08001b34   Section        0  gd32e50x_timer.o(.text.timer_interrupt_disable)
    [Anonymous Symbol]                       0x08001b40   Section        0  gd32e50x_timer.o(.text.timer_interrupt_enable)
    [Anonymous Symbol]                       0x08001b48   Section        0  gd32e50x_timer.o(.text.timer_interrupt_flag_clear)
    [Anonymous Symbol]                       0x08001b50   Section        0  gd32e50x_timer.o(.text.timer_interrupt_flag_get)
    [Anonymous Symbol]                       0x08001b68   Section        0  gd32e50x_timer.o(.text.timer_struct_para_init)
    [Anonymous Symbol]                       0x08001b7c   Section        0  usart1_dma0.o(.text.usart1_dma0_rxdata)
    [Anonymous Symbol]                       0x08001bac   Section        0  usart1_dma0.o(.text.usart1_dma0_rxinit)
    [Anonymous Symbol]                       0x08001c24   Section        0  usart1_dma0.o(.text.usart1_dma0_send)
    [Anonymous Symbol]                       0x08001c60   Section        0  usart1_dma0.o(.text.usart1_dma0_txinit)
    [Anonymous Symbol]                       0x08001cd0   Section        0  usart1_dma0.o(.text.usart1_init)
    [Anonymous Symbol]                       0x08001d4c   Section        0  gd32e50x_usart.o(.text.usart_baudrate_set)
    [Anonymous Symbol]                       0x08001e1c   Section        0  gd32e50x_usart.o(.text.usart_deinit)
    [Anonymous Symbol]                       0x08001ea4   Section        0  gd32e50x_usart.o(.text.usart_dma_receive_config)
    [Anonymous Symbol]                       0x08001ecc   Section        0  gd32e50x_usart.o(.text.usart_dma_transmit_config)
    [Anonymous Symbol]                       0x08001ef4   Section        0  gd32e50x_usart.o(.text.usart_enable)
    [Anonymous Symbol]                       0x08001f14   Section        0  gd32e50x_usart.o(.text.usart_parity_config)
    [Anonymous Symbol]                       0x08001f50   Section        0  gd32e50x_usart.o(.text.usart_receive_config)
    [Anonymous Symbol]                       0x08001f74   Section        0  gd32e50x_usart.o(.text.usart_stop_bit_set)
    [Anonymous Symbol]                       0x08001fa4   Section        0  gd32e50x_usart.o(.text.usart_transmit_config)
    [Anonymous Symbol]                       0x08001fc8   Section        0  gd32e50x_usart.o(.text.usart_word_length_set)
    i._is_digit                              0x08002004   Section        0  __printf_wp.o(i._is_digit)
    $v0                                      0x08002012   Number         0  fpinit.o(x$fpl$fpinit)
    x$fpl$fpinit                             0x08002012   Section       26  fpinit.o(x$fpl$fpinit)
    uc_hextab                                0x0800202c   Data          20  _printf_hex_int.o(.constdata)
    .constdata                               0x0800202c   Section       40  _printf_hex_int.o(.constdata)
    lc_hextab                                0x08002040   Data          20  _printf_hex_int.o(.constdata)
    maptable                                 0x08002054   Data          17  __printf_flags_wp.o(.constdata)
    .constdata                               0x08002054   Section       17  __printf_flags_wp.o(.constdata)
    .bss                                     0x20000030   Section       96  libspace.o(.bss)
    delay                                    0x20000090   Data           4  systick.o(.bss.delay)
    [Anonymous Symbol]                       0x20000090   Section        0  systick.o(.bss.delay)
    Heap_Mem                                 0x20000148   Data        1024  startup_gd32e50x_hd.o(HEAP)
    HEAP                                     0x20000148   Section     1024  startup_gd32e50x_hd.o(HEAP)
    Stack_Mem                                0x20000548   Data        1024  startup_gd32e50x_hd.o(STACK)
    STACK                                    0x20000548   Section     1024  startup_gd32e50x_hd.o(STACK)
    __initial_sp                             0x20000948   Data           0  startup_gd32e50x_hd.o(STACK)

    Global Symbols

    Symbol Name                              Value     Ov Type        Size  Object(Section)

    BuildAttributes$$THM_ISAv4$E$P$D$K$B$S$7EM$8M$VFPi5$EXTD16$VFPS$VFMA$PE$A:L22UL41UL21$X:L11$S22US41US21$IEEE1$IW$~IW$USESV6$~STKCKD$USESV7$~SHL$OTIME$ROPI$EBA8$UX$STANDARDLIB$REQ8$PRES8$EABIv2 0x00000000   Number         0  anon$$obj.o ABSOLUTE
    _printf_flags                            0x00000000   Number         0  printf_stubs.o ABSOLUTE
    _printf_return_value                     0x00000000   Number         0  printf_stubs.o ABSOLUTE
    _printf_sizespec                         0x00000000   Number         0  printf_stubs.o ABSOLUTE
    _printf_widthprec                        0x00000000   Number         0  printf_stubs.o ABSOLUTE
    __ARM_exceptions_init                     - Undefined Weak Reference
    __alloca_initialize                       - Undefined Weak Reference
    __arm_preinit_                            - Undefined Weak Reference
    __cpp_initialize__aeabi_                  - Undefined Weak Reference
    __cxa_finalize                            - Undefined Weak Reference
    __rt_locale                               - Undefined Weak Reference
    __sigvec_lookup                           - Undefined Weak Reference
    _atexit_init                              - Undefined Weak Reference
    _call_atexit_fns                          - Undefined Weak Reference
    _clock_init                               - Undefined Weak Reference
    _fp_trap_init                             - Undefined Weak Reference
    _fp_trap_shutdown                         - Undefined Weak Reference
    _get_lc_collate                           - Undefined Weak Reference
    _get_lc_ctype                             - Undefined Weak Reference
    _get_lc_monetary                          - Undefined Weak Reference
    _get_lc_numeric                           - Undefined Weak Reference
    _get_lc_time                              - Undefined Weak Reference
    _getenv_init                              - Undefined Weak Reference
    _handle_redirection                       - Undefined Weak Reference
    _init_alloc                               - Undefined Weak Reference
    _init_user_alloc                          - Undefined Weak Reference
    _initio                                   - Undefined Weak Reference
    _printf_mbtowc                            - Undefined Weak Reference
    _printf_truncate_unsigned                 - Undefined Weak Reference
    _rand_init                                - Undefined Weak Reference
    _signal_finish                            - Undefined Weak Reference
    _signal_init                              - Undefined Weak Reference
    _terminate_alloc                          - Undefined Weak Reference
    _terminate_user_alloc                     - Undefined Weak Reference
    _terminateio                              - Undefined Weak Reference
    __Vectors_Size                           0x000001a0   Number         0  startup_gd32e50x_hd.o ABSOLUTE
    __Vectors                                0x08000000   Data           4  startup_gd32e50x_hd.o(RESET)
    __Vectors_End                            0x080001a0   Data           0  startup_gd32e50x_hd.o(RESET)
    __main                                   0x080001a1   Thumb Code     8  __main.o(!!!main)
    __scatterload                            0x080001a9   Thumb Code     0  __scatter.o(!!!scatter)
    __scatterload_rt2                        0x080001a9   Thumb Code    44  __scatter.o(!!!scatter)
    __scatterload_rt2_thumb_only             0x080001a9   Thumb Code     0  __scatter.o(!!!scatter)
    __scatterload_null                       0x080001b7   Thumb Code     0  __scatter.o(!!!scatter)
    __scatterload_copy                       0x080001dd   Thumb Code    26  __scatter_copy.o(!!handler_copy)
    __scatterload_zeroinit                   0x080001f9   Thumb Code    28  __scatter_zi.o(!!handler_zi)
    _printf_percent                          0x08000215   Thumb Code     0  _printf_percent.o(.ARM.Collect$$_printf_percent$$00000000)
    _printf_x                                0x08000215   Thumb Code     0  _printf_x.o(.ARM.Collect$$_printf_percent$$0000000C)
    _printf_c                                0x0800021b   Thumb Code     0  _printf_c.o(.ARM.Collect$$_printf_percent$$00000013)
    _printf_percent_end                      0x08000221   Thumb Code     0  _printf_percent_end.o(.ARM.Collect$$_printf_percent$$00000017)
    __rt_lib_init                            0x08000225   Thumb Code     0  libinit.o(.ARM.Collect$$libinit$$00000000)
    __rt_lib_init_fp_1                       0x08000227   Thumb Code     0  libinit2.o(.ARM.Collect$$libinit$$00000001)
    __rt_lib_init_alloca_1                   0x0800022b   Thumb Code     0  libinit2.o(.ARM.Collect$$libinit$$0000002E)
    __rt_lib_init_argv_1                     0x0800022b   Thumb Code     0  libinit2.o(.ARM.Collect$$libinit$$0000002C)
    __rt_lib_init_atexit_1                   0x0800022b   Thumb Code     0  libinit2.o(.ARM.Collect$$libinit$$0000001B)
    __rt_lib_init_clock_1                    0x0800022b   Thumb Code     0  libinit2.o(.ARM.Collect$$libinit$$00000021)
    __rt_lib_init_cpp_1                      0x0800022b   Thumb Code     0  libinit2.o(.ARM.Collect$$libinit$$00000032)
    __rt_lib_init_exceptions_1               0x0800022b   Thumb Code     0  libinit2.o(.ARM.Collect$$libinit$$00000030)
    __rt_lib_init_fp_trap_1                  0x0800022b   Thumb Code     0  libinit2.o(.ARM.Collect$$libinit$$0000001F)
    __rt_lib_init_getenv_1                   0x0800022b   Thumb Code     0  libinit2.o(.ARM.Collect$$libinit$$00000023)
    __rt_lib_init_heap_1                     0x0800022b   Thumb Code     0  libinit2.o(.ARM.Collect$$libinit$$0000000A)
    __rt_lib_init_lc_collate_1               0x0800022b   Thumb Code     0  libinit2.o(.ARM.Collect$$libinit$$00000011)
    __rt_lib_init_lc_ctype_1                 0x0800022b   Thumb Code     0  libinit2.o(.ARM.Collect$$libinit$$00000013)
    __rt_lib_init_lc_monetary_1              0x0800022b   Thumb Code     0  libinit2.o(.ARM.Collect$$libinit$$00000015)
    __rt_lib_init_lc_numeric_1               0x0800022b   Thumb Code     0  libinit2.o(.ARM.Collect$$libinit$$00000017)
    __rt_lib_init_lc_time_1                  0x0800022b   Thumb Code     0  libinit2.o(.ARM.Collect$$libinit$$00000019)
    __rt_lib_init_preinit_1                  0x0800022b   Thumb Code     0  libinit2.o(.ARM.Collect$$libinit$$00000004)
    __rt_lib_init_rand_1                     0x0800022b   Thumb Code     0  libinit2.o(.ARM.Collect$$libinit$$0000000E)
    __rt_lib_init_return                     0x0800022b   Thumb Code     0  libinit2.o(.ARM.Collect$$libinit$$00000033)
    __rt_lib_init_signal_1                   0x0800022b   Thumb Code     0  libinit2.o(.ARM.Collect$$libinit$$0000001D)
    __rt_lib_init_stdio_1                    0x0800022b   Thumb Code     0  libinit2.o(.ARM.Collect$$libinit$$00000025)
    __rt_lib_init_user_alloc_1               0x0800022b   Thumb Code     0  libinit2.o(.ARM.Collect$$libinit$$0000000C)
    __rt_lib_shutdown                        0x0800022d   Thumb Code     0  libshutdown.o(.ARM.Collect$$libshutdown$$00000000)
    __rt_lib_shutdown_cpp_1                  0x0800022f   Thumb Code     0  libshutdown2.o(.ARM.Collect$$libshutdown$$00000002)
    __rt_lib_shutdown_fp_trap_1              0x0800022f   Thumb Code     0  libshutdown2.o(.ARM.Collect$$libshutdown$$00000007)
    __rt_lib_shutdown_heap_1                 0x0800022f   Thumb Code     0  libshutdown2.o(.ARM.Collect$$libshutdown$$0000000F)
    __rt_lib_shutdown_return                 0x0800022f   Thumb Code     0  libshutdown2.o(.ARM.Collect$$libshutdown$$00000010)
    __rt_lib_shutdown_signal_1               0x0800022f   Thumb Code     0  libshutdown2.o(.ARM.Collect$$libshutdown$$0000000A)
    __rt_lib_shutdown_stdio_1                0x0800022f   Thumb Code     0  libshutdown2.o(.ARM.Collect$$libshutdown$$00000004)
    __rt_lib_shutdown_user_alloc_1           0x0800022f   Thumb Code     0  libshutdown2.o(.ARM.Collect$$libshutdown$$0000000C)
    __rt_entry                               0x08000231   Thumb Code     0  __rtentry.o(.ARM.Collect$$rtentry$$00000000)
    __rt_entry_presh_1                       0x08000231   Thumb Code     0  __rtentry2.o(.ARM.Collect$$rtentry$$00000002)
    __rt_entry_sh                            0x08000231   Thumb Code     0  __rtentry4.o(.ARM.Collect$$rtentry$$00000004)
    __rt_entry_li                            0x08000237   Thumb Code     0  __rtentry2.o(.ARM.Collect$$rtentry$$0000000A)
    __rt_entry_postsh_1                      0x08000237   Thumb Code     0  __rtentry2.o(.ARM.Collect$$rtentry$$00000009)
    __rt_entry_main                          0x0800023b   Thumb Code     0  __rtentry2.o(.ARM.Collect$$rtentry$$0000000D)
    __rt_entry_postli_1                      0x0800023b   Thumb Code     0  __rtentry2.o(.ARM.Collect$$rtentry$$0000000C)
    __rt_exit                                0x08000243   Thumb Code     0  rtexit.o(.ARM.Collect$$rtexit$$00000000)
    __rt_exit_ls                             0x08000245   Thumb Code     0  rtexit2.o(.ARM.Collect$$rtexit$$00000003)
    __rt_exit_prels_1                        0x08000245   Thumb Code     0  rtexit2.o(.ARM.Collect$$rtexit$$00000002)
    __rt_exit_exit                           0x08000249   Thumb Code     0  rtexit2.o(.ARM.Collect$$rtexit$$00000004)
    Reset_Handler                            0x08000251   Thumb Code     8  startup_gd32e50x_hd.o(.text)
    ADC0_1_IRQHandler                        0x0800026b   Thumb Code     0  startup_gd32e50x_hd.o(.text)
    ADC2_IRQHandler                          0x0800026b   Thumb Code     0  startup_gd32e50x_hd.o(.text)
    CAN0_EWMC_IRQHandler                     0x0800026b   Thumb Code     0  startup_gd32e50x_hd.o(.text)
    CAN0_RX1_IRQHandler                      0x0800026b   Thumb Code     0  startup_gd32e50x_hd.o(.text)
    CAN1_EWMC_IRQHandler                     0x0800026b   Thumb Code     0  startup_gd32e50x_hd.o(.text)
    CAN1_RX0_IRQHandler                      0x0800026b   Thumb Code     0  startup_gd32e50x_hd.o(.text)
    CAN1_RX1_IRQHandler                      0x0800026b   Thumb Code     0  startup_gd32e50x_hd.o(.text)
    CAN1_TX_IRQHandler                       0x0800026b   Thumb Code     0  startup_gd32e50x_hd.o(.text)
    DMA0_Channel0_IRQHandler                 0x0800026b   Thumb Code     0  startup_gd32e50x_hd.o(.text)
    DMA0_Channel1_IRQHandler                 0x0800026b   Thumb Code     0  startup_gd32e50x_hd.o(.text)
    DMA0_Channel2_IRQHandler                 0x0800026b   Thumb Code     0  startup_gd32e50x_hd.o(.text)
    DMA0_Channel3_IRQHandler                 0x0800026b   Thumb Code     0  startup_gd32e50x_hd.o(.text)
    DMA0_Channel4_IRQHandler                 0x0800026b   Thumb Code     0  startup_gd32e50x_hd.o(.text)
    DMA1_Channel0_IRQHandler                 0x0800026b   Thumb Code     0  startup_gd32e50x_hd.o(.text)
    DMA1_Channel1_IRQHandler                 0x0800026b   Thumb Code     0  startup_gd32e50x_hd.o(.text)
    DMA1_Channel2_IRQHandler                 0x0800026b   Thumb Code     0  startup_gd32e50x_hd.o(.text)
    DMA1_Channel3_4_IRQHandler               0x0800026b   Thumb Code     0  startup_gd32e50x_hd.o(.text)
    EXMC_IRQHandler                          0x0800026b   Thumb Code     0  startup_gd32e50x_hd.o(.text)
    EXTI0_IRQHandler                         0x0800026b   Thumb Code     0  startup_gd32e50x_hd.o(.text)
    EXTI10_15_IRQHandler                     0x0800026b   Thumb Code     0  startup_gd32e50x_hd.o(.text)
    EXTI1_IRQHandler                         0x0800026b   Thumb Code     0  startup_gd32e50x_hd.o(.text)
    EXTI2_IRQHandler                         0x0800026b   Thumb Code     0  startup_gd32e50x_hd.o(.text)
    EXTI3_IRQHandler                         0x0800026b   Thumb Code     0  startup_gd32e50x_hd.o(.text)
    EXTI4_IRQHandler                         0x0800026b   Thumb Code     0  startup_gd32e50x_hd.o(.text)
    EXTI5_9_IRQHandler                       0x0800026b   Thumb Code     0  startup_gd32e50x_hd.o(.text)
    FMC_IRQHandler                           0x0800026b   Thumb Code     0  startup_gd32e50x_hd.o(.text)
    I2C0_ER_IRQHandler                       0x0800026b   Thumb Code     0  startup_gd32e50x_hd.o(.text)
    I2C0_EV_IRQHandler                       0x0800026b   Thumb Code     0  startup_gd32e50x_hd.o(.text)
    I2C1_ER_IRQHandler                       0x0800026b   Thumb Code     0  startup_gd32e50x_hd.o(.text)
    I2C1_EV_IRQHandler                       0x0800026b   Thumb Code     0  startup_gd32e50x_hd.o(.text)
    I2C2_ER_IRQHandler                       0x0800026b   Thumb Code     0  startup_gd32e50x_hd.o(.text)
    I2C2_EV_IRQHandler                       0x0800026b   Thumb Code     0  startup_gd32e50x_hd.o(.text)
    I2C2_WKUP_IRQHandler                     0x0800026b   Thumb Code     0  startup_gd32e50x_hd.o(.text)
    LVD_IRQHandler                           0x0800026b   Thumb Code     0  startup_gd32e50x_hd.o(.text)
    RCU_CTC_IRQHandler                       0x0800026b   Thumb Code     0  startup_gd32e50x_hd.o(.text)
    RTC_Alarm_IRQHandler                     0x0800026b   Thumb Code     0  startup_gd32e50x_hd.o(.text)
    RTC_IRQHandler                           0x0800026b   Thumb Code     0  startup_gd32e50x_hd.o(.text)
    SDIO_IRQHandler                          0x0800026b   Thumb Code     0  startup_gd32e50x_hd.o(.text)
    SHRTIMER_IRQ0_IRQHandler                 0x0800026b   Thumb Code     0  startup_gd32e50x_hd.o(.text)
    SHRTIMER_IRQ1_IRQHandler                 0x0800026b   Thumb Code     0  startup_gd32e50x_hd.o(.text)
    SHRTIMER_IRQ2_IRQHandler                 0x0800026b   Thumb Code     0  startup_gd32e50x_hd.o(.text)
    SHRTIMER_IRQ3_IRQHandler                 0x0800026b   Thumb Code     0  startup_gd32e50x_hd.o(.text)
    SHRTIMER_IRQ4_IRQHandler                 0x0800026b   Thumb Code     0  startup_gd32e50x_hd.o(.text)
    SHRTIMER_IRQ5_IRQHandler                 0x0800026b   Thumb Code     0  startup_gd32e50x_hd.o(.text)
    SHRTIMER_IRQ6_IRQHandler                 0x0800026b   Thumb Code     0  startup_gd32e50x_hd.o(.text)
    SPI0_IRQHandler                          0x0800026b   Thumb Code     0  startup_gd32e50x_hd.o(.text)
    SPI1_I2S1ADD_IRQHandler                  0x0800026b   Thumb Code     0  startup_gd32e50x_hd.o(.text)
    SPI2_I2S2ADD_IRQHandler                  0x0800026b   Thumb Code     0  startup_gd32e50x_hd.o(.text)
    TAMPER_IRQHandler                        0x0800026b   Thumb Code     0  startup_gd32e50x_hd.o(.text)
    TIMER0_BRK_TIMER8_IRQHandler             0x0800026b   Thumb Code     0  startup_gd32e50x_hd.o(.text)
    TIMER0_Channel_IRQHandler                0x0800026b   Thumb Code     0  startup_gd32e50x_hd.o(.text)
    TIMER0_TRG_CMT_TIMER10_IRQHandler        0x0800026b   Thumb Code     0  startup_gd32e50x_hd.o(.text)
    TIMER0_UP_TIMER9_IRQHandler              0x0800026b   Thumb Code     0  startup_gd32e50x_hd.o(.text)
    TIMER1_IRQHandler                        0x0800026b   Thumb Code     0  startup_gd32e50x_hd.o(.text)
    TIMER3_IRQHandler                        0x0800026b   Thumb Code     0  startup_gd32e50x_hd.o(.text)
    TIMER4_IRQHandler                        0x0800026b   Thumb Code     0  startup_gd32e50x_hd.o(.text)
    TIMER5_DAC_IRQHandler                    0x0800026b   Thumb Code     0  startup_gd32e50x_hd.o(.text)
    TIMER6_IRQHandler                        0x0800026b   Thumb Code     0  startup_gd32e50x_hd.o(.text)
    TIMER7_BRK_TIMER11_IRQHandler            0x0800026b   Thumb Code     0  startup_gd32e50x_hd.o(.text)
    TIMER7_Channel_IRQHandler                0x0800026b   Thumb Code     0  startup_gd32e50x_hd.o(.text)
    TIMER7_TRG_CMT_TIMER13_IRQHandler        0x0800026b   Thumb Code     0  startup_gd32e50x_hd.o(.text)
    TIMER7_UP_TIMER12_IRQHandler             0x0800026b   Thumb Code     0  startup_gd32e50x_hd.o(.text)
    UART3_IRQHandler                         0x0800026b   Thumb Code     0  startup_gd32e50x_hd.o(.text)
    UART4_IRQHandler                         0x0800026b   Thumb Code     0  startup_gd32e50x_hd.o(.text)
    USART0_IRQHandler                        0x0800026b   Thumb Code     0  startup_gd32e50x_hd.o(.text)
    USART1_IRQHandler                        0x0800026b   Thumb Code     0  startup_gd32e50x_hd.o(.text)
    USART2_IRQHandler                        0x0800026b   Thumb Code     0  startup_gd32e50x_hd.o(.text)
    USART5_IRQHandler                        0x0800026b   Thumb Code     0  startup_gd32e50x_hd.o(.text)
    USART5_WKUP_IRQHandler                   0x0800026b   Thumb Code     0  startup_gd32e50x_hd.o(.text)
    USBD_HP_CAN0_TX_IRQHandler               0x0800026b   Thumb Code     0  startup_gd32e50x_hd.o(.text)
    USBD_LP_CAN0_RX0_IRQHandler              0x0800026b   Thumb Code     0  startup_gd32e50x_hd.o(.text)
    USBD_WKUP_IRQHandler                     0x0800026b   Thumb Code     0  startup_gd32e50x_hd.o(.text)
    WWDGT_IRQHandler                         0x0800026b   Thumb Code     0  startup_gd32e50x_hd.o(.text)
    __user_initial_stackheap                 0x0800026d   Thumb Code    10  startup_gd32e50x_hd.o(.text)
    __2sprintf                               0x08000291   Thumb Code    34  noretval__2sprintf.o(.text)
    _printf_pre_padding                      0x080002b9   Thumb Code    44  _printf_pad.o(.text)
    _printf_post_padding                     0x080002e5   Thumb Code    34  _printf_pad.o(.text)
    _printf_str                              0x08000307   Thumb Code    82  _printf_str.o(.text)
    _printf_int_hex                          0x08000359   Thumb Code    84  _printf_hex_int.o(.text)
    _printf_longlong_hex                     0x08000359   Thumb Code     0  _printf_hex_int.o(.text)
    __printf                                 0x080003b1   Thumb Code   308  __printf_flags_wp.o(.text)
    __use_two_region_memory                  0x080004e9   Thumb Code     2  heapauxi.o(.text)
    __rt_heap_escrow$2region                 0x080004eb   Thumb Code     2  heapauxi.o(.text)
    __rt_heap_expand$2region                 0x080004ed   Thumb Code     2  heapauxi.o(.text)
    _printf_int_common                       0x080004ef   Thumb Code   178  _printf_intcommon.o(.text)
    _printf_char_common                      0x080005ab   Thumb Code    32  _printf_char_common.o(.text)
    _sputc                                   0x080005d1   Thumb Code    10  _sputc.o(.text)
    _printf_cs_common                        0x080005db   Thumb Code    20  _printf_char.o(.text)
    _printf_char                             0x080005ef   Thumb Code    16  _printf_char.o(.text)
    _printf_string                           0x080005ff   Thumb Code     8  _printf_char.o(.text)
    __user_setup_stackheap                   0x08000607   Thumb Code    74  sys_stackheap_outer.o(.text)
    exit                                     0x08000651   Thumb Code    18  exit.o(.text)
    __user_libspace                          0x08000665   Thumb Code     8  libspace.o(.text)
    __user_perproc_libspace                  0x08000665   Thumb Code     0  libspace.o(.text)
    __user_perthread_libspace                0x08000665   Thumb Code     0  libspace.o(.text)
    _sys_exit                                0x0800066d   Thumb Code     8  sys_exit.o(.text)
    __I$use$semihosting                      0x08000679   Thumb Code     0  use_no_semi.o(.text)
    __use_no_semihosting_swi                 0x08000679   Thumb Code     2  use_no_semi.o(.text)
    __semihosting_library_function           0x0800067b   Thumb Code     0  indicate_semi.o(.text)
    BusFault_Handler                         0x0800067d   Thumb Code     2  gd32e50x_it.o(.text.BusFault_Handler)
    DMA0_Channel5_IRQHandler                 0x08000681   Thumb Code   408  gd32e50x_it.o(.text.DMA0_Channel5_IRQHandler)
    DMA0_Channel6_IRQHandler                 0x08000819   Thumb Code    36  gd32e50x_it.o(.text.DMA0_Channel6_IRQHandler)
    DebugMon_Handler                         0x0800083d   Thumb Code     2  gd32e50x_it.o(.text.DebugMon_Handler)
    HardFault_Handler                        0x08000841   Thumb Code     2  gd32e50x_it.o(.text.HardFault_Handler)
    MemManage_Handler                        0x08000845   Thumb Code     2  gd32e50x_it.o(.text.MemManage_Handler)
    NMI_Handler                              0x08000849   Thumb Code     2  gd32e50x_it.o(.text.NMI_Handler)
    PendSV_Handler                           0x0800084d   Thumb Code     2  gd32e50x_it.o(.text.PendSV_Handler)
    SVC_Handler                              0x08000851   Thumb Code     2  gd32e50x_it.o(.text.SVC_Handler)
    SysTick_Handler                          0x08000881   Thumb Code     8  gd32e50x_it.o(.text.SysTick_Handler)
    SystemInit                               0x08000889   Thumb Code   166  system_gd32e50x.o(.text.SystemInit)
    TIMER2_IRQHandler                        0x08000931   Thumb Code    72  gd32e50x_it.o(.text.TIMER2_IRQHandler)
    UsageFault_Handler                       0x08000979   Thumb Code     2  gd32e50x_it.o(.text.UsageFault_Handler)
    delay_1ms                                0x080009b5   Thumb Code    20  systick.o(.text.delay_1ms)
    delay_decrement                          0x080009c9   Thumb Code    24  systick.o(.text.delay_decrement)
    dma_channel_disable                      0x080009e1   Thumb Code    34  gd32e50x_dma.o(.text.dma_channel_disable)
    dma_channel_enable                       0x08000a05   Thumb Code    34  gd32e50x_dma.o(.text.dma_channel_enable)
    dma_circulation_disable                  0x08000a29   Thumb Code    34  gd32e50x_dma.o(.text.dma_circulation_disable)
    dma_deinit                               0x08000a4d   Thumb Code    58  gd32e50x_dma.o(.text.dma_deinit)
    dma_flag_clear                           0x08000a89   Thumb Code    30  gd32e50x_dma.o(.text.dma_flag_clear)
    dma_init                                 0x08000aa9   Thumb Code   114  gd32e50x_dma.o(.text.dma_init)
    dma_interrupt_enable                     0x08000b1d   Thumb Code    34  gd32e50x_dma.o(.text.dma_interrupt_enable)
    dma_interrupt_flag_clear                 0x08000b41   Thumb Code    30  gd32e50x_dma.o(.text.dma_interrupt_flag_clear)
    dma_interrupt_flag_get                   0x08000b61   Thumb Code    74  gd32e50x_dma.o(.text.dma_interrupt_flag_get)
    dma_memory_address_config                0x08000bad   Thumb Code    30  gd32e50x_dma.o(.text.dma_memory_address_config)
    dma_memory_to_memory_disable             0x08000bcd   Thumb Code    34  gd32e50x_dma.o(.text.dma_memory_to_memory_disable)
    dma_nvic_config                          0x08000bf1   Thumb Code    24  usart1_dma0.o(.text.dma_nvic_config)
    dma_transfer_number_config               0x08000c25   Thumb Code    30  gd32e50x_dma.o(.text.dma_transfer_number_config)
    gpio_bit_reset                           0x08000c45   Thumb Code     4  gd32e50x_gpio.o(.text.gpio_bit_reset)
    gpio_bit_set                             0x08000c49   Thumb Code     4  gd32e50x_gpio.o(.text.gpio_bit_set)
    gpio_init                                0x08000c4d   Thumb Code   182  gd32e50x_gpio.o(.text.gpio_init)
    gpio_input_bit_get                       0x08000d05   Thumb Code    10  gd32e50x_gpio.o(.text.gpio_input_bit_get)
    main                                     0x08000d11   Thumb Code   350  main.o(.text.main)
    nvic_irq_disable                         0x08000e71   Thumb Code    10  gd32e50x_misc.o(.text.nvic_irq_disable)
    nvic_irq_enable                          0x08000e7d   Thumb Code   162  gd32e50x_misc.o(.text.nvic_irq_enable)
    nvic_priority_group_set                  0x08000f21   Thumb Code    20  gd32e50x_misc.o(.text.nvic_priority_group_set)
    nvic_vector_table_set                    0x08000f35   Thumb Code    28  gd32e50x_misc.o(.text.nvic_vector_table_set)
    rcu_clock_freq_get                       0x08000f51   Thumb Code   264  gd32e50x_rcu.o(.text.rcu_clock_freq_get)
    rcu_periph_clock_enable                  0x08001071   Thumb Code    30  gd32e50x_rcu.o(.text.rcu_periph_clock_enable)
    rcu_periph_reset_disable                 0x08001091   Thumb Code    32  gd32e50x_rcu.o(.text.rcu_periph_reset_disable)
    rcu_periph_reset_enable                  0x080010b1   Thumb Code    30  gd32e50x_rcu.o(.text.rcu_periph_reset_enable)
    servo_handle_error                       0x080010d1   Thumb Code    34  mr_j2s_a_servo.o(.text.servo_handle_error)
    servo_init                               0x080010f5   Thumb Code    84  mr_j2s_a_servo.o(.text.servo_init)
    servo_jog_mode_direct_rotation           0x08001149   Thumb Code   138  mr_j2s_a_servo.o(.text.servo_jog_mode_direct_rotation)
    servo_jog_mode_off                       0x080011d5   Thumb Code   138  mr_j2s_a_servo.o(.text.servo_jog_mode_off)
    servo_jog_mode_on                        0x08001261   Thumb Code   124  mr_j2s_a_servo.o(.text.servo_jog_mode_on)
    servo_jog_mode_revers_rotation           0x080012dd   Thumb Code   138  mr_j2s_a_servo.o(.text.servo_jog_mode_revers_rotation)
    servo_jog_mode_stop_rotation             0x08001369   Thumb Code    86  mr_j2s_a_servo.o(.text.servo_jog_mode_stop_rotation)
    servo_positioning_mode_off               0x080013c1   Thumb Code   120  mr_j2s_a_servo.o(.text.servo_positioning_mode_off)
    servo_positioning_mode_on                0x08001439   Thumb Code   142  mr_j2s_a_servo.o(.text.servo_positioning_mode_on)
    servo_positioning_mode_path_length       0x080014c9   Thumb Code   138  mr_j2s_a_servo.o(.text.servo_positioning_mode_path_length)
    servo_send_read_command                  0x08001555   Thumb Code   112  mr_j2s_a_servo.o(.text.servo_send_read_command)
    servo_send_write_command4                0x080015dd   Thumb Code   148  mr_j2s_a_servo.o(.text.servo_send_write_command4)
    servo_send_write_command8                0x0800168d   Thumb Code   168  mr_j2s_a_servo.o(.text.servo_send_write_command8)
    servo_set_acceleration_time              0x08001751   Thumb Code    12  mr_j2s_a_servo.o(.text.servo_set_acceleration_time)
    servo_set_freq                           0x0800175d   Thumb Code    12  mr_j2s_a_servo.o(.text.servo_set_freq)
    servo_set_path_length                    0x08001769   Thumb Code    12  mr_j2s_a_servo.o(.text.servo_set_path_length)
    servo_timer_config                       0x08001775   Thumb Code    68  timer.o(.text.servo_timer_config)
    servo_timer_disable                      0x080017b9   Thumb Code    32  timer.o(.text.servo_timer_disable)
    servo_timer_enable                       0x080017d9   Thumb Code    36  timer.o(.text.servo_timer_enable)
    systick_config                           0x080018e9   Thumb Code    42  systick.o(.text.systick_config)
    timer_deinit                             0x08001915   Thumb Code   324  gd32e50x_timer.o(.text.timer_deinit)
    timer_disable                            0x08001a59   Thumb Code    10  gd32e50x_timer.o(.text.timer_disable)
    timer_enable                             0x08001a65   Thumb Code    10  gd32e50x_timer.o(.text.timer_enable)
    timer_init                               0x08001a71   Thumb Code   194  gd32e50x_timer.o(.text.timer_init)
    timer_interrupt_disable                  0x08001b35   Thumb Code    10  gd32e50x_timer.o(.text.timer_interrupt_disable)
    timer_interrupt_enable                   0x08001b41   Thumb Code     8  gd32e50x_timer.o(.text.timer_interrupt_enable)
    timer_interrupt_flag_clear               0x08001b49   Thumb Code     6  gd32e50x_timer.o(.text.timer_interrupt_flag_clear)
    timer_interrupt_flag_get                 0x08001b51   Thumb Code    22  gd32e50x_timer.o(.text.timer_interrupt_flag_get)
    timer_struct_para_init                   0x08001b69   Thumb Code    18  gd32e50x_timer.o(.text.timer_struct_para_init)
    usart1_dma0_rxdata                       0x08001b7d   Thumb Code    48  usart1_dma0.o(.text.usart1_dma0_rxdata)
    usart1_dma0_rxinit                       0x08001bad   Thumb Code   118  usart1_dma0.o(.text.usart1_dma0_rxinit)
    usart1_dma0_send                         0x08001c25   Thumb Code    60  usart1_dma0.o(.text.usart1_dma0_send)
    usart1_dma0_txinit                       0x08001c61   Thumb Code   110  usart1_dma0.o(.text.usart1_dma0_txinit)
    usart1_init                              0x08001cd1   Thumb Code   122  usart1_dma0.o(.text.usart1_init)
    usart_baudrate_set                       0x08001d4d   Thumb Code   206  gd32e50x_usart.o(.text.usart_baudrate_set)
    usart_deinit                             0x08001e1d   Thumb Code   136  gd32e50x_usart.o(.text.usart_deinit)
    usart_dma_receive_config                 0x08001ea5   Thumb Code    40  gd32e50x_usart.o(.text.usart_dma_receive_config)
    usart_dma_transmit_config                0x08001ecd   Thumb Code    40  gd32e50x_usart.o(.text.usart_dma_transmit_config)
    usart_enable                             0x08001ef5   Thumb Code    32  gd32e50x_usart.o(.text.usart_enable)
    usart_parity_config                      0x08001f15   Thumb Code    60  gd32e50x_usart.o(.text.usart_parity_config)
    usart_receive_config                     0x08001f51   Thumb Code    36  gd32e50x_usart.o(.text.usart_receive_config)
    usart_stop_bit_set                       0x08001f75   Thumb Code    48  gd32e50x_usart.o(.text.usart_stop_bit_set)
    usart_transmit_config                    0x08001fa5   Thumb Code    36  gd32e50x_usart.o(.text.usart_transmit_config)
    usart_word_length_set                    0x08001fc9   Thumb Code    60  gd32e50x_usart.o(.text.usart_word_length_set)
    _is_digit                                0x08002005   Thumb Code    14  __printf_wp.o(i._is_digit)
    _fp_init                                 0x08002013   Thumb Code    26  fpinit.o(x$fpl$fpinit)
    __fplib_config_fpu_vfp                   0x0800202b   Thumb Code     0  fpinit.o(x$fpl$fpinit)
    __fplib_config_pureend_doubles           0x0800202b   Thumb Code     0  fpinit.o(x$fpl$fpinit)
    Region$$Table$$Base                      0x08002068   Number         0  anon$$obj.o(Region$$Table)
    Region$$Table$$Limit                     0x08002088   Number         0  anon$$obj.o(Region$$Table)
    SystemCoreClock                          0x20000000   Data           4  system_gd32e50x.o(.data.SystemCoreClock)
    ascii                                    0x20000004   Data          16  mr_j2s_a_servo.o(.data.ascii)
    baudrate                                 0x20000014   Data          16  mr_j2s_a_servo.o(.data.baudrate)
    rx_size                                  0x20000024   Data           2  mr_j2s_a_servo.o(.data.rx_size)
    servo_acceleration_time                  0x20000028   Data           4  mr_j2s_a_servo.o(.data.servo_acceleration_time)
    servo_freq                               0x2000002c   Data           2  mr_j2s_a_servo.o(.data.servo_freq)
    tx_read_size                             0x2000002e   Data           2  mr_j2s_a_servo.o(.data.tx_read_size)
    __libspace_start                         0x20000030   Data          96  libspace.o(.bss)
    __temporary_stack_top$libspace           0x20000090   Data           0  libspace.o(.bss)
    jog_func                                 0x20000094   Data           1  mr_j2s_a_servo.o(.bss.jog_func)
    pos_func                                 0x20000095   Data           1  mr_j2s_a_servo.o(.bss.pos_func)
    pos_mode_path_length                     0x20000098   Data           4  mr_j2s_a_servo.o(.bss.pos_mode_path_length)
    rxbuffer                                 0x2000009c   Data          50  mr_j2s_a_servo.o(.bss.rxbuffer)
    servo_alarm                              0x200000ce   Data           1  mr_j2s_a_servo.o(.bss.servo_alarm)
    servo_curr_baudrate                      0x200000d0   Data           4  mr_j2s_a_servo.o(.bss.servo_curr_baudrate)
    servo_jog_functions_cnt                  0x200000d4   Data           7  mr_j2s_a_servo.o(.bss.servo_jog_functions_cnt)
    servo_mode                               0x200000db   Data           1  mr_j2s_a_servo.o(.bss.servo_mode)
    servo_pos_functions_cnt                  0x200000dc   Data           6  mr_j2s_a_servo.o(.bss.servo_pos_functions_cnt)
    tx_read_buffer                           0x200000e2   Data          50  mr_j2s_a_servo.o(.bss.tx_read_buffer)
    tx_write_buffer                          0x20000114   Data          50  mr_j2s_a_servo.o(.bss.tx_write_buffer)



==============================================================================

Memory Map of the image

  Image Entry point : 0x080001a1

  Load Region LR_IROM1 (Base: 0x08000000, Size: 0x000020b8, Max: 0x00080000, ABSOLUTE)

    Execution Region ER_IROM1 (Exec base: 0x08000000, Load base: 0x08000000, Size: 0x00002088, Max: 0x00080000, ABSOLUTE)

    Exec Addr    Load Addr    Size         Type   Attr      Idx    E Section Name        Object

    0x08000000   0x08000000   0x000001a0   Data   RO          183    RESET               startup_gd32e50x_hd.o
    0x080001a0   0x080001a0   0x00000008   Code   RO         2070  * !!!main             c_w.l(__main.o)
    0x080001a8   0x080001a8   0x00000034   Code   RO         2244    !!!scatter          c_w.l(__scatter.o)
    0x080001dc   0x080001dc   0x0000001a   Code   RO         2246    !!handler_copy      c_w.l(__scatter_copy.o)
    0x080001f6   0x080001f6   0x00000002   PAD
    0x080001f8   0x080001f8   0x0000001c   Code   RO         2248    !!handler_zi        c_w.l(__scatter_zi.o)
    0x08000214   0x08000214   0x00000000   Code   RO         2065    .ARM.Collect$$_printf_percent$$00000000  c_w.l(_printf_percent.o)
    0x08000214   0x08000214   0x00000006   Code   RO         2064    .ARM.Collect$$_printf_percent$$0000000C  c_w.l(_printf_x.o)
    0x0800021a   0x0800021a   0x00000006   Code   RO         2063    .ARM.Collect$$_printf_percent$$00000013  c_w.l(_printf_c.o)
    0x08000220   0x08000220   0x00000004   Code   RO         2081    .ARM.Collect$$_printf_percent$$00000017  c_w.l(_printf_percent_end.o)
    0x08000224   0x08000224   0x00000002   Code   RO         2108    .ARM.Collect$$libinit$$00000000  c_w.l(libinit.o)
    0x08000226   0x08000226   0x00000004   Code   RO         2114    .ARM.Collect$$libinit$$00000001  c_w.l(libinit2.o)
    0x0800022a   0x0800022a   0x00000000   Code   RO         2117    .ARM.Collect$$libinit$$00000004  c_w.l(libinit2.o)
    0x0800022a   0x0800022a   0x00000000   Code   RO         2120    .ARM.Collect$$libinit$$0000000A  c_w.l(libinit2.o)
    0x0800022a   0x0800022a   0x00000000   Code   RO         2122    .ARM.Collect$$libinit$$0000000C  c_w.l(libinit2.o)
    0x0800022a   0x0800022a   0x00000000   Code   RO         2124    .ARM.Collect$$libinit$$0000000E  c_w.l(libinit2.o)
    0x0800022a   0x0800022a   0x00000000   Code   RO         2127    .ARM.Collect$$libinit$$00000011  c_w.l(libinit2.o)
    0x0800022a   0x0800022a   0x00000000   Code   RO         2129    .ARM.Collect$$libinit$$00000013  c_w.l(libinit2.o)
    0x0800022a   0x0800022a   0x00000000   Code   RO         2131    .ARM.Collect$$libinit$$00000015  c_w.l(libinit2.o)
    0x0800022a   0x0800022a   0x00000000   Code   RO         2133    .ARM.Collect$$libinit$$00000017  c_w.l(libinit2.o)
    0x0800022a   0x0800022a   0x00000000   Code   RO         2135    .ARM.Collect$$libinit$$00000019  c_w.l(libinit2.o)
    0x0800022a   0x0800022a   0x00000000   Code   RO         2137    .ARM.Collect$$libinit$$0000001B  c_w.l(libinit2.o)
    0x0800022a   0x0800022a   0x00000000   Code   RO         2139    .ARM.Collect$$libinit$$0000001D  c_w.l(libinit2.o)
    0x0800022a   0x0800022a   0x00000000   Code   RO         2141    .ARM.Collect$$libinit$$0000001F  c_w.l(libinit2.o)
    0x0800022a   0x0800022a   0x00000000   Code   RO         2143    .ARM.Collect$$libinit$$00000021  c_w.l(libinit2.o)
    0x0800022a   0x0800022a   0x00000000   Code   RO         2145    .ARM.Collect$$libinit$$00000023  c_w.l(libinit2.o)
    0x0800022a   0x0800022a   0x00000000   Code   RO         2147    .ARM.Collect$$libinit$$00000025  c_w.l(libinit2.o)
    0x0800022a   0x0800022a   0x00000000   Code   RO         2151    .ARM.Collect$$libinit$$0000002C  c_w.l(libinit2.o)
    0x0800022a   0x0800022a   0x00000000   Code   RO         2153    .ARM.Collect$$libinit$$0000002E  c_w.l(libinit2.o)
    0x0800022a   0x0800022a   0x00000000   Code   RO         2155    .ARM.Collect$$libinit$$00000030  c_w.l(libinit2.o)
    0x0800022a   0x0800022a   0x00000000   Code   RO         2157    .ARM.Collect$$libinit$$00000032  c_w.l(libinit2.o)
    0x0800022a   0x0800022a   0x00000002   Code   RO         2158    .ARM.Collect$$libinit$$00000033  c_w.l(libinit2.o)
    0x0800022c   0x0800022c   0x00000002   Code   RO         2180    .ARM.Collect$$libshutdown$$00000000  c_w.l(libshutdown.o)
    0x0800022e   0x0800022e   0x00000000   Code   RO         2195    .ARM.Collect$$libshutdown$$00000002  c_w.l(libshutdown2.o)
    0x0800022e   0x0800022e   0x00000000   Code   RO         2197    .ARM.Collect$$libshutdown$$00000004  c_w.l(libshutdown2.o)
    0x0800022e   0x0800022e   0x00000000   Code   RO         2200    .ARM.Collect$$libshutdown$$00000007  c_w.l(libshutdown2.o)
    0x0800022e   0x0800022e   0x00000000   Code   RO         2203    .ARM.Collect$$libshutdown$$0000000A  c_w.l(libshutdown2.o)
    0x0800022e   0x0800022e   0x00000000   Code   RO         2205    .ARM.Collect$$libshutdown$$0000000C  c_w.l(libshutdown2.o)
    0x0800022e   0x0800022e   0x00000000   Code   RO         2208    .ARM.Collect$$libshutdown$$0000000F  c_w.l(libshutdown2.o)
    0x0800022e   0x0800022e   0x00000002   Code   RO         2209    .ARM.Collect$$libshutdown$$00000010  c_w.l(libshutdown2.o)
    0x08000230   0x08000230   0x00000000   Code   RO         2072    .ARM.Collect$$rtentry$$00000000  c_w.l(__rtentry.o)
    0x08000230   0x08000230   0x00000000   Code   RO         2083    .ARM.Collect$$rtentry$$00000002  c_w.l(__rtentry2.o)
    0x08000230   0x08000230   0x00000006   Code   RO         2095    .ARM.Collect$$rtentry$$00000004  c_w.l(__rtentry4.o)
    0x08000236   0x08000236   0x00000000   Code   RO         2085    .ARM.Collect$$rtentry$$00000009  c_w.l(__rtentry2.o)
    0x08000236   0x08000236   0x00000004   Code   RO         2086    .ARM.Collect$$rtentry$$0000000A  c_w.l(__rtentry2.o)
    0x0800023a   0x0800023a   0x00000000   Code   RO         2088    .ARM.Collect$$rtentry$$0000000C  c_w.l(__rtentry2.o)
    0x0800023a   0x0800023a   0x00000008   Code   RO         2089    .ARM.Collect$$rtentry$$0000000D  c_w.l(__rtentry2.o)
    0x08000242   0x08000242   0x00000002   Code   RO         2112    .ARM.Collect$$rtexit$$00000000  c_w.l(rtexit.o)
    0x08000244   0x08000244   0x00000000   Code   RO         2160    .ARM.Collect$$rtexit$$00000002  c_w.l(rtexit2.o)
    0x08000244   0x08000244   0x00000004   Code   RO         2161    .ARM.Collect$$rtexit$$00000003  c_w.l(rtexit2.o)
    0x08000248   0x08000248   0x00000006   Code   RO         2162    .ARM.Collect$$rtexit$$00000004  c_w.l(rtexit2.o)
    0x0800024e   0x0800024e   0x00000002   PAD
    0x08000250   0x08000250   0x00000040   Code   RO          184    .text               startup_gd32e50x_hd.o
    0x08000290   0x08000290   0x00000028   Code   RO         2014    .text               c_w.l(noretval__2sprintf.o)
    0x080002b8   0x080002b8   0x0000004e   Code   RO         2018    .text               c_w.l(_printf_pad.o)
    0x08000306   0x08000306   0x00000052   Code   RO         2020    .text               c_w.l(_printf_str.o)
    0x08000358   0x08000358   0x00000058   Code   RO         2025    .text               c_w.l(_printf_hex_int.o)
    0x080003b0   0x080003b0   0x00000138   Code   RO         2055    .text               c_w.l(__printf_flags_wp.o)
    0x080004e8   0x080004e8   0x00000006   Code   RO         2068    .text               c_w.l(heapauxi.o)
    0x080004ee   0x080004ee   0x000000b2   Code   RO         2073    .text               c_w.l(_printf_intcommon.o)
    0x080005a0   0x080005a0   0x00000030   Code   RO         2075    .text               c_w.l(_printf_char_common.o)
    0x080005d0   0x080005d0   0x0000000a   Code   RO         2077    .text               c_w.l(_sputc.o)
    0x080005da   0x080005da   0x0000002c   Code   RO         2079    .text               c_w.l(_printf_char.o)
    0x08000606   0x08000606   0x0000004a   Code   RO         2099    .text               c_w.l(sys_stackheap_outer.o)
    0x08000650   0x08000650   0x00000012   Code   RO         2101    .text               c_w.l(exit.o)
    0x08000662   0x08000662   0x00000002   PAD
    0x08000664   0x08000664   0x00000008   Code   RO         2109    .text               c_w.l(libspace.o)
    0x0800066c   0x0800066c   0x0000000c   Code   RO         2170    .text               c_w.l(sys_exit.o)
    0x08000678   0x08000678   0x00000002   Code   RO         2185    .text               c_w.l(use_no_semi.o)
    0x0800067a   0x0800067a   0x00000000   Code   RO         2187    .text               c_w.l(indicate_semi.o)
    0x0800067a   0x0800067a   0x00000002   PAD
    0x0800067c   0x0800067c   0x00000002   Code   RO            8    .text.BusFault_Handler  gd32e50x_it.o
    0x0800067e   0x0800067e   0x00000002   PAD
    0x08000680   0x08000680   0x00000198   Code   RO           22    .text.DMA0_Channel5_IRQHandler  gd32e50x_it.o
    0x08000818   0x08000818   0x00000024   Code   RO           20    .text.DMA0_Channel6_IRQHandler  gd32e50x_it.o
    0x0800083c   0x0800083c   0x00000002   Code   RO           14    .text.DebugMon_Handler  gd32e50x_it.o
    0x0800083e   0x0800083e   0x00000002   PAD
    0x08000840   0x08000840   0x00000002   Code   RO            4    .text.HardFault_Handler  gd32e50x_it.o
    0x08000842   0x08000842   0x00000002   PAD
    0x08000844   0x08000844   0x00000002   Code   RO            6    .text.MemManage_Handler  gd32e50x_it.o
    0x08000846   0x08000846   0x00000002   PAD
    0x08000848   0x08000848   0x00000002   Code   RO            2    .text.NMI_Handler   gd32e50x_it.o
    0x0800084a   0x0800084a   0x00000002   PAD
    0x0800084c   0x0800084c   0x00000002   Code   RO           16    .text.PendSV_Handler  gd32e50x_it.o
    0x0800084e   0x0800084e   0x00000002   PAD
    0x08000850   0x08000850   0x00000002   Code   RO           12    .text.SVC_Handler   gd32e50x_it.o
    0x08000852   0x08000852   0x00000002   PAD
    0x08000854   0x08000854   0x0000002a   Code   RO          114    .text.SysTick_Config  systick.o
    0x0800087e   0x0800087e   0x00000002   PAD
    0x08000880   0x08000880   0x00000008   Code   RO           18    .text.SysTick_Handler  gd32e50x_it.o
    0x08000888   0x08000888   0x000000a6   Code   RO          165    .text.SystemInit    system_gd32e50x.o
    0x0800092e   0x0800092e   0x00000002   PAD
    0x08000930   0x08000930   0x00000048   Code   RO           24    .text.TIMER2_IRQHandler  gd32e50x_it.o
    0x08000978   0x08000978   0x00000002   Code   RO           10    .text.UsageFault_Handler  gd32e50x_it.o
    0x0800097a   0x0800097a   0x00000002   PAD
    0x0800097c   0x0800097c   0x00000028   Code   RO         1344    .text.__NVIC_DisableIRQ  gd32e50x_misc.o
    0x080009a4   0x080009a4   0x0000000e   Code   RO          116    .text.__NVIC_SetPriority  systick.o
    0x080009b2   0x080009b2   0x00000002   PAD
    0x080009b4   0x080009b4   0x00000014   Code   RO          118    .text.delay_1ms     systick.o
    0x080009c8   0x080009c8   0x00000018   Code   RO          120    .text.delay_decrement  systick.o
    0x080009e0   0x080009e0   0x00000022   Code   RO          423    .text.dma_channel_disable  gd32e50x_dma.o
    0x08000a02   0x08000a02   0x00000002   PAD
    0x08000a04   0x08000a04   0x00000022   Code   RO          421    .text.dma_channel_enable  gd32e50x_dma.o
    0x08000a26   0x08000a26   0x00000002   PAD
    0x08000a28   0x08000a28   0x00000022   Code   RO          415    .text.dma_circulation_disable  gd32e50x_dma.o
    0x08000a4a   0x08000a4a   0x00000002   PAD
    0x08000a4c   0x08000a4c   0x0000003a   Code   RO          405    .text.dma_deinit    gd32e50x_dma.o
    0x08000a86   0x08000a86   0x00000002   PAD
    0x08000a88   0x08000a88   0x0000001e   Code   RO          451    .text.dma_flag_clear  gd32e50x_dma.o
    0x08000aa6   0x08000aa6   0x00000002   PAD
    0x08000aa8   0x08000aa8   0x00000072   Code   RO          411    .text.dma_init      gd32e50x_dma.o
    0x08000b1a   0x08000b1a   0x00000002   PAD
    0x08000b1c   0x08000b1c   0x00000022   Code   RO          453    .text.dma_interrupt_enable  gd32e50x_dma.o
    0x08000b3e   0x08000b3e   0x00000002   PAD
    0x08000b40   0x08000b40   0x0000001e   Code   RO          459    .text.dma_interrupt_flag_clear  gd32e50x_dma.o
    0x08000b5e   0x08000b5e   0x00000002   PAD
    0x08000b60   0x08000b60   0x0000004a   Code   RO          457    .text.dma_interrupt_flag_get  gd32e50x_dma.o
    0x08000baa   0x08000baa   0x00000002   PAD
    0x08000bac   0x08000bac   0x0000001e   Code   RO          427    .text.dma_memory_address_config  gd32e50x_dma.o
    0x08000bca   0x08000bca   0x00000002   PAD
    0x08000bcc   0x08000bcc   0x00000022   Code   RO          419    .text.dma_memory_to_memory_disable  gd32e50x_dma.o
    0x08000bee   0x08000bee   0x00000002   PAD
    0x08000bf0   0x08000bf0   0x00000018   Code   RO          141    .text.dma_nvic_config  usart1_dma0.o
    0x08000c08   0x08000c08   0x0000001a   Code   RO          407    .text.dma_periph_and_channel_check  gd32e50x_dma.o
    0x08000c22   0x08000c22   0x00000002   PAD
    0x08000c24   0x08000c24   0x0000001e   Code   RO          429    .text.dma_transfer_number_config  gd32e50x_dma.o
    0x08000c42   0x08000c42   0x00000002   PAD
    0x08000c44   0x08000c44   0x00000004   Code   RO          365    .text.gpio_bit_reset  gd32e50x_gpio.o
    0x08000c48   0x08000c48   0x00000004   Code   RO          363    .text.gpio_bit_set  gd32e50x_gpio.o
    0x08000c4c   0x08000c4c   0x000000b6   Code   RO          361    .text.gpio_init     gd32e50x_gpio.o
    0x08000d02   0x08000d02   0x00000002   PAD
    0x08000d04   0x08000d04   0x0000000a   Code   RO          371    .text.gpio_input_bit_get  gd32e50x_gpio.o
    0x08000d0e   0x08000d0e   0x00000002   PAD
    0x08000d10   0x08000d10   0x0000015e   Code   RO           33    .text.main          main.o
    0x08000e6e   0x08000e6e   0x00000002   PAD
    0x08000e70   0x08000e70   0x0000000a   Code   RO         1342    .text.nvic_irq_disable  gd32e50x_misc.o
    0x08000e7a   0x08000e7a   0x00000002   PAD
    0x08000e7c   0x08000e7c   0x000000a2   Code   RO         1340    .text.nvic_irq_enable  gd32e50x_misc.o
    0x08000f1e   0x08000f1e   0x00000002   PAD
    0x08000f20   0x08000f20   0x00000014   Code   RO         1338    .text.nvic_priority_group_set  gd32e50x_misc.o
    0x08000f34   0x08000f34   0x0000001c   Code   RO         1350    .text.nvic_vector_table_set  gd32e50x_misc.o
    0x08000f50   0x08000f50   0x00000120   Code   RO          541    .text.rcu_clock_freq_get  gd32e50x_rcu.o
    0x08001070   0x08001070   0x0000001e   Code   RO          471    .text.rcu_periph_clock_enable  gd32e50x_rcu.o
    0x0800108e   0x0800108e   0x00000002   PAD
    0x08001090   0x08001090   0x00000020   Code   RO          481    .text.rcu_periph_reset_disable  gd32e50x_rcu.o
    0x080010b0   0x080010b0   0x0000001e   Code   RO          479    .text.rcu_periph_reset_enable  gd32e50x_rcu.o
    0x080010ce   0x080010ce   0x00000002   PAD
    0x080010d0   0x080010d0   0x00000022   Code   RO           79    .text.servo_handle_error  mr_j2s_a_servo.o
    0x080010f2   0x080010f2   0x00000002   PAD
    0x080010f4   0x080010f4   0x00000054   Code   RO           43    .text.servo_init    mr_j2s_a_servo.o
    0x08001148   0x08001148   0x0000008a   Code   RO           73    .text.servo_jog_mode_direct_rotation  mr_j2s_a_servo.o
    0x080011d2   0x080011d2   0x00000002   PAD
    0x080011d4   0x080011d4   0x0000008a   Code   RO           71    .text.servo_jog_mode_off  mr_j2s_a_servo.o
    0x0800125e   0x0800125e   0x00000002   PAD
    0x08001260   0x08001260   0x0000007c   Code   RO           69    .text.servo_jog_mode_on  mr_j2s_a_servo.o
    0x080012dc   0x080012dc   0x0000008a   Code   RO           75    .text.servo_jog_mode_revers_rotation  mr_j2s_a_servo.o
    0x08001366   0x08001366   0x00000002   PAD
    0x08001368   0x08001368   0x00000056   Code   RO           77    .text.servo_jog_mode_stop_rotation  mr_j2s_a_servo.o
    0x080013be   0x080013be   0x00000002   PAD
    0x080013c0   0x080013c0   0x00000078   Code   RO           63    .text.servo_positioning_mode_off  mr_j2s_a_servo.o
    0x08001438   0x08001438   0x0000008e   Code   RO           61    .text.servo_positioning_mode_on  mr_j2s_a_servo.o
    0x080014c6   0x080014c6   0x00000002   PAD
    0x080014c8   0x080014c8   0x0000008a   Code   RO           65    .text.servo_positioning_mode_path_length  mr_j2s_a_servo.o
    0x08001552   0x08001552   0x00000002   PAD
    0x08001554   0x08001554   0x00000088   Code   RO           45    .text.servo_send_read_command  mr_j2s_a_servo.o
    0x080015dc   0x080015dc   0x000000b0   Code   RO           47    .text.servo_send_write_command4  mr_j2s_a_servo.o
    0x0800168c   0x0800168c   0x000000c4   Code   RO           49    .text.servo_send_write_command8  mr_j2s_a_servo.o
    0x08001750   0x08001750   0x0000000c   Code   RO           55    .text.servo_set_acceleration_time  mr_j2s_a_servo.o
    0x0800175c   0x0800175c   0x0000000c   Code   RO           53    .text.servo_set_freq  mr_j2s_a_servo.o
    0x08001768   0x08001768   0x0000000c   Code   RO           57    .text.servo_set_path_length  mr_j2s_a_servo.o
    0x08001774   0x08001774   0x00000044   Code   RO          152    .text.servo_timer_config  timer.o
    0x080017b8   0x080017b8   0x00000020   Code   RO          156    .text.servo_timer_disable  timer.o
    0x080017d8   0x080017d8   0x00000024   Code   RO          154    .text.servo_timer_enable  timer.o
    0x080017fc   0x080017fc   0x000000e4   Code   RO          171    .text.system_clock_180m_hxtal  system_gd32e50x.o
    0x080018e0   0x080018e0   0x00000008   Code   RO          167    .text.system_clock_config  system_gd32e50x.o
    0x080018e8   0x080018e8   0x0000002a   Code   RO          112    .text.systick_config  systick.o
    0x08001912   0x08001912   0x00000002   PAD
    0x08001914   0x08001914   0x00000144   Code   RO         1838    .text.timer_deinit  gd32e50x_timer.o
    0x08001a58   0x08001a58   0x0000000a   Code   RO         1846    .text.timer_disable  gd32e50x_timer.o
    0x08001a62   0x08001a62   0x00000002   PAD
    0x08001a64   0x08001a64   0x0000000a   Code   RO         1844    .text.timer_enable  gd32e50x_timer.o
    0x08001a6e   0x08001a6e   0x00000002   PAD
    0x08001a70   0x08001a70   0x000000c2   Code   RO         1842    .text.timer_init    gd32e50x_timer.o
    0x08001b32   0x08001b32   0x00000002   PAD
    0x08001b34   0x08001b34   0x0000000a   Code   RO         1974    .text.timer_interrupt_disable  gd32e50x_timer.o
    0x08001b3e   0x08001b3e   0x00000002   PAD
    0x08001b40   0x08001b40   0x00000008   Code   RO         1972    .text.timer_interrupt_enable  gd32e50x_timer.o
    0x08001b48   0x08001b48   0x00000006   Code   RO         1978    .text.timer_interrupt_flag_clear  gd32e50x_timer.o
    0x08001b4e   0x08001b4e   0x00000002   PAD
    0x08001b50   0x08001b50   0x00000016   Code   RO         1976    .text.timer_interrupt_flag_get  gd32e50x_timer.o
    0x08001b66   0x08001b66   0x00000002   PAD
    0x08001b68   0x08001b68   0x00000012   Code   RO         1840    .text.timer_struct_para_init  gd32e50x_timer.o
    0x08001b7a   0x08001b7a   0x00000002   PAD
    0x08001b7c   0x08001b7c   0x00000030   Code   RO          139    .text.usart1_dma0_rxdata  usart1_dma0.o
    0x08001bac   0x08001bac   0x00000076   Code   RO          137    .text.usart1_dma0_rxinit  usart1_dma0.o
    0x08001c22   0x08001c22   0x00000002   PAD
    0x08001c24   0x08001c24   0x0000003c   Code   RO          133    .text.usart1_dma0_send  usart1_dma0.o
    0x08001c60   0x08001c60   0x0000006e   Code   RO          135    .text.usart1_dma0_txinit  usart1_dma0.o
    0x08001cce   0x08001cce   0x00000002   PAD
    0x08001cd0   0x08001cd0   0x0000007a   Code   RO          131    .text.usart1_init   usart1_dma0.o
    0x08001d4a   0x08001d4a   0x00000002   PAD
    0x08001d4c   0x08001d4c   0x000000ce   Code   RO          193    .text.usart_baudrate_set  gd32e50x_usart.o
    0x08001e1a   0x08001e1a   0x00000002   PAD
    0x08001e1c   0x08001e1c   0x00000088   Code   RO          191    .text.usart_deinit  gd32e50x_usart.o
    0x08001ea4   0x08001ea4   0x00000028   Code   RO          267    .text.usart_dma_receive_config  gd32e50x_usart.o
    0x08001ecc   0x08001ecc   0x00000028   Code   RO          269    .text.usart_dma_transmit_config  gd32e50x_usart.o
    0x08001ef4   0x08001ef4   0x00000020   Code   RO          201    .text.usart_enable  gd32e50x_usart.o
    0x08001f14   0x08001f14   0x0000003c   Code   RO          195    .text.usart_parity_config  gd32e50x_usart.o
    0x08001f50   0x08001f50   0x00000024   Code   RO          207    .text.usart_receive_config  gd32e50x_usart.o
    0x08001f74   0x08001f74   0x00000030   Code   RO          199    .text.usart_stop_bit_set  gd32e50x_usart.o
    0x08001fa4   0x08001fa4   0x00000024   Code   RO          205    .text.usart_transmit_config  gd32e50x_usart.o
    0x08001fc8   0x08001fc8   0x0000003c   Code   RO          197    .text.usart_word_length_set  gd32e50x_usart.o
    0x08002004   0x08002004   0x0000000e   Code   RO         2053    i._is_digit         c_w.l(__printf_wp.o)
    0x08002012   0x08002012   0x0000001a   Code   RO         2168    x$fpl$fpinit        fz_wm.l(fpinit.o)
    0x0800202c   0x0800202c   0x00000028   Data   RO         2026    .constdata          c_w.l(_printf_hex_int.o)
    0x08002054   0x08002054   0x00000011   Data   RO         2056    .constdata          c_w.l(__printf_flags_wp.o)
    0x08002065   0x08002065   0x00000003   PAD
    0x08002068   0x08002068   0x00000020   Data   RO         2243    Region$$Table       anon$$obj.o


    Execution Region RW_IRAM1 (Exec base: 0x20000000, Load base: 0x08002088, Size: 0x00000948, Max: 0x00020000, ABSOLUTE)

    Exec Addr    Load Addr    Size         Type   Attr      Idx    E Section Name        Object

    0x20000000   0x08002088   0x00000004   Data   RW          173    .data.SystemCoreClock  system_gd32e50x.o
    0x20000004   0x0800208c   0x00000010   Data   RW          100    .data.ascii         mr_j2s_a_servo.o
    0x20000014   0x0800209c   0x00000010   Data   RW           90    .data.baudrate      mr_j2s_a_servo.o
    0x20000024   0x080020ac   0x00000002   Data   RW           93    .data.rx_size       mr_j2s_a_servo.o
    0x20000026   0x080020ae   0x00000002   PAD
    0x20000028   0x080020b0   0x00000004   Data   RW           98    .data.servo_acceleration_time  mr_j2s_a_servo.o
    0x2000002c   0x080020b4   0x00000002   Data   RW           97    .data.servo_freq    mr_j2s_a_servo.o
    0x2000002e   0x080020b6   0x00000002   Data   RW           95    .data.tx_read_size  mr_j2s_a_servo.o
    0x20000030        -       0x00000060   Zero   RW         2110    .bss                c_w.l(libspace.o)
    0x20000090        -       0x00000004   Zero   RW          122    .bss.delay          systick.o
    0x20000094        -       0x00000001   Zero   RW           86    .bss.jog_func       mr_j2s_a_servo.o
    0x20000095        -       0x00000001   Zero   RW           87    .bss.pos_func       mr_j2s_a_servo.o
    0x20000096   0x080020b8   0x00000002   PAD
    0x20000098        -       0x00000004   Zero   RW           99    .bss.pos_mode_path_length  mr_j2s_a_servo.o
    0x2000009c        -       0x00000032   Zero   RW          102    .bss.rxbuffer       mr_j2s_a_servo.o
    0x200000ce        -       0x00000001   Zero   RW           92    .bss.servo_alarm    mr_j2s_a_servo.o
    0x200000cf   0x080020b8   0x00000001   PAD
    0x200000d0        -       0x00000004   Zero   RW           91    .bss.servo_curr_baudrate  mr_j2s_a_servo.o
    0x200000d4        -       0x00000007   Zero   RW           88    .bss.servo_jog_functions_cnt  mr_j2s_a_servo.o
    0x200000db        -       0x00000001   Zero   RW           85    .bss.servo_mode     mr_j2s_a_servo.o
    0x200000dc        -       0x00000006   Zero   RW           89    .bss.servo_pos_functions_cnt  mr_j2s_a_servo.o
    0x200000e2        -       0x00000032   Zero   RW          101    .bss.tx_read_buffer  mr_j2s_a_servo.o
    0x20000114        -       0x00000032   Zero   RW          103    .bss.tx_write_buffer  mr_j2s_a_servo.o
    0x20000146   0x080020b8   0x00000002   PAD
    0x20000148        -       0x00000400   Zero   RW          182    HEAP                startup_gd32e50x_hd.o
    0x20000548        -       0x00000400   Zero   RW          181    STACK               startup_gd32e50x_hd.o


==============================================================================

Image component sizes


      Code (inc. data)   RO Data    RW Data    ZI Data      Debug   Object Name

       562          0          0          0          0       9142   gd32e50x_dma.o
       200          0          0          0          0       6545   gd32e50x_gpio.o
       540         12          0          0          0       2142   gd32e50x_it.o
       260          0          0          0          0       6275   gd32e50x_misc.o
       380         30          0          0          0      13979   gd32e50x_rcu.o
       602          0          0          0          0      19883   gd32e50x_timer.o
       694          0          0          0          0      21468   gd32e50x_usart.o
       350          0          0          0          0       2189   main.o
      1686         96          0         42        175       6468   mr_j2s_a_servo.o
        64         26        416          0       2048        940   startup_gd32e50x_hd.o
       402          0          0          4          0       3123   system_gd32e50x.o
       142          0          0          0          4       4933   systick.o
       136          0          0          0          0       4317   timer.o
       482          0          0          0          0       5228   usart1_dma0.o

    ----------------------------------------------------------------------
      6600        164        448         48       2232     106632   Object Totals
         0          0         32          0          0          0   (incl. Generated)
       100          0          0          2          5          0   (incl. Padding)

    ----------------------------------------------------------------------

      Code (inc. data)   RO Data    RW Data    ZI Data      Debug   Library Member Name

         8          0          0          0          0         68   __main.o
       312          4         17          0          0         92   __printf_flags_wp.o
        14          0          0          0          0         68   __printf_wp.o
         0          0          0          0          0          0   __rtentry.o
        12          0          0          0          0          0   __rtentry2.o
         6          0          0          0          0          0   __rtentry4.o
        52          8          0          0          0          0   __scatter.o
        26          0          0          0          0          0   __scatter_copy.o
        28          0          0          0          0          0   __scatter_zi.o
         6          0          0          0          0          0   _printf_c.o
        44          0          0          0          0        108   _printf_char.o
        48          6          0          0          0         96   _printf_char_common.o
        88          4         40          0          0         88   _printf_hex_int.o
       178          0          0          0          0         88   _printf_intcommon.o
        78          0          0          0          0        108   _printf_pad.o
         0          0          0          0          0          0   _printf_percent.o
         4          0          0          0          0          0   _printf_percent_end.o
        82          0          0          0          0         80   _printf_str.o
         6          0          0          0          0          0   _printf_x.o
        10          0          0          0          0         68   _sputc.o
        18          0          0          0          0         80   exit.o
         6          0          0          0          0        152   heapauxi.o
         0          0          0          0          0          0   indicate_semi.o
         2          0          0          0          0          0   libinit.o
         6          0          0          0          0          0   libinit2.o
         2          0          0          0          0          0   libshutdown.o
         2          0          0          0          0          0   libshutdown2.o
         8          4          0          0         96         68   libspace.o
        40          6          0          0          0         84   noretval__2sprintf.o
         2          0          0          0          0          0   rtexit.o
        10          0          0          0          0          0   rtexit2.o
        12          4          0          0          0         68   sys_exit.o
        74          0          0          0          0         80   sys_stackheap_outer.o
         2          0          0          0          0         68   use_no_semi.o
        26          0          0          0          0        116   fpinit.o

    ----------------------------------------------------------------------
      1220         36         60          0         96       1580   Library Totals
         8          0          3          0          0          0   (incl. Padding)

    ----------------------------------------------------------------------

      Code (inc. data)   RO Data    RW Data    ZI Data      Debug   Library Name

      1186         36         57          0         96       1464   c_w.l
        26          0          0          0          0        116   fz_wm.l

    ----------------------------------------------------------------------
      1220         36         60          0         96       1580   Library Totals

    ----------------------------------------------------------------------

==============================================================================


      Code (inc. data)   RO Data    RW Data    ZI Data      Debug   

      7820        200        508         48       2328     107296   Grand Totals
      7820        200        508         48       2328     107296   ELF Image Totals
      7820        200        508         48          0          0   ROM Totals

==============================================================================

    Total RO  Size (Code + RO Data)                 8328 (   8.13kB)
    Total RW  Size (RW Data + ZI Data)              2376 (   2.32kB)
    Total ROM Size (Code + RO Data + RW Data)       8376 (   8.18kB)

==============================================================================

