Component: ARM Compiler 6.16 Tool: armlink [5dfeaa00]

==============================================================================

Section Cross References

    gd32e50x_it.o(.ARM.exidx.text.NMI_Handler) refers to gd32e50x_it.o(.text.NMI_Handler) for [Anonymous Symbol]
    gd32e50x_it.o(.ARM.exidx.text.HardFault_Handler) refers to gd32e50x_it.o(.text.HardFault_Handler) for [Anonymous Symbol]
    gd32e50x_it.o(.ARM.exidx.text.MemManage_Handler) refers to gd32e50x_it.o(.text.MemManage_Handler) for [Anonymous Symbol]
    gd32e50x_it.o(.ARM.exidx.text.BusFault_Handler) refers to gd32e50x_it.o(.text.BusFault_Handler) for [Anonymous Symbol]
    gd32e50x_it.o(.ARM.exidx.text.UsageFault_Handler) refers to gd32e50x_it.o(.text.UsageFault_Handler) for [Anonymous Symbol]
    gd32e50x_it.o(.ARM.exidx.text.SVC_Handler) refers to gd32e50x_it.o(.text.SVC_Handler) for [Anonymous Symbol]
    gd32e50x_it.o(.ARM.exidx.text.DebugMon_Handler) refers to gd32e50x_it.o(.text.DebugMon_Handler) for [Anonymous Symbol]
    gd32e50x_it.o(.ARM.exidx.text.PendSV_Handler) refers to gd32e50x_it.o(.text.PendSV_Handler) for [Anonymous Symbol]
    gd32e50x_it.o(.ARM.exidx.text.SysTick_Handler) refers to gd32e50x_it.o(.text.SysTick_Handler) for [Anonymous Symbol]
    gd32e50x_it.o(.text.DMA0_Channel6_IRQHandler) refers to gd32e50x_dma.o(.text.dma_interrupt_flag_get) for dma_interrupt_flag_get
    gd32e50x_it.o(.text.DMA0_Channel6_IRQHandler) refers to gd32e50x_gpio.o(.text.gpio_bit_set) for gpio_bit_set
    gd32e50x_it.o(.text.DMA0_Channel6_IRQHandler) refers to gd32e50x_dma.o(.text.dma_interrupt_flag_clear) for dma_interrupt_flag_clear
    gd32e50x_it.o(.ARM.exidx.text.DMA0_Channel6_IRQHandler) refers to gd32e50x_it.o(.text.DMA0_Channel6_IRQHandler) for [Anonymous Symbol]
    gd32e50x_it.o(.text.DMA0_Channel5_IRQHandler) refers to gd32e50x_dma.o(.text.dma_interrupt_flag_get) for dma_interrupt_flag_get
    gd32e50x_it.o(.text.DMA0_Channel5_IRQHandler) refers to gd32e50x_gpio.o(.text.gpio_bit_reset) for gpio_bit_reset
    gd32e50x_it.o(.text.DMA0_Channel5_IRQHandler) refers to gd32e50x_dma.o(.text.dma_channel_disable) for dma_channel_disable
    gd32e50x_it.o(.text.DMA0_Channel5_IRQHandler) refers to gd32e50x_dma.o(.text.dma_flag_clear) for dma_flag_clear
    gd32e50x_it.o(.text.DMA0_Channel5_IRQHandler) refers to mr_j2s_a_servo.o(.data.rx_size) for rx_size
    gd32e50x_it.o(.text.DMA0_Channel5_IRQHandler) refers to gd32e50x_dma.o(.text.dma_transfer_number_config) for dma_transfer_number_config
    gd32e50x_it.o(.text.DMA0_Channel5_IRQHandler) refers to gd32e50x_dma.o(.text.dma_channel_enable) for dma_channel_enable
    gd32e50x_it.o(.text.DMA0_Channel5_IRQHandler) refers to gd32e50x_dma.o(.text.dma_interrupt_flag_clear) for dma_interrupt_flag_clear
    gd32e50x_it.o(.text.DMA0_Channel5_IRQHandler) refers to mr_j2s_a_servo.o(.text.servo_handle_error) for servo_handle_error
    gd32e50x_it.o(.text.DMA0_Channel5_IRQHandler) refers to mr_j2s_a_servo.o(.data.servo_ready) for servo_ready
    gd32e50x_it.o(.ARM.exidx.text.DMA0_Channel5_IRQHandler) refers to gd32e50x_it.o(.text.DMA0_Channel5_IRQHandler) for [Anonymous Symbol]
    main.o(.text.main) refers to systick.o(.text.systick_config) for systick_config
    main.o(.text.main) refers to gd32e50x_rcu.o(.text.rcu_periph_clock_enable) for rcu_periph_clock_enable
    main.o(.text.main) refers to gd32e50x_gpio.o(.text.gpio_init) for gpio_init
    main.o(.text.main) refers to gd32e50x_gpio.o(.text.gpio_bit_reset) for gpio_bit_reset
    main.o(.text.main) refers to mr_j2s_a_servo.o(.text.servo_init) for servo_init
    main.o(.text.main) refers to gd32e50x_gpio.o(.text.gpio_input_bit_get) for gpio_input_bit_get
    main.o(.text.main) refers to gd32e50x_gpio.o(.text.gpio_bit_set) for gpio_bit_set
    main.o(.text.main) refers to mr_j2s_a_servo.o(.text.servo_send_read_command) for servo_send_read_command
    main.o(.ARM.exidx.text.main) refers to main.o(.text.main) for [Anonymous Symbol]
    mr_j2s_a_servo.o(.text) refers (Special) to _printf_c.o(.ARM.Collect$$_printf_percent$$00000013) for _printf_c
    mr_j2s_a_servo.o(.text) refers (Special) to _printf_hex_int.o(.text) for _printf_longlong_hex
    mr_j2s_a_servo.o(.text) refers (Special) to _printf_percent.o(.ARM.Collect$$_printf_percent$$00000000) for _printf_percent
    mr_j2s_a_servo.o(.text) refers (Special) to _printf_pad.o(.text) for _printf_pre_padding
    mr_j2s_a_servo.o(.text) refers (Special) to _printf_s.o(.ARM.Collect$$_printf_percent$$00000014) for _printf_s
    mr_j2s_a_servo.o(.text) refers (Special) to _printf_str.o(.text) for _printf_str
    mr_j2s_a_servo.o(.text) refers (Special) to _printf_x.o(.ARM.Collect$$_printf_percent$$0000000C) for _printf_x
    mr_j2s_a_servo.o(.text.servo_init) refers (Special) to _printf_c.o(.ARM.Collect$$_printf_percent$$00000013) for _printf_c
    mr_j2s_a_servo.o(.text.servo_init) refers (Special) to _printf_hex_int.o(.text) for _printf_longlong_hex
[...]
    Removing gd32e50x_timer.o(.ARM.exidx.text.timer_counter_alignment), (8 bytes).
    Removing gd32e50x_timer.o(.text.timer_counter_up_direction), (10 bytes).
    Removing gd32e50x_timer.o(.ARM.exidx.text.timer_counter_up_direction), (8 bytes).
    Removing gd32e50x_timer.o(.text.timer_counter_down_direction), (10 bytes).
    Removing gd32e50x_timer.o(.ARM.exidx.text.timer_counter_down_direction), (8 bytes).
    Removing gd32e50x_timer.o(.text.timer_prescaler_config), (18 bytes).
    Removing gd32e50x_timer.o(.ARM.exidx.text.timer_prescaler_config), (8 bytes).
    Removing gd32e50x_timer.o(.text.timer_repetition_value_config), (4 bytes).
    Removing gd32e50x_timer.o(.ARM.exidx.text.timer_repetition_value_config), (8 bytes).
    Removing gd32e50x_timer.o(.text.timer_autoreload_value_config), (4 bytes).
    Removing gd32e50x_timer.o(.ARM.exidx.text.timer_autoreload_value_config), (8 bytes).
    Removing gd32e50x_timer.o(.text.timer_counter_value_config), (4 bytes).
    Removing gd32e50x_timer.o(.ARM.exidx.text.timer_counter_value_config), (8 bytes).
    Removing gd32e50x_timer.o(.text.timer_counter_read), (4 bytes).
    Removing gd32e50x_timer.o(.ARM.exidx.text.timer_counter_read), (8 bytes).
    Removing gd32e50x_timer.o(.text.timer_prescaler_read), (6 bytes).
    Removing gd32e50x_timer.o(.ARM.exidx.text.timer_prescaler_read), (8 bytes).
    Removing gd32e50x_timer.o(.text.timer_single_pulse_mode_config), (30 bytes).
    Removing gd32e50x_timer.o(.ARM.exidx.text.timer_single_pulse_mode_config), (8 bytes).
    Removing gd32e50x_timer.o(.text.timer_update_source_config), (30 bytes).
    Removing gd32e50x_timer.o(.ARM.exidx.text.timer_update_source_config), (8 bytes).
    Removing gd32e50x_timer.o(.text.timer_dma_enable), (8 bytes).
    Removing gd32e50x_timer.o(.ARM.exidx.text.timer_dma_enable), (8 bytes).
    Removing gd32e50x_timer.o(.text.timer_dma_disable), (10 bytes).
    Removing gd32e50x_timer.o(.ARM.exidx.text.timer_dma_disable), (8 bytes).
    Removing gd32e50x_timer.o(.text.timer_channel_dma_request_source_select), (30 bytes).
    Removing gd32e50x_timer.o(.ARM.exidx.text.timer_channel_dma_request_source_select), (8 bytes).
    Removing gd32e50x_timer.o(.text.timer_dma_transfer_config), (24 bytes).
    Removing gd32e50x_timer.o(.ARM.exidx.text.timer_dma_transfer_config), (8 bytes).
    Removing gd32e50x_timer.o(.text.timer_event_software_generate), (8 bytes).
    Removing gd32e50x_timer.o(.ARM.exidx.text.timer_event_software_generate), (8 bytes).
    Removing gd32e50x_timer.o(.text.timer_break_struct_para_init), (12 bytes).
    Removing gd32e50x_timer.o(.ARM.exidx.text.timer_break_struct_para_init), (8 bytes).
    Removing gd32e50x_timer.o(.text.timer_break_config), (38 bytes).
    Removing gd32e50x_timer.o(.ARM.exidx.text.timer_break_config), (8 bytes).
    Removing gd32e50x_timer.o(.text.timer_break_enable), (10 bytes).
    Removing gd32e50x_timer.o(.ARM.exidx.text.timer_break_enable), (8 bytes).
    Removing gd32e50x_timer.o(.text.timer_break_disable), (10 bytes).
    Removing gd32e50x_timer.o(.ARM.exidx.text.timer_break_disable), (8 bytes).
    Removing gd32e50x_timer.o(.text.timer_automatic_output_enable), (10 bytes).
    Removing gd32e50x_timer.o(.ARM.exidx.text.timer_automatic_output_enable), (8 bytes).
    Removing gd32e50x_timer.o(.text.timer_automatic_output_disable), (10 bytes).
    Removing gd32e50x_timer.o(.ARM.exidx.text.timer_automatic_output_disable), (8 bytes).
    Removing gd32e50x_timer.o(.text.timer_primary_output_config), (18 bytes).
    Removing gd32e50x_timer.o(.ARM.exidx.text.timer_primary_output_config), (8 bytes).
    Removing gd32e50x_timer.o(.text.timer_channel_control_shadow_config), (16 bytes).
    Removing gd32e50x_timer.o(.ARM.exidx.text.timer_channel_control_shadow_config), (8 bytes).
    Removing gd32e50x_timer.o(.text.timer_channel_control_shadow_update_config), (30 bytes).
    Removing gd32e50x_timer.o(.ARM.exidx.text.timer_channel_control_shadow_update_config), (8 bytes).
    Removing gd32e50x_timer.o(.text.timer_channel_output_struct_para_init), (10 bytes).
    Removing gd32e50x_timer.o(.ARM.exidx.text.timer_channel_output_struct_para_init), (8 bytes).
    Removing gd32e50x_timer.o(.text.timer_channel_output_config), (522 bytes).
    Removing gd32e50x_timer.o(.ARM.exidx.text.timer_channel_output_config), (8 bytes).
    Removing gd32e50x_timer.o(.text.timer_channel_output_mode_config), (58 bytes).
    Removing gd32e50x_timer.o(.ARM.exidx.text.timer_channel_output_mode_config), (8 bytes).
    Removing gd32e50x_timer.o(.text.timer_channel_output_pulse_value_config), (12 bytes).
    Removing gd32e50x_timer.o(.ARM.exidx.text.timer_channel_output_pulse_value_config), (8 bytes).
    Removing gd32e50x_timer.o(.text.timer_channel_output_shadow_config), (58 bytes).
    Removing gd32e50x_timer.o(.ARM.exidx.text.timer_channel_output_shadow_config), (8 bytes).
    Removing gd32e50x_timer.o(.text.timer_channel_output_fast_config), (58 bytes).
    Removing gd32e50x_timer.o(.ARM.exidx.text.timer_channel_output_fast_config), (8 bytes).
    Removing gd32e50x_timer.o(.text.timer_channel_output_clear_config), (58 bytes).
    Removing gd32e50x_timer.o(.ARM.exidx.text.timer_channel_output_clear_config), (8 bytes).
    Removing gd32e50x_timer.o(.text.timer_channel_output_polarity_config), (74 bytes).
    Removing gd32e50x_timer.o(.ARM.exidx.text.timer_channel_output_polarity_config), (8 bytes).
    Removing gd32e50x_timer.o(.text.timer_channel_complementary_output_polarity_config), (60 bytes).
    Removing gd32e50x_timer.o(.ARM.exidx.text.timer_channel_complementary_output_polarity_config), (8 bytes).
    Removing gd32e50x_timer.o(.text.timer_channel_output_state_config), (74 bytes).
    Removing gd32e50x_timer.o(.ARM.exidx.text.timer_channel_output_state_config), (8 bytes).
    Removing gd32e50x_timer.o(.text.timer_channel_complementary_output_state_config), (60 bytes).
    Removing gd32e50x_timer.o(.ARM.exidx.text.timer_channel_complementary_output_state_config), (8 bytes).
    Removing gd32e50x_timer.o(.text.timer_channel_input_struct_para_init), (12 bytes).
    Removing gd32e50x_timer.o(.ARM.exidx.text.timer_channel_input_struct_para_init), (8 bytes).
    Removing gd32e50x_timer.o(.text.timer_input_capture_config), (298 bytes).
    Removing gd32e50x_timer.o(.ARM.exidx.text.timer_input_capture_config), (8 bytes).
    Removing gd32e50x_timer.o(.text.timer_channel_input_capture_prescaler_config), (58 bytes).
    Removing gd32e50x_timer.o(.ARM.exidx.text.timer_channel_input_capture_prescaler_config), (8 bytes).
    Removing gd32e50x_timer.o(.text.timer_channel_capture_value_register_read), (14 bytes).
    Removing gd32e50x_timer.o(.ARM.exidx.text.timer_channel_capture_value_register_read), (8 bytes).
    Removing gd32e50x_timer.o(.text.timer_input_pwm_capture_config), (332 bytes).
    Removing gd32e50x_timer.o(.ARM.exidx.text.timer_input_pwm_capture_config), (8 bytes).
    Removing gd32e50x_timer.o(.text.timer_hall_mode_config), (30 bytes).
    Removing gd32e50x_timer.o(.ARM.exidx.text.timer_hall_mode_config), (8 bytes).
    Removing gd32e50x_timer.o(.text.timer_input_trigger_source_select), (16 bytes).
    Removing gd32e50x_timer.o(.ARM.exidx.text.timer_input_trigger_source_select), (8 bytes).
    Removing gd32e50x_timer.o(.text.timer_master_output_trigger_source_select), (16 bytes).
    Removing gd32e50x_timer.o(.ARM.exidx.text.timer_master_output_trigger_source_select), (8 bytes).
    Removing gd32e50x_timer.o(.text.timer_slave_mode_select), (16 bytes).
    Removing gd32e50x_timer.o(.ARM.exidx.text.timer_slave_mode_select), (8 bytes).
    Removing gd32e50x_timer.o(.text.timer_master_slave_mode_config), (30 bytes).
    Removing gd32e50x_timer.o(.ARM.exidx.text.timer_master_slave_mode_config), (8 bytes).
    Removing gd32e50x_timer.o(.text.timer_external_trigger_config), (34 bytes).
    Removing gd32e50x_timer.o(.ARM.exidx.text.timer_external_trigger_config), (8 bytes).
    Removing gd32e50x_timer.o(.text.timer_quadrature_decoder_mode_config), (78 bytes).
    Removing gd32e50x_timer.o(.ARM.exidx.text.timer_quadrature_decoder_mode_config), (8 bytes).
    Removing gd32e50x_timer.o(.text.timer_internal_clock_config), (10 bytes).
    Removing gd32e50x_timer.o(.ARM.exidx.text.timer_internal_clock_config), (8 bytes).
    Removing gd32e50x_timer.o(.text.timer_internal_trigger_as_external_clock_config), (26 bytes).
    Removing gd32e50x_timer.o(.ARM.exidx.text.timer_internal_trigger_as_external_clock_config), (8 bytes).
    Removing gd32e50x_timer.o(.text.timer_external_trigger_as_external_clock_config), (146 bytes).
    Removing gd32e50x_timer.o(.ARM.exidx.text.timer_external_trigger_as_external_clock_config), (8 bytes).
    Removing gd32e50x_timer.o(.text.timer_external_clock_mode0_config), (26 bytes).
    Removing gd32e50x_timer.o(.ARM.exidx.text.timer_external_clock_mode0_config), (8 bytes).
    Removing gd32e50x_timer.o(.text.timer_external_clock_mode1_config), (18 bytes).
    Removing gd32e50x_timer.o(.ARM.exidx.text.timer_external_clock_mode1_config), (8 bytes).
    Removing gd32e50x_timer.o(.text.timer_external_clock_mode1_disable), (10 bytes).
    Removing gd32e50x_timer.o(.ARM.exidx.text.timer_external_clock_mode1_disable), (8 bytes).
    Removing gd32e50x_timer.o(.text.timer_write_chxval_register_config), (36 bytes).
    Removing gd32e50x_timer.o(.ARM.exidx.text.timer_write_chxval_register_config), (8 bytes).
    Removing gd32e50x_timer.o(.text.timer_output_value_selection_config), (36 bytes).
    Removing gd32e50x_timer.o(.ARM.exidx.text.timer_output_value_selection_config), (8 bytes).
    Removing gd32e50x_timer.o(.text.timer_flag_get), (10 bytes).
    Removing gd32e50x_timer.o(.ARM.exidx.text.timer_flag_get), (8 bytes).
    Removing gd32e50x_timer.o(.text.timer_flag_clear), (6 bytes).
    Removing gd32e50x_timer.o(.ARM.exidx.text.timer_flag_clear), (8 bytes).
    Removing gd32e50x_timer.o(.text.timer_interrupt_enable), (8 bytes).
    Removing gd32e50x_timer.o(.ARM.exidx.text.timer_interrupt_enable), (8 bytes).
    Removing gd32e50x_timer.o(.text.timer_interrupt_disable), (10 bytes).
    Removing gd32e50x_timer.o(.ARM.exidx.text.timer_interrupt_disable), (8 bytes).
    Removing gd32e50x_timer.o(.text.timer_interrupt_flag_get), (22 bytes).
    Removing gd32e50x_timer.o(.ARM.exidx.text.timer_interrupt_flag_get), (8 bytes).
    Removing gd32e50x_timer.o(.text.timer_interrupt_flag_clear), (6 bytes).
    Removing gd32e50x_timer.o(.ARM.exidx.text.timer_interrupt_flag_clear), (8 bytes).
    Removing gd32e50x_tmu.o(.text), (0 bytes).
    Removing gd32e50x_wwdgt.o(.text), (0 bytes).
    Removing gd32e50x_wwdgt.o(.text.wwdgt_deinit), (20 bytes).
    Removing gd32e50x_wwdgt.o(.ARM.exidx.text.wwdgt_deinit), (8 bytes).
    Removing gd32e50x_wwdgt.o(.text.wwdgt_enable), (18 bytes).
    Removing gd32e50x_wwdgt.o(.ARM.exidx.text.wwdgt_enable), (8 bytes).
    Removing gd32e50x_wwdgt.o(.text.wwdgt_counter_update), (16 bytes).
    Removing gd32e50x_wwdgt.o(.ARM.exidx.text.wwdgt_counter_update), (8 bytes).
    Removing gd32e50x_wwdgt.o(.text.wwdgt_config), (24 bytes).
    Removing gd32e50x_wwdgt.o(.ARM.exidx.text.wwdgt_config), (8 bytes).
    Removing gd32e50x_wwdgt.o(.text.wwdgt_flag_get), (16 bytes).
    Removing gd32e50x_wwdgt.o(.ARM.exidx.text.wwdgt_flag_get), (8 bytes).
    Removing gd32e50x_wwdgt.o(.text.wwdgt_flag_clear), (14 bytes).
    Removing gd32e50x_wwdgt.o(.ARM.exidx.text.wwdgt_flag_clear), (8 bytes).
    Removing gd32e50x_wwdgt.o(.text.wwdgt_interrupt_enable), (18 bytes).
    Removing gd32e50x_wwdgt.o(.ARM.exidx.text.wwdgt_interrupt_enable), (8 bytes).

1678 unused section(s) (total 35398 bytes) removed from the image.

==============================================================================

Image Symbol Table

    Local Symbols

    Symbol Name                              Value     Ov Type        Size  Object(Section)

    ../clib/angel/boardlib.s                 0x00000000   Number         0  boardinit1.o ABSOLUTE
    ../clib/angel/boardlib.s                 0x00000000   Number         0  boardinit2.o ABSOLUTE
    ../clib/angel/boardlib.s                 0x00000000   Number         0  boardinit3.o ABSOLUTE
    ../clib/angel/boardlib.s                 0x00000000   Number         0  boardshut.o ABSOLUTE
    ../clib/angel/handlers.s                 0x00000000   Number         0  __scatter_copy.o ABSOLUTE
    ../clib/angel/handlers.s                 0x00000000   Number         0  __scatter_zi.o ABSOLUTE
    ../clib/angel/kernel.s                   0x00000000   Number         0  __rtentry.o ABSOLUTE
    ../clib/angel/kernel.s                   0x00000000   Number         0  __rtentry2.o ABSOLUTE
    ../clib/angel/kernel.s                   0x00000000   Number         0  __rtentry4.o ABSOLUTE
    ../clib/angel/kernel.s                   0x00000000   Number         0  rtexit.o ABSOLUTE
    ../clib/angel/kernel.s                   0x00000000   Number         0  rtexit2.o ABSOLUTE
    ../clib/angel/rt.s                       0x00000000   Number         0  rt_raise.o ABSOLUTE
    ../clib/angel/scatter.s                  0x00000000   Number         0  __scatter.o ABSOLUTE
    ../clib/angel/startup.s                  0x00000000   Number         0  __main.o ABSOLUTE
    ../clib/angel/sys.s                      0x00000000   Number         0  sys_stackheap_outer.o ABSOLUTE
    ../clib/angel/sys.s                      0x00000000   Number         0  libspace.o ABSOLUTE
    ../clib/angel/sys.s                      0x00000000   Number         0  use_no_semi.o ABSOLUTE
    ../clib/angel/sys.s                      0x00000000   Number         0  indicate_semi.o ABSOLUTE
    ../clib/angel/sysapp.c                   0x00000000   Number         0  sys_exit.o ABSOLUTE
    ../clib/angel/sysapp.c                   0x00000000   Number         0  sys_exit_hlt.o ABSOLUTE
    ../clib/angel/sysapp.c                   0x00000000   Number         0  sys_command.o ABSOLUTE
    ../clib/angel/sysapp.c                   0x00000000   Number         0  sys_command_hlt.o ABSOLUTE
    ../clib/angel/sysapp.c                   0x00000000   Number         0  sys_wrch.o ABSOLUTE
    ../clib/angel/sysapp.c                   0x00000000   Number         0  sys_wrch_hlt.o ABSOLUTE
    ../clib/armsys.c                         0x00000000   Number         0  argv_veneer.o ABSOLUTE
    ../clib/armsys.c                         0x00000000   Number         0  argv_veneer.o ABSOLUTE
    ../clib/armsys.c                         0x00000000   Number         0  _get_argv_nomalloc.o ABSOLUTE
    ../clib/armsys.c                         0x00000000   Number         0  no_argv.o ABSOLUTE
    ../clib/heapalloc.c                      0x00000000   Number         0  hrguard.o ABSOLUTE
    ../clib/heapaux.c                        0x00000000   Number         0  heapauxi.o ABSOLUTE
    ../clib/libinit.s                        0x00000000   Number         0  libinit.o ABSOLUTE
    ../clib/libinit.s                        0x00000000   Number         0  libinit2.o ABSOLUTE
    ../clib/libinit.s                        0x00000000   Number         0  libshutdown.o ABSOLUTE
    ../clib/libinit.s                        0x00000000   Number         0  libshutdown2.o ABSOLUTE
    ../clib/memcpset.s                       0x00000000   Number         0  rt_memclr_w.o ABSOLUTE
    ../clib/misc.s                           0x00000000   Number         0  printf_stubs.o ABSOLUTE
    ../clib/printf.c                         0x00000000   Number         0  __2sprintf.o ABSOLUTE
    ../clib/printf.c                         0x00000000   Number         0  noretval__2sprintf.o ABSOLUTE
    ../clib/printf.c                         0x00000000   Number         0  __printf.o ABSOLUTE
    ../clib/printf.c                         0x00000000   Number         0  _printf_pad.o ABSOLUTE
    ../clib/printf.c                         0x00000000   Number         0  _printf_str.o ABSOLUTE
    ../clib/printf.c                         0x00000000   Number         0  _printf_hex_ll.o ABSOLUTE
    ../clib/printf.c                         0x00000000   Number         0  _printf_hex_int.o ABSOLUTE
    ../clib/printf.c                         0x00000000   Number         0  _printf_hex_int_ll.o ABSOLUTE
    ../clib/printf.c                         0x00000000   Number         0  _printf_hex_ptr.o ABSOLUTE
    ../clib/printf.c                         0x00000000   Number         0  _printf_hex_int_ptr.o ABSOLUTE
    ../clib/printf.c                         0x00000000   Number         0  _printf_hex_ll_ptr.o ABSOLUTE
    ../clib/printf.c                         0x00000000   Number         0  _printf_hex_int_ll_ptr.o ABSOLUTE
    ../clib/printf.c                         0x00000000   Number         0  __printf_flags.o ABSOLUTE
    ../clib/printf.c                         0x00000000   Number         0  __printf_ss.o ABSOLUTE
    ../clib/printf.c                         0x00000000   Number         0  __printf_flags_ss.o ABSOLUTE
    ../clib/printf.c                         0x00000000   Number         0  __printf_wp.o ABSOLUTE
    ../clib/printf.c                         0x00000000   Number         0  __printf_flags_wp.o ABSOLUTE
    ../clib/printf.c                         0x00000000   Number         0  __printf_ss_wp.o ABSOLUTE
    ../clib/printf.c                         0x00000000   Number         0  __printf_flags_ss_wp.o ABSOLUTE
    ../clib/printf.c                         0x00000000   Number         0  _printf_intcommon.o ABSOLUTE
    ../clib/printf.c                         0x00000000   Number         0  _printf_char_common.o ABSOLUTE
    ../clib/printf.c                         0x00000000   Number         0  _sputc.o ABSOLUTE
    ../clib/printf.c                         0x00000000   Number         0  _printf_char.o ABSOLUTE
    ../clib/printf.c                         0x00000000   Number         0  __printf_nopercent.o ABSOLUTE
    ../clib/printf_percent.s                 0x00000000   Number         0  _printf_c.o ABSOLUTE
    ../clib/printf_percent.s                 0x00000000   Number         0  _printf_s.o ABSOLUTE
    ../clib/printf_percent.s                 0x00000000   Number         0  _printf_x.o ABSOLUTE
    ../clib/printf_percent.s                 0x00000000   Number         0  _printf_percent.o ABSOLUTE
    ../clib/printf_percent.s                 0x00000000   Number         0  _printf_percent_end.o ABSOLUTE
    ../clib/signal.c                         0x00000000   Number         0  defsig_rtmem_outer.o ABSOLUTE
    ../clib/signal.c                         0x00000000   Number         0  defsig_rtmem_formal.o ABSOLUTE
    ../clib/signal.c                         0x00000000   Number         0  defsig_exit.o ABSOLUTE
    ../clib/signal.c                         0x00000000   Number         0  defsig_rtmem_inner.o ABSOLUTE
    ../clib/signal.c                         0x00000000   Number         0  __raise.o ABSOLUTE
    ../clib/signal.c                         0x00000000   Number         0  defsig_general.o ABSOLUTE
    ../clib/signal.c                         0x00000000   Number         0  defsig_abrt_inner.o ABSOLUTE
    ../clib/signal.c                         0x00000000   Number         0  defsig_fpe_inner.o ABSOLUTE
    ../clib/signal.c                         0x00000000   Number         0  defsig_rtred_inner.o ABSOLUTE
    ../clib/signal.c                         0x00000000   Number         0  defsig_stak_inner.o ABSOLUTE
    ../clib/signal.c                         0x00000000   Number         0  defsig_pvfn_inner.o ABSOLUTE
    ../clib/signal.c                         0x00000000   Number         0  defsig_cppl_inner.o ABSOLUTE
    ../clib/signal.c                         0x00000000   Number         0  defsig_segv_inner.o ABSOLUTE
    ../clib/signal.c                         0x00000000   Number         0  defsig_other.o ABSOLUTE
    ../clib/signal.s                         0x00000000   Number         0  defsig.o ABSOLUTE
    ../clib/stdlib.c                         0x00000000   Number         0  exit.o ABSOLUTE
    ../fplib/fpinit.s                        0x00000000   Number         0  fpinit.o ABSOLUTE
    CMSIS/GD/GD32E50x/Source/ARM/startup_gd32e50x_hd.s 0x00000000   Number         0  startup_gd32e50x_hd.o ABSOLUTE
    dc.s                                     0x00000000   Number         0  dc.o ABSOLUTE
    gd32e50x_adc.c                           0x00000000   Number         0  gd32e50x_adc.o ABSOLUTE
    gd32e50x_bkp.c                           0x00000000   Number         0  gd32e50x_bkp.o ABSOLUTE
    gd32e50x_can.c                           0x00000000   Number         0  gd32e50x_can.o ABSOLUTE
    gd32e50x_cmp.c                           0x00000000   Number         0  gd32e50x_cmp.o ABSOLUTE
    gd32e50x_crc.c                           0x00000000   Number         0  gd32e50x_crc.o ABSOLUTE
    gd32e50x_ctc.c                           0x00000000   Number         0  gd32e50x_ctc.o ABSOLUTE
    gd32e50x_dac.c                           0x00000000   Number         0  gd32e50x_dac.o ABSOLUTE
    gd32e50x_dbg.c                           0x00000000   Number         0  gd32e50x_dbg.o ABSOLUTE
    gd32e50x_dma.c                           0x00000000   Number         0  gd32e50x_dma.o ABSOLUTE
    gd32e50x_enet.c                          0x00000000   Number         0  gd32e50x_enet.o ABSOLUTE
    gd32e50x_exmc.c                          0x00000000   Number         0  gd32e50x_exmc.o ABSOLUTE
    gd32e50x_exti.c                          0x00000000   Number         0  gd32e50x_exti.o ABSOLUTE
    gd32e50x_fmc.c                           0x00000000   Number         0  gd32e50x_fmc.o ABSOLUTE
    gd32e50x_fwdgt.c                         0x00000000   Number         0  gd32e50x_fwdgt.o ABSOLUTE
    gd32e50x_gpio.c                          0x00000000   Number         0  gd32e50x_gpio.o ABSOLUTE
    gd32e50x_i2c.c                           0x00000000   Number         0  gd32e50x_i2c.o ABSOLUTE
    gd32e50x_it.c                            0x00000000   Number         0  gd32e50x_it.o ABSOLUTE
    gd32e50x_misc.c                          0x00000000   Number         0  gd32e50x_misc.o ABSOLUTE
    gd32e50x_pmu.c                           0x00000000   Number         0  gd32e50x_pmu.o ABSOLUTE
    gd32e50x_rcu.c                           0x00000000   Number         0  gd32e50x_rcu.o ABSOLUTE
    gd32e50x_rtc.c                           0x00000000   Number         0  gd32e50x_rtc.o ABSOLUTE
    gd32e50x_sdio.c                          0x00000000   Number         0  gd32e50x_sdio.o ABSOLUTE
    gd32e50x_shrtimer.c                      0x00000000   Number         0  gd32e50x_shrtimer.o ABSOLUTE
    gd32e50x_spi.c                           0x00000000   Number         0  gd32e50x_spi.o ABSOLUTE
    gd32e50x_sqpi.c                          0x00000000   Number         0  gd32e50x_sqpi.o ABSOLUTE
    gd32e50x_timer.c                         0x00000000   Number         0  gd32e50x_timer.o ABSOLUTE
    gd32e50x_tmu.c                           0x00000000   Number         0  gd32e50x_tmu.o ABSOLUTE
    gd32e50x_usart.c                         0x00000000   Number         0  gd32e50x_usart.o ABSOLUTE
    gd32e50x_wwdgt.c                         0x00000000   Number         0  gd32e50x_wwdgt.o ABSOLUTE
    main.c                                   0x00000000   Number         0  main.o ABSOLUTE
    mr_j2s_a_servo.c                         0x00000000   Number         0  mr_j2s_a_servo.o ABSOLUTE
    system_gd32e50x.c                        0x00000000   Number         0  system_gd32e50x.o ABSOLUTE
    systick.c                                0x00000000   Number         0  systick.o ABSOLUTE
    usart1_dma0.c                            0x00000000   Number         0  usart1_dma0.o ABSOLUTE
    RESET                                    0x08000000   Section      416  startup_gd32e50x_hd.o(RESET)
    !!!main                                  0x080001a0   Section        8  __main.o(!!!main)
    !!!scatter                               0x080001a8   Section       52  __scatter.o(!!!scatter)
    !!handler_copy                           0x080001dc   Section       26  __scatter_copy.o(!!handler_copy)
    !!handler_zi                             0x080001f8   Section       28  __scatter_zi.o(!!handler_zi)
    .ARM.Collect$$_printf_percent$$00000000  0x08000214   Section        0  _printf_percent.o(.ARM.Collect$$_printf_percent$$00000000)
    .ARM.Collect$$_printf_percent$$0000000C  0x08000214   Section        6  _printf_x.o(.ARM.Collect$$_printf_percent$$0000000C)
    .ARM.Collect$$_printf_percent$$00000013  0x0800021a   Section        6  _printf_c.o(.ARM.Collect$$_printf_percent$$00000013)
    .ARM.Collect$$_printf_percent$$00000014  0x08000220   Section        6  _printf_s.o(.ARM.Collect$$_printf_percent$$00000014)
    .ARM.Collect$$_printf_percent$$00000017  0x08000226   Section        4  _printf_percent_end.o(.ARM.Collect$$_printf_percent$$00000017)
    .ARM.Collect$$libinit$$00000000          0x0800022a   Section        2  libinit.o(.ARM.Collect$$libinit$$00000000)
    .ARM.Collect$$libinit$$00000001          0x0800022c   Section        4  libinit2.o(.ARM.Collect$$libinit$$00000001)
    .ARM.Collect$$libinit$$00000004          0x08000230   Section        0  libinit2.o(.ARM.Collect$$libinit$$00000004)
    .ARM.Collect$$libinit$$0000000A          0x08000230   Section        0  libinit2.o(.ARM.Collect$$libinit$$0000000A)
    .ARM.Collect$$libinit$$0000000C          0x08000230   Section        0  libinit2.o(.ARM.Collect$$libinit$$0000000C)
    .ARM.Collect$$libinit$$0000000E          0x08000230   Section        0  libinit2.o(.ARM.Collect$$libinit$$0000000E)
    .ARM.Collect$$libinit$$00000011          0x08000230   Section        0  libinit2.o(.ARM.Collect$$libinit$$00000011)
    .ARM.Collect$$libinit$$00000013          0x08000230   Section        0  libinit2.o(.ARM.Collect$$libinit$$00000013)
    .ARM.Collect$$libinit$$00000015          0x08000230   Section        0  libinit2.o(.ARM.Collect$$libinit$$00000015)
    .ARM.Collect$$libinit$$00000017          0x08000230   Section        0  libinit2.o(.ARM.Collect$$libinit$$00000017)
    .ARM.Collect$$libinit$$00000019          0x08000230   Section        0  libinit2.o(.ARM.Collect$$libinit$$00000019)
    .ARM.Collect$$libinit$$0000001B          0x08000230   Section        0  libinit2.o(.ARM.Collect$$libinit$$0000001B)
    .ARM.Collect$$libinit$$0000001D          0x08000230   Section        0  libinit2.o(.ARM.Collect$$libinit$$0000001D)
    .ARM.Collect$$libinit$$0000001F          0x08000230   Section        0  libinit2.o(.ARM.Collect$$libinit$$0000001F)
    .ARM.Collect$$libinit$$00000021          0x08000230   Section        0  libinit2.o(.ARM.Collect$$libinit$$00000021)
    .ARM.Collect$$libinit$$00000023          0x08000230   Section        0  libinit2.o(.ARM.Collect$$libinit$$00000023)
    .ARM.Collect$$libinit$$00000025          0x08000230   Section        0  libinit2.o(.ARM.Collect$$libinit$$00000025)
    .ARM.Collect$$libinit$$0000002C          0x08000230   Section        0  libinit2.o(.ARM.Collect$$libinit$$0000002C)
    .ARM.Collect$$libinit$$0000002E          0x08000230   Section        0  libinit2.o(.ARM.Collect$$libinit$$0000002E)
    .ARM.Collect$$libinit$$00000030          0x08000230   Section        0  libinit2.o(.ARM.Collect$$libinit$$00000030)
    .ARM.Collect$$libinit$$00000032          0x08000230   Section        0  libinit2.o(.ARM.Collect$$libinit$$00000032)
    .ARM.Collect$$libinit$$00000033          0x08000230   Section        2  libinit2.o(.ARM.Collect$$libinit$$00000033)
    .ARM.Collect$$libshutdown$$00000000      0x08000232   Section        2  libshutdown.o(.ARM.Collect$$libshutdown$$00000000)
    .ARM.Collect$$libshutdown$$00000002      0x08000234   Section        0  libshutdown2.o(.ARM.Collect$$libshutdown$$00000002)
    .ARM.Collect$$libshutdown$$00000004      0x08000234   Section        0  libshutdown2.o(.ARM.Collect$$libshutdown$$00000004)
    .ARM.Collect$$libshutdown$$00000007      0x08000234   Section        0  libshutdown2.o(.ARM.Collect$$libshutdown$$00000007)
    .ARM.Collect$$libshutdown$$0000000A      0x08000234   Section        0  libshutdown2.o(.ARM.Collect$$libshutdown$$0000000A)
    .ARM.Collect$$libshutdown$$0000000C      0x08000234   Section        0  libshutdown2.o(.ARM.Collect$$libshutdown$$0000000C)
    .ARM.Collect$$libshutdown$$0000000F      0x08000234   Section        0  libshutdown2.o(.ARM.Collect$$libshutdown$$0000000F)
    .ARM.Collect$$libshutdown$$00000010      0x08000234   Section        2  libshutdown2.o(.ARM.Collect$$libshutdown$$00000010)
    .ARM.Collect$$rtentry$$00000000          0x08000236   Section        0  __rtentry.o(.ARM.Collect$$rtentry$$00000000)
    .ARM.Collect$$rtentry$$00000002          0x08000236   Section        0  __rtentry2.o(.ARM.Collect$$rtentry$$00000002)
    .ARM.Collect$$rtentry$$00000004          0x08000236   Section        6  __rtentry4.o(.ARM.Collect$$rtentry$$00000004)
    .ARM.Collect$$rtentry$$00000009          0x0800023c   Section        0  __rtentry2.o(.ARM.Collect$$rtentry$$00000009)
    .ARM.Collect$$rtentry$$0000000A          0x0800023c   Section        4  __rtentry2.o(.ARM.Collect$$rtentry$$0000000A)
    .ARM.Collect$$rtentry$$0000000C          0x08000240   Section        0  __rtentry2.o(.ARM.Collect$$rtentry$$0000000C)
    .ARM.Collect$$rtentry$$0000000D          0x08000240   Section        8  __rtentry2.o(.ARM.Collect$$rtentry$$0000000D)
    .ARM.Collect$$rtexit$$00000000           0x08000248   Section        2  rtexit.o(.ARM.Collect$$rtexit$$00000000)
    .ARM.Collect$$rtexit$$00000002           0x0800024a   Section        0  rtexit2.o(.ARM.Collect$$rtexit$$00000002)
    .ARM.Collect$$rtexit$$00000003           0x0800024a   Section        4  rtexit2.o(.ARM.Collect$$rtexit$$00000003)
    .ARM.Collect$$rtexit$$00000004           0x0800024e   Section        6  rtexit2.o(.ARM.Collect$$rtexit$$00000004)
    $v0                                      0x08000254   Number         0  startup_gd32e50x_hd.o(.text)
    .text                                    0x08000254   Section       64  startup_gd32e50x_hd.o(.text)
    .text                                    0x08000294   Section        0  noretval__2sprintf.o(.text)
    .text                                    0x080002bc   Section        0  _printf_pad.o(.text)
    .text                                    0x0800030a   Section        0  _printf_str.o(.text)
    .text                                    0x0800035c   Section        0  _printf_hex_int.o(.text)
    .text                                    0x080003b4   Section        0  __printf_flags_wp.o(.text)
    .text                                    0x080004ec   Section        0  heapauxi.o(.text)
    .text                                    0x080004f2   Section        0  _printf_intcommon.o(.text)
    _printf_input_char                       0x080005a5   Thumb Code    10  _printf_char_common.o(.text)
    .text                                    0x080005a4   Section        0  _printf_char_common.o(.text)
    .text                                    0x080005d4   Section        0  _sputc.o(.text)
    .text                                    0x080005de   Section        0  _printf_char.o(.text)
    .text                                    0x0800060a   Section       74  sys_stackheap_outer.o(.text)
    .text                                    0x08000654   Section        0  exit.o(.text)
    .text                                    0x08000668   Section        8  libspace.o(.text)
    .text                                    0x08000670   Section        0  sys_exit.o(.text)
    .text                                    0x0800067c   Section        2  use_no_semi.o(.text)
    .text                                    0x0800067e   Section        0  indicate_semi.o(.text)
    [Anonymous Symbol]                       0x08000680   Section        0  gd32e50x_it.o(.text.BusFault_Handler)
    [Anonymous Symbol]                       0x08000684   Section        0  gd32e50x_it.o(.text.DMA0_Channel5_IRQHandler)
    [Anonymous Symbol]                       0x080006f0   Section        0  gd32e50x_it.o(.text.DMA0_Channel6_IRQHandler)
    [Anonymous Symbol]                       0x08000720   Section        0  gd32e50x_it.o(.text.DebugMon_Handler)
    [Anonymous Symbol]                       0x08000724   Section        0  gd32e50x_it.o(.text.HardFault_Handler)
    [Anonymous Symbol]                       0x08000728   Section        0  gd32e50x_it.o(.text.MemManage_Handler)
    [Anonymous Symbol]                       0x0800072c   Section        0  gd32e50x_it.o(.text.NMI_Handler)
    [Anonymous Symbol]                       0x08000730   Section        0  gd32e50x_it.o(.text.PendSV_Handler)
    [Anonymous Symbol]                       0x08000734   Section        0  gd32e50x_it.o(.text.SVC_Handler)
    SysTick_Config                           0x08000739   Thumb Code    42  systick.o(.text.SysTick_Config)
    [Anonymous Symbol]                       0x08000738   Section        0  systick.o(.text.SysTick_Config)
    [Anonymous Symbol]                       0x08000764   Section        0  gd32e50x_it.o(.text.SysTick_Handler)
    [Anonymous Symbol]                       0x08000768   Section        0  system_gd32e50x.o(.text.SystemInit)
    [Anonymous Symbol]                       0x08000810   Section        0  gd32e50x_it.o(.text.UsageFault_Handler)
    __NVIC_SetPriority                       0x08000815   Thumb Code    14  systick.o(.text.__NVIC_SetPriority)
    [Anonymous Symbol]                       0x08000814   Section        0  systick.o(.text.__NVIC_SetPriority)
    [Anonymous Symbol]                       0x08000824   Section        0  gd32e50x_dma.o(.text.dma_channel_disable)
    [Anonymous Symbol]                       0x08000848   Section        0  gd32e50x_dma.o(.text.dma_channel_enable)
    [Anonymous Symbol]                       0x0800086c   Section        0  gd32e50x_dma.o(.text.dma_circulation_disable)
    [Anonymous Symbol]                       0x08000890   Section        0  gd32e50x_dma.o(.text.dma_deinit)
    [Anonymous Symbol]                       0x080008cc   Section        0  gd32e50x_dma.o(.text.dma_flag_clear)
    [Anonymous Symbol]                       0x080008ec   Section        0  gd32e50x_dma.o(.text.dma_init)
    [Anonymous Symbol]                       0x08000960   Section        0  gd32e50x_dma.o(.text.dma_interrupt_enable)
    [Anonymous Symbol]                       0x08000984   Section        0  gd32e50x_dma.o(.text.dma_interrupt_flag_clear)
    [Anonymous Symbol]                       0x080009a4   Section        0  gd32e50x_dma.o(.text.dma_interrupt_flag_get)
    [Anonymous Symbol]                       0x080009f0   Section        0  gd32e50x_dma.o(.text.dma_memory_address_config)
    [Anonymous Symbol]                       0x08000a10   Section        0  gd32e50x_dma.o(.text.dma_memory_to_memory_disable)
    [Anonymous Symbol]                       0x08000a34   Section        0  usart1_dma0.o(.text.dma_nvic_config)
    dma_periph_and_channel_check             0x08000a4d   Thumb Code    26  gd32e50x_dma.o(.text.dma_periph_and_channel_check)
    [Anonymous Symbol]                       0x08000a4c   Section        0  gd32e50x_dma.o(.text.dma_periph_and_channel_check)
    [Anonymous Symbol]                       0x08000a68   Section        0  gd32e50x_dma.o(.text.dma_transfer_number_config)
    [Anonymous Symbol]                       0x08000a88   Section        0  gd32e50x_gpio.o(.text.gpio_bit_reset)
    [Anonymous Symbol]                       0x08000a8c   Section        0  gd32e50x_gpio.o(.text.gpio_bit_set)
    [Anonymous Symbol]                       0x08000a90   Section        0  gd32e50x_gpio.o(.text.gpio_init)
    [Anonymous Symbol]                       0x08000b48   Section        0  gd32e50x_gpio.o(.text.gpio_input_bit_get)
    [Anonymous Symbol]                       0x08000b54   Section        0  main.o(.text.main)
    [Anonymous Symbol]                       0x08000bc4   Section        0  gd32e50x_misc.o(.text.nvic_irq_enable)
    [Anonymous Symbol]                       0x08000c68   Section        0  gd32e50x_misc.o(.text.nvic_priority_group_set)
    [Anonymous Symbol]                       0x08000c7c   Section        0  gd32e50x_misc.o(.text.nvic_vector_table_set)
    [Anonymous Symbol]                       0x08000c98   Section        0  gd32e50x_rcu.o(.text.rcu_clock_freq_get)
    [Anonymous Symbol]                       0x08000db8   Section        0  gd32e50x_rcu.o(.text.rcu_periph_clock_enable)
    [Anonymous Symbol]                       0x08000dd8   Section        0  gd32e50x_rcu.o(.text.rcu_periph_reset_disable)
    [Anonymous Symbol]                       0x08000df8   Section        0  gd32e50x_rcu.o(.text.rcu_periph_reset_enable)
    [Anonymous Symbol]                       0x08000e18   Section        0  mr_j2s_a_servo.o(.text.servo_handle_error)
    [Anonymous Symbol]                       0x08000e3c   Section        0  mr_j2s_a_servo.o(.text.servo_init)
    [Anonymous Symbol]                       0x08000e78   Section        0  mr_j2s_a_servo.o(.text.servo_send_eot)
    [Anonymous Symbol]                       0x08000ea0   Section        0  mr_j2s_a_servo.o(.text.servo_send_read_command)
    system_clock_180m_hxtal                  0x08000f49   Thumb Code   228  system_gd32e50x.o(.text.system_clock_180m_hxtal)
    [Anonymous Symbol]                       0x08000f48   Section        0  system_gd32e50x.o(.text.system_clock_180m_hxtal)
    system_clock_config                      0x0800102d   Thumb Code     8  system_gd32e50x.o(.text.system_clock_config)
    [Anonymous Symbol]                       0x0800102c   Section        0  system_gd32e50x.o(.text.system_clock_config)
    [Anonymous Symbol]                       0x08001034   Section        0  systick.o(.text.systick_config)
    [Anonymous Symbol]                       0x08001060   Section        0  usart1_dma0.o(.text.usart1_dma0_rxdata)
    [Anonymous Symbol]                       0x08001090   Section        0  usart1_dma0.o(.text.usart1_dma0_rxinit)
    [Anonymous Symbol]                       0x08001108   Section        0  usart1_dma0.o(.text.usart1_dma0_send)
    [Anonymous Symbol]                       0x08001144   Section        0  usart1_dma0.o(.text.usart1_dma0_txinit)
    [Anonymous Symbol]                       0x080011b4   Section        0  usart1_dma0.o(.text.usart1_init)
    [Anonymous Symbol]                       0x08001230   Section        0  gd32e50x_usart.o(.text.usart_baudrate_set)
    [Anonymous Symbol]                       0x08001300   Section        0  gd32e50x_usart.o(.text.usart_deinit)
    [Anonymous Symbol]                       0x08001388   Section        0  gd32e50x_usart.o(.text.usart_dma_receive_config)
    [Anonymous Symbol]                       0x080013b0   Section        0  gd32e50x_usart.o(.text.usart_dma_transmit_config)
    [Anonymous Symbol]                       0x080013d8   Section        0  gd32e50x_usart.o(.text.usart_enable)
    [Anonymous Symbol]                       0x080013f8   Section        0  gd32e50x_usart.o(.text.usart_parity_config)
    [Anonymous Symbol]                       0x08001434   Section        0  gd32e50x_usart.o(.text.usart_receive_config)
    [Anonymous Symbol]                       0x08001458   Section        0  gd32e50x_usart.o(.text.usart_stop_bit_set)
    [Anonymous Symbol]                       0x08001488   Section        0  gd32e50x_usart.o(.text.usart_transmit_config)
    [Anonymous Symbol]                       0x080014ac   Section        0  gd32e50x_usart.o(.text.usart_word_length_set)
    i._is_digit                              0x080014e8   Section        0  __printf_wp.o(i._is_digit)
    $v0                                      0x080014f6   Number         0  fpinit.o(x$fpl$fpinit)
    x$fpl$fpinit                             0x080014f6   Section       26  fpinit.o(x$fpl$fpinit)
    uc_hextab                                0x08001510   Data          20  _printf_hex_int.o(.constdata)
    .constdata                               0x08001510   Section       40  _printf_hex_int.o(.constdata)
    lc_hextab                                0x08001524   Data          20  _printf_hex_int.o(.constdata)
    maptable                                 0x08001538   Data          17  __printf_flags_wp.o(.constdata)
    .constdata                               0x08001538   Section       17  __printf_flags_wp.o(.constdata)
    .bss                                     0x20000020   Section       96  libspace.o(.bss)
    Heap_Mem                                 0x20000118   Data        1024  startup_gd32e50x_hd.o(HEAP)
    HEAP                                     0x20000118   Section     1024  startup_gd32e50x_hd.o(HEAP)
    Stack_Mem                                0x20000518   Data        1024  startup_gd32e50x_hd.o(STACK)
    STACK                                    0x20000518   Section     1024  startup_gd32e50x_hd.o(STACK)
    __initial_sp                             0x20000918   Data           0  startup_gd32e50x_hd.o(STACK)

    Global Symbols

    Symbol Name                              Value     Ov Type        Size  Object(Section)

    BuildAttributes$$THM_ISAv4$E$P$D$K$B$S$7EM$8M$VFPi5$EXTD16$VFPS$VFMA$PE$A:L22UL41UL21$X:L11$S22US41US21$IEEE1$IW$~IW$USESV6$~STKCKD$USESV7$~SHL$OTIME$ROPI$EBA8$UX$STANDARDLIB$REQ8$PRES8$EABIv2 0x00000000   Number         0  anon$$obj.o ABSOLUTE
    _printf_flags                            0x00000000   Number         0  printf_stubs.o ABSOLUTE
    _printf_return_value                     0x00000000   Number         0  printf_stubs.o ABSOLUTE
    _printf_sizespec                         0x00000000   Number         0  printf_stubs.o ABSOLUTE
    _printf_widthprec                        0x00000000   Number         0  printf_stubs.o ABSOLUTE
    __ARM_exceptions_init                     - Undefined Weak Reference
    __alloca_initialize                       - Undefined Weak Reference
    __arm_preinit_                            - Undefined Weak Reference
    __cpp_initialize__aeabi_                  - Undefined Weak Reference
    __cxa_finalize                            - Undefined Weak Reference
    __rt_locale                               - Undefined Weak Reference
    __sigvec_lookup                           - Undefined Weak Reference
    _atexit_init                              - Undefined Weak Reference
    _call_atexit_fns                          - Undefined Weak Reference
    _clock_init                               - Undefined Weak Reference
    _fp_trap_init                             - Undefined Weak Reference
    _fp_trap_shutdown                         - Undefined Weak Reference
    _get_lc_collate                           - Undefined Weak Reference
    _get_lc_ctype                             - Undefined Weak Reference
    _get_lc_monetary                          - Undefined Weak Reference
    _get_lc_numeric                           - Undefined Weak Reference
    _get_lc_time                              - Undefined Weak Reference
    _getenv_init                              - Undefined Weak Reference
    _handle_redirection                       - Undefined Weak Reference
    _init_alloc                               - Undefined Weak Reference
    _init_user_alloc                          - Undefined Weak Reference
    _initio                                   - Undefined Weak Reference
    _printf_mbtowc                            - Undefined Weak Reference
    _printf_truncate_unsigned                 - Undefined Weak Reference
    _rand_init                                - Undefined Weak Reference
    _signal_finish                            - Undefined Weak Reference
    _signal_init                              - Undefined Weak Reference
    _terminate_alloc                          - Undefined Weak Reference
    _terminate_user_alloc                     - Undefined Weak Reference
    _terminateio                              - Undefined Weak Reference
    __Vectors_Size                           0x000001a0   Number         0  startup_gd32e50x_hd.o ABSOLUTE
    __Vectors                                0x08000000   Data           4  startup_gd32e50x_hd.o(RESET)
    __Vectors_End                            0x080001a0   Data           0  startup_gd32e50x_hd.o(RESET)
    __main                                   0x080001a1   Thumb Code     8  __main.o(!!!main)
    __scatterload                            0x080001a9   Thumb Code     0  __scatter.o(!!!scatter)
    __scatterload_rt2                        0x080001a9   Thumb Code    44  __scatter.o(!!!scatter)
    __scatterload_rt2_thumb_only             0x080001a9   Thumb Code     0  __scatter.o(!!!scatter)
    __scatterload_null                       0x080001b7   Thumb Code     0  __scatter.o(!!!scatter)
    __scatterload_copy                       0x080001dd   Thumb Code    26  __scatter_copy.o(!!handler_copy)
    __scatterload_zeroinit                   0x080001f9   Thumb Code    28  __scatter_zi.o(!!handler_zi)
    _printf_percent                          0x08000215   Thumb Code     0  _printf_percent.o(.ARM.Collect$$_printf_percent$$00000000)
    _printf_x                                0x08000215   Thumb Code     0  _printf_x.o(.ARM.Collect$$_printf_percent$$0000000C)
    _printf_c                                0x0800021b   Thumb Code     0  _printf_c.o(.ARM.Collect$$_printf_percent$$00000013)
    _printf_s                                0x08000221   Thumb Code     0  _printf_s.o(.ARM.Collect$$_printf_percent$$00000014)
    _printf_percent_end                      0x08000227   Thumb Code     0  _printf_percent_end.o(.ARM.Collect$$_printf_percent$$00000017)
    __rt_lib_init                            0x0800022b   Thumb Code     0  libinit.o(.ARM.Collect$$libinit$$00000000)
    __rt_lib_init_fp_1                       0x0800022d   Thumb Code     0  libinit2.o(.ARM.Collect$$libinit$$00000001)
    __rt_lib_init_alloca_1                   0x08000231   Thumb Code     0  libinit2.o(.ARM.Collect$$libinit$$0000002E)
    __rt_lib_init_argv_1                     0x08000231   Thumb Code     0  libinit2.o(.ARM.Collect$$libinit$$0000002C)
    __rt_lib_init_atexit_1                   0x08000231   Thumb Code     0  libinit2.o(.ARM.Collect$$libinit$$0000001B)
    __rt_lib_init_clock_1                    0x08000231   Thumb Code     0  libinit2.o(.ARM.Collect$$libinit$$00000021)
    __rt_lib_init_cpp_1                      0x08000231   Thumb Code     0  libinit2.o(.ARM.Collect$$libinit$$00000032)
    __rt_lib_init_exceptions_1               0x08000231   Thumb Code     0  libinit2.o(.ARM.Collect$$libinit$$00000030)
    __rt_lib_init_fp_trap_1                  0x08000231   Thumb Code     0  libinit2.o(.ARM.Collect$$libinit$$0000001F)
    __rt_lib_init_getenv_1                   0x08000231   Thumb Code     0  libinit2.o(.ARM.Collect$$libinit$$00000023)
    __rt_lib_init_heap_1                     0x08000231   Thumb Code     0  libinit2.o(.ARM.Collect$$libinit$$0000000A)
    __rt_lib_init_lc_collate_1               0x08000231   Thumb Code     0  libinit2.o(.ARM.Collect$$libinit$$00000011)
    __rt_lib_init_lc_ctype_1                 0x08000231   Thumb Code     0  libinit2.o(.ARM.Collect$$libinit$$00000013)
    __rt_lib_init_lc_monetary_1              0x08000231   Thumb Code     0  libinit2.o(.ARM.Collect$$libinit$$00000015)
    __rt_lib_init_lc_numeric_1               0x08000231   Thumb Code     0  libinit2.o(.ARM.Collect$$libinit$$00000017)
    __rt_lib_init_lc_time_1                  0x08000231   Thumb Code     0  libinit2.o(.ARM.Collect$$libinit$$00000019)
    __rt_lib_init_preinit_1                  0x08000231   Thumb Code     0  libinit2.o(.ARM.Collect$$libinit$$00000004)
    __rt_lib_init_rand_1                     0x08000231   Thumb Code     0  libinit2.o(.ARM.Collect$$libinit$$0000000E)
    __rt_lib_init_return                     0x08000231   Thumb Code     0  libinit2.o(.ARM.Collect$$libinit$$00000033)
    __rt_lib_init_signal_1                   0x08000231   Thumb Code     0  libinit2.o(.ARM.Collect$$libinit$$0000001D)
    __rt_lib_init_stdio_1                    0x08000231   Thumb Code     0  libinit2.o(.ARM.Collect$$libinit$$00000025)
    __rt_lib_init_user_alloc_1               0x08000231   Thumb Code     0  libinit2.o(.ARM.Collect$$libinit$$0000000C)
    __rt_lib_shutdown                        0x08000233   Thumb Code     0  libshutdown.o(.ARM.Collect$$libshutdown$$00000000)
    __rt_lib_shutdown_cpp_1                  0x08000235   Thumb Code     0  libshutdown2.o(.ARM.Collect$$libshutdown$$00000002)
    __rt_lib_shutdown_fp_trap_1              0x08000235   Thumb Code     0  libshutdown2.o(.ARM.Collect$$libshutdown$$00000007)
    __rt_lib_shutdown_heap_1                 0x08000235   Thumb Code     0  libshutdown2.o(.ARM.Collect$$libshutdown$$0000000F)
    __rt_lib_shutdown_return                 0x08000235   Thumb Code     0  libshutdown2.o(.ARM.Collect$$libshutdown$$00000010)
    __rt_lib_shutdown_signal_1               0x08000235   Thumb Code     0  libshutdown2.o(.ARM.Collect$$libshutdown$$0000000A)
    __rt_lib_shutdown_stdio_1                0x08000235   Thumb Code     0  libshutdown2.o(.ARM.Collect$$libshutdown$$00000004)
    __rt_lib_shutdown_user_alloc_1           0x08000235   Thumb Code     0  libshutdown2.o(.ARM.Collect$$libshutdown$$0000000C)
    __rt_entry                               0x08000237   Thumb Code     0  __rtentry.o(.ARM.Collect$$rtentry$$00000000)
    __rt_entry_presh_1                       0x08000237   Thumb Code     0  __rtentry2.o(.ARM.Collect$$rtentry$$00000002)
    __rt_entry_sh                            0x08000237   Thumb Code     0  __rtentry4.o(.ARM.Collect$$rtentry$$00000004)
    __rt_entry_li                            0x0800023d   Thumb Code     0  __rtentry2.o(.ARM.Collect$$rtentry$$0000000A)
    __rt_entry_postsh_1                      0x0800023d   Thumb Code     0  __rtentry2.o(.ARM.Collect$$rtentry$$00000009)
    __rt_entry_main                          0x08000241   Thumb Code     0  __rtentry2.o(.ARM.Collect$$rtentry$$0000000D)
    __rt_entry_postli_1                      0x08000241   Thumb Code     0  __rtentry2.o(.ARM.Collect$$rtentry$$0000000C)
    __rt_exit                                0x08000249   Thumb Code     0  rtexit.o(.ARM.Collect$$rtexit$$00000000)
    __rt_exit_ls                             0x0800024b   Thumb Code     0  rtexit2.o(.ARM.Collect$$rtexit$$00000003)
    __rt_exit_prels_1                        0x0800024b   Thumb Code     0  rtexit2.o(.ARM.Collect$$rtexit$$00000002)
    __rt_exit_exit                           0x0800024f   Thumb Code     0  rtexit2.o(.ARM.Collect$$rtexit$$00000004)
    Reset_Handler                            0x08000255   Thumb Code     8  startup_gd32e50x_hd.o(.text)
    ADC0_1_IRQHandler                        0x0800026f   Thumb Code     0  startup_gd32e50x_hd.o(.text)
    ADC2_IRQHandler                          0x0800026f   Thumb Code     0  startup_gd32e50x_hd.o(.text)
    CAN0_EWMC_IRQHandler                     0x0800026f   Thumb Code     0  startup_gd32e50x_hd.o(.text)
    CAN0_RX1_IRQHandler                      0x0800026f   Thumb Code     0  startup_gd32e50x_hd.o(.text)
    CAN1_EWMC_IRQHandler                     0x0800026f   Thumb Code     0  startup_gd32e50x_hd.o(.text)
    CAN1_RX0_IRQHandler                      0x0800026f   Thumb Code     0  startup_gd32e50x_hd.o(.text)
    CAN1_RX1_IRQHandler                      0x0800026f   Thumb Code     0  startup_gd32e50x_hd.o(.text)
    CAN1_TX_IRQHandler                       0x0800026f   Thumb Code     0  startup_gd32e50x_hd.o(.text)
    DMA0_Channel0_IRQHandler                 0x0800026f   Thumb Code     0  startup_gd32e50x_hd.o(.text)
    DMA0_Channel1_IRQHandler                 0x0800026f   Thumb Code     0  startup_gd32e50x_hd.o(.text)
    DMA0_Channel2_IRQHandler                 0x0800026f   Thumb Code     0  startup_gd32e50x_hd.o(.text)
    DMA0_Channel3_IRQHandler                 0x0800026f   Thumb Code     0  startup_gd32e50x_hd.o(.text)
    DMA0_Channel4_IRQHandler                 0x0800026f   Thumb Code     0  startup_gd32e50x_hd.o(.text)
    DMA1_Channel0_IRQHandler                 0x0800026f   Thumb Code     0  startup_gd32e50x_hd.o(.text)
    DMA1_Channel1_IRQHandler                 0x0800026f   Thumb Code     0  startup_gd32e50x_hd.o(.text)
    DMA1_Channel2_IRQHandler                 0x0800026f   Thumb Code     0  startup_gd32e50x_hd.o(.text)
    DMA1_Channel3_4_IRQHandler               0x0800026f   Thumb Code     0  startup_gd32e50x_hd.o(.text)
    EXMC_IRQHandler                          0x0800026f   Thumb Code     0  startup_gd32e50x_hd.o(.text)
    EXTI0_IRQHandler                         0x0800026f   Thumb Code     0  startup_gd32e50x_hd.o(.text)
    EXTI10_15_IRQHandler                     0x0800026f   Thumb Code     0  startup_gd32e50x_hd.o(.text)
    EXTI1_IRQHandler                         0x0800026f   Thumb Code     0  startup_gd32e50x_hd.o(.text)
    EXTI2_IRQHandler                         0x0800026f   Thumb Code     0  startup_gd32e50x_hd.o(.text)
    EXTI3_IRQHandler                         0x0800026f   Thumb Code     0  startup_gd32e50x_hd.o(.text)
    EXTI4_IRQHandler                         0x0800026f   Thumb Code     0  startup_gd32e50x_hd.o(.text)
    EXTI5_9_IRQHandler                       0x0800026f   Thumb Code     0  startup_gd32e50x_hd.o(.text)
    FMC_IRQHandler                           0x0800026f   Thumb Code     0  startup_gd32e50x_hd.o(.text)
    I2C0_ER_IRQHandler                       0x0800026f   Thumb Code     0  startup_gd32e50x_hd.o(.text)
    I2C0_EV_IRQHandler                       0x0800026f   Thumb Code     0  startup_gd32e50x_hd.o(.text)
    I2C1_ER_IRQHandler                       0x0800026f   Thumb Code     0  startup_gd32e50x_hd.o(.text)
    I2C1_EV_IRQHandler                       0x0800026f   Thumb Code     0  startup_gd32e50x_hd.o(.text)
    I2C2_ER_IRQHandler                       0x0800026f   Thumb Code     0  startup_gd32e50x_hd.o(.text)
    I2C2_EV_IRQHandler                       0x0800026f   Thumb Code     0  startup_gd32e50x_hd.o(.text)
    I2C2_WKUP_IRQHandler                     0x0800026f   Thumb Code     0  startup_gd32e50x_hd.o(.text)
    LVD_IRQHandler                           0x0800026f   Thumb Code     0  startup_gd32e50x_hd.o(.text)
    RCU_CTC_IRQHandler                       0x0800026f   Thumb Code     0  startup_gd32e50x_hd.o(.text)
    RTC_Alarm_IRQHandler                     0x0800026f   Thumb Code     0  startup_gd32e50x_hd.o(.text)
    RTC_IRQHandler                           0x0800026f   Thumb Code     0  startup_gd32e50x_hd.o(.text)
    SDIO_IRQHandler                          0x0800026f   Thumb Code     0  startup_gd32e50x_hd.o(.text)
    SHRTIMER_IRQ0_IRQHandler                 0x0800026f   Thumb Code     0  startup_gd32e50x_hd.o(.text)
    SHRTIMER_IRQ1_IRQHandler                 0x0800026f   Thumb Code     0  startup_gd32e50x_hd.o(.text)
    SHRTIMER_IRQ2_IRQHandler                 0x0800026f   Thumb Code     0  startup_gd32e50x_hd.o(.text)
    SHRTIMER_IRQ3_IRQHandler                 0x0800026f   Thumb Code     0  startup_gd32e50x_hd.o(.text)
    SHRTIMER_IRQ4_IRQHandler                 0x0800026f   Thumb Code     0  startup_gd32e50x_hd.o(.text)
    SHRTIMER_IRQ5_IRQHandler                 0x0800026f   Thumb Code     0  startup_gd32e50x_hd.o(.text)
    SHRTIMER_IRQ6_IRQHandler                 0x0800026f   Thumb Code     0  startup_gd32e50x_hd.o(.text)
    SPI0_IRQHandler                          0x0800026f   Thumb Code     0  startup_gd32e50x_hd.o(.text)
    SPI1_I2S1ADD_IRQHandler                  0x0800026f   Thumb Code     0  startup_gd32e50x_hd.o(.text)
    SPI2_I2S2ADD_IRQHandler                  0x0800026f   Thumb Code     0  startup_gd32e50x_hd.o(.text)
    TAMPER_IRQHandler                        0x0800026f   Thumb Code     0  startup_gd32e50x_hd.o(.text)
    TIMER0_BRK_TIMER8_IRQHandler             0x0800026f   Thumb Code     0  startup_gd32e50x_hd.o(.text)
    TIMER0_Channel_IRQHandler                0x0800026f   Thumb Code     0  startup_gd32e50x_hd.o(.text)
    TIMER0_TRG_CMT_TIMER10_IRQHandler        0x0800026f   Thumb Code     0  startup_gd32e50x_hd.o(.text)
    TIMER0_UP_TIMER9_IRQHandler              0x0800026f   Thumb Code     0  startup_gd32e50x_hd.o(.text)
    TIMER1_IRQHandler                        0x0800026f   Thumb Code     0  startup_gd32e50x_hd.o(.text)
    TIMER2_IRQHandler                        0x0800026f   Thumb Code     0  startup_gd32e50x_hd.o(.text)
    TIMER3_IRQHandler                        0x0800026f   Thumb Code     0  startup_gd32e50x_hd.o(.text)
    TIMER4_IRQHandler                        0x0800026f   Thumb Code     0  startup_gd32e50x_hd.o(.text)
    TIMER5_DAC_IRQHandler                    0x0800026f   Thumb Code     0  startup_gd32e50x_hd.o(.text)
    TIMER6_IRQHandler                        0x0800026f   Thumb Code     0  startup_gd32e50x_hd.o(.text)
    TIMER7_BRK_TIMER11_IRQHandler            0x0800026f   Thumb Code     0  startup_gd32e50x_hd.o(.text)
    TIMER7_Channel_IRQHandler                0x0800026f   Thumb Code     0  startup_gd32e50x_hd.o(.text)
    TIMER7_TRG_CMT_TIMER13_IRQHandler        0x0800026f   Thumb Code     0  startup_gd32e50x_hd.o(.text)
    TIMER7_UP_TIMER12_IRQHandler             0x0800026f   Thumb Code     0  startup_gd32e50x_hd.o(.text)
    UART3_IRQHandler                         0x0800026f   Thumb Code     0  startup_gd32e50x_hd.o(.text)
    UART4_IRQHandler                         0x0800026f   Thumb Code     0  startup_gd32e50x_hd.o(.text)
    USART0_IRQHandler                        0x0800026f   Thumb Code     0  startup_gd32e50x_hd.o(.text)
    USART1_IRQHandler                        0x0800026f   Thumb Code     0  startup_gd32e50x_hd.o(.text)
    USART2_IRQHandler                        0x0800026f   Thumb Code     0  startup_gd32e50x_hd.o(.text)
    USART5_IRQHandler                        0x0800026f   Thumb Code     0  startup_gd32e50x_hd.o(.text)
    USART5_WKUP_IRQHandler                   0x0800026f   Thumb Code     0  startup_gd32e50x_hd.o(.text)
    USBD_HP_CAN0_TX_IRQHandler               0x0800026f   Thumb Code     0  startup_gd32e50x_hd.o(.text)
    USBD_LP_CAN0_RX0_IRQHandler              0x0800026f   Thumb Code     0  startup_gd32e50x_hd.o(.text)
    USBD_WKUP_IRQHandler                     0x0800026f   Thumb Code     0  startup_gd32e50x_hd.o(.text)
    WWDGT_IRQHandler                         0x0800026f   Thumb Code     0  startup_gd32e50x_hd.o(.text)
    __user_initial_stackheap                 0x08000271   Thumb Code    10  startup_gd32e50x_hd.o(.text)
    __2sprintf                               0x08000295   Thumb Code    34  noretval__2sprintf.o(.text)
    _printf_pre_padding                      0x080002bd   Thumb Code    44  _printf_pad.o(.text)
    _printf_post_padding                     0x080002e9   Thumb Code    34  _printf_pad.o(.text)
    _printf_str                              0x0800030b   Thumb Code    82  _printf_str.o(.text)
    _printf_int_hex                          0x0800035d   Thumb Code    84  _printf_hex_int.o(.text)
    _printf_longlong_hex                     0x0800035d   Thumb Code     0  _printf_hex_int.o(.text)
    __printf                                 0x080003b5   Thumb Code   308  __printf_flags_wp.o(.text)
    __use_two_region_memory                  0x080004ed   Thumb Code     2  heapauxi.o(.text)
    __rt_heap_escrow$2region                 0x080004ef   Thumb Code     2  heapauxi.o(.text)
    __rt_heap_expand$2region                 0x080004f1   Thumb Code     2  heapauxi.o(.text)
    _printf_int_common                       0x080004f3   Thumb Code   178  _printf_intcommon.o(.text)
    _printf_char_common                      0x080005af   Thumb Code    32  _printf_char_common.o(.text)
    _sputc                                   0x080005d5   Thumb Code    10  _sputc.o(.text)
    _printf_cs_common                        0x080005df   Thumb Code    20  _printf_char.o(.text)
    _printf_char                             0x080005f3   Thumb Code    16  _printf_char.o(.text)
    _printf_string                           0x08000603   Thumb Code     8  _printf_char.o(.text)
    __user_setup_stackheap                   0x0800060b   Thumb Code    74  sys_stackheap_outer.o(.text)
    exit                                     0x08000655   Thumb Code    18  exit.o(.text)
    __user_libspace                          0x08000669   Thumb Code     8  libspace.o(.text)
    __user_perproc_libspace                  0x08000669   Thumb Code     0  libspace.o(.text)
    __user_perthread_libspace                0x08000669   Thumb Code     0  libspace.o(.text)
    _sys_exit                                0x08000671   Thumb Code     8  sys_exit.o(.text)
    __I$use$semihosting                      0x0800067d   Thumb Code     0  use_no_semi.o(.text)
    __use_no_semihosting_swi                 0x0800067d   Thumb Code     2  use_no_semi.o(.text)
    __semihosting_library_function           0x0800067f   Thumb Code     0  indicate_semi.o(.text)
    BusFault_Handler                         0x08000681   Thumb Code     2  gd32e50x_it.o(.text.BusFault_Handler)
    DMA0_Channel5_IRQHandler                 0x08000685   Thumb Code   108  gd32e50x_it.o(.text.DMA0_Channel5_IRQHandler)
    DMA0_Channel6_IRQHandler                 0x080006f1   Thumb Code    48  gd32e50x_it.o(.text.DMA0_Channel6_IRQHandler)
    DebugMon_Handler                         0x08000721   Thumb Code     2  gd32e50x_it.o(.text.DebugMon_Handler)
    HardFault_Handler                        0x08000725   Thumb Code     2  gd32e50x_it.o(.text.HardFault_Handler)
    MemManage_Handler                        0x08000729   Thumb Code     2  gd32e50x_it.o(.text.MemManage_Handler)
    NMI_Handler                              0x0800072d   Thumb Code     2  gd32e50x_it.o(.text.NMI_Handler)
    PendSV_Handler                           0x08000731   Thumb Code     2  gd32e50x_it.o(.text.PendSV_Handler)
    SVC_Handler                              0x08000735   Thumb Code     2  gd32e50x_it.o(.text.SVC_Handler)
    SysTick_Handler                          0x08000765   Thumb Code     2  gd32e50x_it.o(.text.SysTick_Handler)
    SystemInit                               0x08000769   Thumb Code   166  system_gd32e50x.o(.text.SystemInit)
    UsageFault_Handler                       0x08000811   Thumb Code     2  gd32e50x_it.o(.text.UsageFault_Handler)
    dma_channel_disable                      0x08000825   Thumb Code    34  gd32e50x_dma.o(.text.dma_channel_disable)
    dma_channel_enable                       0x08000849   Thumb Code    34  gd32e50x_dma.o(.text.dma_channel_enable)
    dma_circulation_disable                  0x0800086d   Thumb Code    34  gd32e50x_dma.o(.text.dma_circulation_disable)
    dma_deinit                               0x08000891   Thumb Code    58  gd32e50x_dma.o(.text.dma_deinit)
    dma_flag_clear                           0x080008cd   Thumb Code    30  gd32e50x_dma.o(.text.dma_flag_clear)
    dma_init                                 0x080008ed   Thumb Code   114  gd32e50x_dma.o(.text.dma_init)
    dma_interrupt_enable                     0x08000961   Thumb Code    34  gd32e50x_dma.o(.text.dma_interrupt_enable)
    dma_interrupt_flag_clear                 0x08000985   Thumb Code    30  gd32e50x_dma.o(.text.dma_interrupt_flag_clear)
    dma_interrupt_flag_get                   0x080009a5   Thumb Code    74  gd32e50x_dma.o(.text.dma_interrupt_flag_get)
    dma_memory_address_config                0x080009f1   Thumb Code    30  gd32e50x_dma.o(.text.dma_memory_address_config)
    dma_memory_to_memory_disable             0x08000a11   Thumb Code    34  gd32e50x_dma.o(.text.dma_memory_to_memory_disable)
    dma_nvic_config                          0x08000a35   Thumb Code    24  usart1_dma0.o(.text.dma_nvic_config)
    dma_transfer_number_config               0x08000a69   Thumb Code    30  gd32e50x_dma.o(.text.dma_transfer_number_config)
    gpio_bit_reset                           0x08000a89   Thumb Code     4  gd32e50x_gpio.o(.text.gpio_bit_reset)
    gpio_bit_set                             0x08000a8d   Thumb Code     4  gd32e50x_gpio.o(.text.gpio_bit_set)
    gpio_init                                0x08000a91   Thumb Code   182  gd32e50x_gpio.o(.text.gpio_init)
    gpio_input_bit_get                       0x08000b49   Thumb Code    10  gd32e50x_gpio.o(.text.gpio_input_bit_get)
    main                                     0x08000b55   Thumb Code   112  main.o(.text.main)
    nvic_irq_enable                          0x08000bc5   Thumb Code   162  gd32e50x_misc.o(.text.nvic_irq_enable)
    nvic_priority_group_set                  0x08000c69   Thumb Code    20  gd32e50x_misc.o(.text.nvic_priority_group_set)
    nvic_vector_table_set                    0x08000c7d   Thumb Code    28  gd32e50x_misc.o(.text.nvic_vector_table_set)
    rcu_clock_freq_get                       0x08000c99   Thumb Code   264  gd32e50x_rcu.o(.text.rcu_clock_freq_get)
    rcu_periph_clock_enable                  0x08000db9   Thumb Code    30  gd32e50x_rcu.o(.text.rcu_periph_clock_enable)
    rcu_periph_reset_disable                 0x08000dd9   Thumb Code    32  gd32e50x_rcu.o(.text.rcu_periph_reset_disable)
    rcu_periph_reset_enable                  0x08000df9   Thumb Code    30  gd32e50x_rcu.o(.text.rcu_periph_reset_enable)
    servo_handle_error                       0x08000e19   Thumb Code    34  mr_j2s_a_servo.o(.text.servo_handle_error)
    servo_init                               0x08000e3d   Thumb Code    60  mr_j2s_a_servo.o(.text.servo_init)
    servo_send_eot                           0x08000e79   Thumb Code    32  mr_j2s_a_servo.o(.text.servo_send_eot)
    servo_send_read_command                  0x08000ea1   Thumb Code   144  mr_j2s_a_servo.o(.text.servo_send_read_command)
    systick_config                           0x08001035   Thumb Code    42  systick.o(.text.systick_config)
    usart1_dma0_rxdata                       0x08001061   Thumb Code    48  usart1_dma0.o(.text.usart1_dma0_rxdata)
    usart1_dma0_rxinit                       0x08001091   Thumb Code   118  usart1_dma0.o(.text.usart1_dma0_rxinit)
    usart1_dma0_send                         0x08001109   Thumb Code    60  usart1_dma0.o(.text.usart1_dma0_send)
    usart1_dma0_txinit                       0x08001145   Thumb Code   110  usart1_dma0.o(.text.usart1_dma0_txinit)
    usart1_init                              0x080011b5   Thumb Code   122  usart1_dma0.o(.text.usart1_init)
    usart_baudrate_set                       0x08001231   Thumb Code   206  gd32e50x_usart.o(.text.usart_baudrate_set)
    usart_deinit                             0x08001301   Thumb Code   136  gd32e50x_usart.o(.text.usart_deinit)
    usart_dma_receive_config                 0x08001389   Thumb Code    40  gd32e50x_usart.o(.text.usart_dma_receive_config)
    usart_dma_transmit_config                0x080013b1   Thumb Code    40  gd32e50x_usart.o(.text.usart_dma_transmit_config)
    usart_enable                             0x080013d9   Thumb Code    32  gd32e50x_usart.o(.text.usart_enable)
    usart_parity_config                      0x080013f9   Thumb Code    60  gd32e50x_usart.o(.text.usart_parity_config)
    usart_receive_config                     0x08001435   Thumb Code    36  gd32e50x_usart.o(.text.usart_receive_config)
    usart_stop_bit_set                       0x08001459   Thumb Code    48  gd32e50x_usart.o(.text.usart_stop_bit_set)
    usart_transmit_config                    0x08001489   Thumb Code    36  gd32e50x_usart.o(.text.usart_transmit_config)
    usart_word_length_set                    0x080014ad   Thumb Code    60  gd32e50x_usart.o(.text.usart_word_length_set)
    _is_digit                                0x080014e9   Thumb Code    14  __printf_wp.o(i._is_digit)
    _fp_init                                 0x080014f7   Thumb Code    26  fpinit.o(x$fpl$fpinit)
    __fplib_config_fpu_vfp                   0x0800150f   Thumb Code     0  fpinit.o(x$fpl$fpinit)
    __fplib_config_pureend_doubles           0x0800150f   Thumb Code     0  fpinit.o(x$fpl$fpinit)
    Region$$Table$$Base                      0x0800154c   Number         0  anon$$obj.o(Region$$Table)
    Region$$Table$$Limit                     0x0800156c   Number         0  anon$$obj.o(Region$$Table)
    SystemCoreClock                          0x20000000   Data           4  system_gd32e50x.o(.data.SystemCoreClock)
    ascii                                    0x20000004   Data          16  mr_j2s_a_servo.o(.data.ascii)
    rx_size                                  0x20000014   Data           2  mr_j2s_a_servo.o(.data.rx_size)
    servo_ready                              0x20000016   Data           1  mr_j2s_a_servo.o(.data.servo_ready)
    tx_read_size                             0x20000018   Data           2  mr_j2s_a_servo.o(.data.tx_read_size)
    __libspace_start                         0x20000020   Data          96  libspace.o(.bss)
    __temporary_stack_top$libspace           0x20000080   Data           0  libspace.o(.bss)
    rxbuffer                                 0x20000080   Data          50  mr_j2s_a_servo.o(.bss.rxbuffer)
    tx_read_buffer                           0x200000b2   Data          50  mr_j2s_a_servo.o(.bss.tx_read_buffer)
    tx_write_buffer                          0x200000e4   Data          50  mr_j2s_a_servo.o(.bss.tx_write_buffer)



==============================================================================

Memory Map of the image

  Image Entry point : 0x080001a1

  Load Region LR_IROM1 (Base: 0x08000000, Size: 0x00001590, Max: 0x00080000, ABSOLUTE)

    Execution Region ER_IROM1 (Exec base: 0x08000000, Load base: 0x08000000, Size: 0x0000156c, Max: 0x00080000, ABSOLUTE)

    Exec Addr    Load Addr    Size         Type   Attr      Idx    E Section Name        Object

    0x08000000   0x08000000   0x000001a0   Data   RO          145    RESET               startup_gd32e50x_hd.o
    0x080001a0   0x080001a0   0x00000008   Code   RO         2033  * !!!main             c_w.l(__main.o)
    0x080001a8   0x080001a8   0x00000034   Code   RO         2207    !!!scatter          c_w.l(__scatter.o)
    0x080001dc   0x080001dc   0x0000001a   Code   RO         2209    !!handler_copy      c_w.l(__scatter_copy.o)
    0x080001f6   0x080001f6   0x00000002   PAD
    0x080001f8   0x080001f8   0x0000001c   Code   RO         2211    !!handler_zi        c_w.l(__scatter_zi.o)
    0x08000214   0x08000214   0x00000000   Code   RO         2028    .ARM.Collect$$_printf_percent$$00000000  c_w.l(_printf_percent.o)
    0x08000214   0x08000214   0x00000006   Code   RO         2027    .ARM.Collect$$_printf_percent$$0000000C  c_w.l(_printf_x.o)
    0x0800021a   0x0800021a   0x00000006   Code   RO         2025    .ARM.Collect$$_printf_percent$$00000013  c_w.l(_printf_c.o)
    0x08000220   0x08000220   0x00000006   Code   RO         2026    .ARM.Collect$$_printf_percent$$00000014  c_w.l(_printf_s.o)
    0x08000226   0x08000226   0x00000004   Code   RO         2044    .ARM.Collect$$_printf_percent$$00000017  c_w.l(_printf_percent_end.o)
    0x0800022a   0x0800022a   0x00000002   Code   RO         2071    .ARM.Collect$$libinit$$00000000  c_w.l(libinit.o)
    0x0800022c   0x0800022c   0x00000004   Code   RO         2077    .ARM.Collect$$libinit$$00000001  c_w.l(libinit2.o)
    0x08000230   0x08000230   0x00000000   Code   RO         2080    .ARM.Collect$$libinit$$00000004  c_w.l(libinit2.o)
    0x08000230   0x08000230   0x00000000   Code   RO         2083    .ARM.Collect$$libinit$$0000000A  c_w.l(libinit2.o)
    0x08000230   0x08000230   0x00000000   Code   RO         2085    .ARM.Collect$$libinit$$0000000C  c_w.l(libinit2.o)
    0x08000230   0x08000230   0x00000000   Code   RO         2087    .ARM.Collect$$libinit$$0000000E  c_w.l(libinit2.o)
    0x08000230   0x08000230   0x00000000   Code   RO         2090    .ARM.Collect$$libinit$$00000011  c_w.l(libinit2.o)
    0x08000230   0x08000230   0x00000000   Code   RO         2092    .ARM.Collect$$libinit$$00000013  c_w.l(libinit2.o)
    0x08000230   0x08000230   0x00000000   Code   RO         2094    .ARM.Collect$$libinit$$00000015  c_w.l(libinit2.o)
    0x08000230   0x08000230   0x00000000   Code   RO         2096    .ARM.Collect$$libinit$$00000017  c_w.l(libinit2.o)
    0x08000230   0x08000230   0x00000000   Code   RO         2098    .ARM.Collect$$libinit$$00000019  c_w.l(libinit2.o)
    0x08000230   0x08000230   0x00000000   Code   RO         2100    .ARM.Collect$$libinit$$0000001B  c_w.l(libinit2.o)
    0x08000230   0x08000230   0x00000000   Code   RO         2102    .ARM.Collect$$libinit$$0000001D  c_w.l(libinit2.o)
    0x08000230   0x08000230   0x00000000   Code   RO         2104    .ARM.Collect$$libinit$$0000001F  c_w.l(libinit2.o)
    0x08000230   0x08000230   0x00000000   Code   RO         2106    .ARM.Collect$$libinit$$00000021  c_w.l(libinit2.o)
    0x08000230   0x08000230   0x00000000   Code   RO         2108    .ARM.Collect$$libinit$$00000023  c_w.l(libinit2.o)
    0x08000230   0x08000230   0x00000000   Code   RO         2110    .ARM.Collect$$libinit$$00000025  c_w.l(libinit2.o)
    0x08000230   0x08000230   0x00000000   Code   RO         2114    .ARM.Collect$$libinit$$0000002C  c_w.l(libinit2.o)
    0x08000230   0x08000230   0x00000000   Code   RO         2116    .ARM.Collect$$libinit$$0000002E  c_w.l(libinit2.o)
    0x08000230   0x08000230   0x00000000   Code   RO         2118    .ARM.Collect$$libinit$$00000030  c_w.l(libinit2.o)
    0x08000230   0x08000230   0x00000000   Code   RO         2120    .ARM.Collect$$libinit$$00000032  c_w.l(libinit2.o)
    0x08000230   0x08000230   0x00000002   Code   RO         2121    .ARM.Collect$$libinit$$00000033  c_w.l(libinit2.o)
    0x08000232   0x08000232   0x00000002   Code   RO         2143    .ARM.Collect$$libshutdown$$00000000  c_w.l(libshutdown.o)
    0x08000234   0x08000234   0x00000000   Code   RO         2158    .ARM.Collect$$libshutdown$$00000002  c_w.l(libshutdown2.o)
    0x08000234   0x08000234   0x00000000   Code   RO         2160    .ARM.Collect$$libshutdown$$00000004  c_w.l(libshutdown2.o)
    0x08000234   0x08000234   0x00000000   Code   RO         2163    .ARM.Collect$$libshutdown$$00000007  c_w.l(libshutdown2.o)
    0x08000234   0x08000234   0x00000000   Code   RO         2166    .ARM.Collect$$libshutdown$$0000000A  c_w.l(libshutdown2.o)
    0x08000234   0x08000234   0x00000000   Code   RO         2168    .ARM.Collect$$libshutdown$$0000000C  c_w.l(libshutdown2.o)
    0x08000234   0x08000234   0x00000000   Code   RO         2171    .ARM.Collect$$libshutdown$$0000000F  c_w.l(libshutdown2.o)
    0x08000234   0x08000234   0x00000002   Code   RO         2172    .ARM.Collect$$libshutdown$$00000010  c_w.l(libshutdown2.o)
    0x08000236   0x08000236   0x00000000   Code   RO         2035    .ARM.Collect$$rtentry$$00000000  c_w.l(__rtentry.o)
    0x08000236   0x08000236   0x00000000   Code   RO         2046    .ARM.Collect$$rtentry$$00000002  c_w.l(__rtentry2.o)
    0x08000236   0x08000236   0x00000006   Code   RO         2058    .ARM.Collect$$rtentry$$00000004  c_w.l(__rtentry4.o)
    0x0800023c   0x0800023c   0x00000000   Code   RO         2048    .ARM.Collect$$rtentry$$00000009  c_w.l(__rtentry2.o)
    0x0800023c   0x0800023c   0x00000004   Code   RO         2049    .ARM.Collect$$rtentry$$0000000A  c_w.l(__rtentry2.o)
    0x08000240   0x08000240   0x00000000   Code   RO         2051    .ARM.Collect$$rtentry$$0000000C  c_w.l(__rtentry2.o)
    0x08000240   0x08000240   0x00000008   Code   RO         2052    .ARM.Collect$$rtentry$$0000000D  c_w.l(__rtentry2.o)
    0x08000248   0x08000248   0x00000002   Code   RO         2075    .ARM.Collect$$rtexit$$00000000  c_w.l(rtexit.o)
    0x0800024a   0x0800024a   0x00000000   Code   RO         2123    .ARM.Collect$$rtexit$$00000002  c_w.l(rtexit2.o)
    0x0800024a   0x0800024a   0x00000004   Code   RO         2124    .ARM.Collect$$rtexit$$00000003  c_w.l(rtexit2.o)
    0x0800024e   0x0800024e   0x00000006   Code   RO         2125    .ARM.Collect$$rtexit$$00000004  c_w.l(rtexit2.o)
    0x08000254   0x08000254   0x00000040   Code   RO          146    .text               startup_gd32e50x_hd.o
    0x08000294   0x08000294   0x00000028   Code   RO         1976    .text               c_w.l(noretval__2sprintf.o)
    0x080002bc   0x080002bc   0x0000004e   Code   RO         1980    .text               c_w.l(_printf_pad.o)
    0x0800030a   0x0800030a   0x00000052   Code   RO         1982    .text               c_w.l(_printf_str.o)
    0x0800035c   0x0800035c   0x00000058   Code   RO         1987    .text               c_w.l(_printf_hex_int.o)
    0x080003b4   0x080003b4   0x00000138   Code   RO         2017    .text               c_w.l(__printf_flags_wp.o)
    0x080004ec   0x080004ec   0x00000006   Code   RO         2031    .text               c_w.l(heapauxi.o)
    0x080004f2   0x080004f2   0x000000b2   Code   RO         2036    .text               c_w.l(_printf_intcommon.o)
    0x080005a4   0x080005a4   0x00000030   Code   RO         2038    .text               c_w.l(_printf_char_common.o)
    0x080005d4   0x080005d4   0x0000000a   Code   RO         2040    .text               c_w.l(_sputc.o)
    0x080005de   0x080005de   0x0000002c   Code   RO         2042    .text               c_w.l(_printf_char.o)
    0x0800060a   0x0800060a   0x0000004a   Code   RO         2062    .text               c_w.l(sys_stackheap_outer.o)
    0x08000654   0x08000654   0x00000012   Code   RO         2064    .text               c_w.l(exit.o)
    0x08000666   0x08000666   0x00000002   PAD
    0x08000668   0x08000668   0x00000008   Code   RO         2072    .text               c_w.l(libspace.o)
    0x08000670   0x08000670   0x0000000c   Code   RO         2133    .text               c_w.l(sys_exit.o)
    0x0800067c   0x0800067c   0x00000002   Code   RO         2148    .text               c_w.l(use_no_semi.o)
    0x0800067e   0x0800067e   0x00000000   Code   RO         2150    .text               c_w.l(indicate_semi.o)
    0x0800067e   0x0800067e   0x00000002   PAD
    0x08000680   0x08000680   0x00000002   Code   RO            8    .text.BusFault_Handler  gd32e50x_it.o
    0x08000682   0x08000682   0x00000002   PAD
    0x08000684   0x08000684   0x0000006c   Code   RO           22    .text.DMA0_Channel5_IRQHandler  gd32e50x_it.o
    0x080006f0   0x080006f0   0x00000030   Code   RO           20    .text.DMA0_Channel6_IRQHandler  gd32e50x_it.o
    0x08000720   0x08000720   0x00000002   Code   RO           14    .text.DebugMon_Handler  gd32e50x_it.o
    0x08000722   0x08000722   0x00000002   PAD
    0x08000724   0x08000724   0x00000002   Code   RO            4    .text.HardFault_Handler  gd32e50x_it.o
    0x08000726   0x08000726   0x00000002   PAD
    0x08000728   0x08000728   0x00000002   Code   RO            6    .text.MemManage_Handler  gd32e50x_it.o
    0x0800072a   0x0800072a   0x00000002   PAD
    0x0800072c   0x0800072c   0x00000002   Code   RO            2    .text.NMI_Handler   gd32e50x_it.o
    0x0800072e   0x0800072e   0x00000002   PAD
    0x08000730   0x08000730   0x00000002   Code   RO           16    .text.PendSV_Handler  gd32e50x_it.o
    0x08000732   0x08000732   0x00000002   PAD
    0x08000734   0x08000734   0x00000002   Code   RO           12    .text.SVC_Handler   gd32e50x_it.o
    0x08000736   0x08000736   0x00000002   PAD
    0x08000738   0x08000738   0x0000002a   Code   RO           89    .text.SysTick_Config  systick.o
    0x08000762   0x08000762   0x00000002   PAD
    0x08000764   0x08000764   0x00000002   Code   RO           18    .text.SysTick_Handler  gd32e50x_it.o
    0x08000766   0x08000766   0x00000002   PAD
    0x08000768   0x08000768   0x000000a6   Code   RO          127    .text.SystemInit    system_gd32e50x.o
    0x0800080e   0x0800080e   0x00000002   PAD
    0x08000810   0x08000810   0x00000002   Code   RO           10    .text.UsageFault_Handler  gd32e50x_it.o
    0x08000812   0x08000812   0x00000002   PAD
    0x08000814   0x08000814   0x0000000e   Code   RO           91    .text.__NVIC_SetPriority  systick.o
    0x08000822   0x08000822   0x00000002   PAD
    0x08000824   0x08000824   0x00000022   Code   RO          385    .text.dma_channel_disable  gd32e50x_dma.o
    0x08000846   0x08000846   0x00000002   PAD
    0x08000848   0x08000848   0x00000022   Code   RO          383    .text.dma_channel_enable  gd32e50x_dma.o
    0x0800086a   0x0800086a   0x00000002   PAD
    0x0800086c   0x0800086c   0x00000022   Code   RO          377    .text.dma_circulation_disable  gd32e50x_dma.o
    0x0800088e   0x0800088e   0x00000002   PAD
    0x08000890   0x08000890   0x0000003a   Code   RO          367    .text.dma_deinit    gd32e50x_dma.o
    0x080008ca   0x080008ca   0x00000002   PAD
    0x080008cc   0x080008cc   0x0000001e   Code   RO          413    .text.dma_flag_clear  gd32e50x_dma.o
    0x080008ea   0x080008ea   0x00000002   PAD
    0x080008ec   0x080008ec   0x00000072   Code   RO          373    .text.dma_init      gd32e50x_dma.o
    0x0800095e   0x0800095e   0x00000002   PAD
    0x08000960   0x08000960   0x00000022   Code   RO          415    .text.dma_interrupt_enable  gd32e50x_dma.o
    0x08000982   0x08000982   0x00000002   PAD
    0x08000984   0x08000984   0x0000001e   Code   RO          421    .text.dma_interrupt_flag_clear  gd32e50x_dma.o
    0x080009a2   0x080009a2   0x00000002   PAD
    0x080009a4   0x080009a4   0x0000004a   Code   RO          419    .text.dma_interrupt_flag_get  gd32e50x_dma.o
    0x080009ee   0x080009ee   0x00000002   PAD
    0x080009f0   0x080009f0   0x0000001e   Code   RO          389    .text.dma_memory_address_config  gd32e50x_dma.o
    0x08000a0e   0x08000a0e   0x00000002   PAD
    0x08000a10   0x08000a10   0x00000022   Code   RO          381    .text.dma_memory_to_memory_disable  gd32e50x_dma.o
    0x08000a32   0x08000a32   0x00000002   PAD
    0x08000a34   0x08000a34   0x00000018   Code   RO          116    .text.dma_nvic_config  usart1_dma0.o
    0x08000a4c   0x08000a4c   0x0000001a   Code   RO          369    .text.dma_periph_and_channel_check  gd32e50x_dma.o
    0x08000a66   0x08000a66   0x00000002   PAD
    0x08000a68   0x08000a68   0x0000001e   Code   RO          391    .text.dma_transfer_number_config  gd32e50x_dma.o
    0x08000a86   0x08000a86   0x00000002   PAD
    0x08000a88   0x08000a88   0x00000004   Code   RO          327    .text.gpio_bit_reset  gd32e50x_gpio.o
    0x08000a8c   0x08000a8c   0x00000004   Code   RO          325    .text.gpio_bit_set  gd32e50x_gpio.o
    0x08000a90   0x08000a90   0x000000b6   Code   RO          323    .text.gpio_init     gd32e50x_gpio.o
    0x08000b46   0x08000b46   0x00000002   PAD
    0x08000b48   0x08000b48   0x0000000a   Code   RO          333    .text.gpio_input_bit_get  gd32e50x_gpio.o
    0x08000b52   0x08000b52   0x00000002   PAD
    0x08000b54   0x08000b54   0x00000070   Code   RO           31    .text.main          main.o
    0x08000bc4   0x08000bc4   0x000000a2   Code   RO         1302    .text.nvic_irq_enable  gd32e50x_misc.o
    0x08000c66   0x08000c66   0x00000002   PAD
    0x08000c68   0x08000c68   0x00000014   Code   RO         1300    .text.nvic_priority_group_set  gd32e50x_misc.o
    0x08000c7c   0x08000c7c   0x0000001c   Code   RO         1312    .text.nvic_vector_table_set  gd32e50x_misc.o
    0x08000c98   0x08000c98   0x00000120   Code   RO          503    .text.rcu_clock_freq_get  gd32e50x_rcu.o
    0x08000db8   0x08000db8   0x0000001e   Code   RO          433    .text.rcu_periph_clock_enable  gd32e50x_rcu.o
    0x08000dd6   0x08000dd6   0x00000002   PAD
    0x08000dd8   0x08000dd8   0x00000020   Code   RO          443    .text.rcu_periph_reset_disable  gd32e50x_rcu.o
    0x08000df8   0x08000df8   0x0000001e   Code   RO          441    .text.rcu_periph_reset_enable  gd32e50x_rcu.o
    0x08000e16   0x08000e16   0x00000002   PAD
    0x08000e18   0x08000e18   0x00000022   Code   RO           68    .text.servo_handle_error  mr_j2s_a_servo.o
    0x08000e3a   0x08000e3a   0x00000002   PAD
    0x08000e3c   0x08000e3c   0x0000003c   Code   RO           40    .text.servo_init    mr_j2s_a_servo.o
    0x08000e78   0x08000e78   0x00000028   Code   RO           44    .text.servo_send_eot  mr_j2s_a_servo.o
    0x08000ea0   0x08000ea0   0x000000a8   Code   RO           42    .text.servo_send_read_command  mr_j2s_a_servo.o
    0x08000f48   0x08000f48   0x000000e4   Code   RO          133    .text.system_clock_180m_hxtal  system_gd32e50x.o
    0x0800102c   0x0800102c   0x00000008   Code   RO          129    .text.system_clock_config  system_gd32e50x.o
    0x08001034   0x08001034   0x0000002a   Code   RO           87    .text.systick_config  systick.o
    0x0800105e   0x0800105e   0x00000002   PAD
    0x08001060   0x08001060   0x00000030   Code   RO          114    .text.usart1_dma0_rxdata  usart1_dma0.o
    0x08001090   0x08001090   0x00000076   Code   RO          112    .text.usart1_dma0_rxinit  usart1_dma0.o
    0x08001106   0x08001106   0x00000002   PAD
    0x08001108   0x08001108   0x0000003c   Code   RO          108    .text.usart1_dma0_send  usart1_dma0.o
    0x08001144   0x08001144   0x0000006e   Code   RO          110    .text.usart1_dma0_txinit  usart1_dma0.o
    0x080011b2   0x080011b2   0x00000002   PAD
    0x080011b4   0x080011b4   0x0000007a   Code   RO          106    .text.usart1_init   usart1_dma0.o
    0x0800122e   0x0800122e   0x00000002   PAD
    0x08001230   0x08001230   0x000000ce   Code   RO          155    .text.usart_baudrate_set  gd32e50x_usart.o
    0x080012fe   0x080012fe   0x00000002   PAD
    0x08001300   0x08001300   0x00000088   Code   RO          153    .text.usart_deinit  gd32e50x_usart.o
    0x08001388   0x08001388   0x00000028   Code   RO          229    .text.usart_dma_receive_config  gd32e50x_usart.o
    0x080013b0   0x080013b0   0x00000028   Code   RO          231    .text.usart_dma_transmit_config  gd32e50x_usart.o
    0x080013d8   0x080013d8   0x00000020   Code   RO          163    .text.usart_enable  gd32e50x_usart.o
    0x080013f8   0x080013f8   0x0000003c   Code   RO          157    .text.usart_parity_config  gd32e50x_usart.o
    0x08001434   0x08001434   0x00000024   Code   RO          169    .text.usart_receive_config  gd32e50x_usart.o
    0x08001458   0x08001458   0x00000030   Code   RO          161    .text.usart_stop_bit_set  gd32e50x_usart.o
    0x08001488   0x08001488   0x00000024   Code   RO          167    .text.usart_transmit_config  gd32e50x_usart.o
    0x080014ac   0x080014ac   0x0000003c   Code   RO          159    .text.usart_word_length_set  gd32e50x_usart.o
    0x080014e8   0x080014e8   0x0000000e   Code   RO         2015    i._is_digit         c_w.l(__printf_wp.o)
    0x080014f6   0x080014f6   0x0000001a   Code   RO         2131    x$fpl$fpinit        fz_wm.l(fpinit.o)
    0x08001510   0x08001510   0x00000028   Data   RO         1988    .constdata          c_w.l(_printf_hex_int.o)
    0x08001538   0x08001538   0x00000011   Data   RO         2018    .constdata          c_w.l(__printf_flags_wp.o)
    0x08001549   0x08001549   0x00000003   PAD
    0x0800154c   0x0800154c   0x00000020   Data   RO         2206    Region$$Table       anon$$obj.o


    Execution Region RW_IRAM1 (Exec base: 0x20000000, Load base: 0x08001570, Size: 0x00000918, Max: 0x00020000, ABSOLUTE)

    Exec Addr    Load Addr    Size         Type   Attr      Idx    E Section Name        Object

    0x20000000   0x08001570   0x00000004   Data   RW          135    .data.SystemCoreClock  system_gd32e50x.o
    0x20000004   0x08001574   0x00000010   Data   RW           74    .data.ascii         mr_j2s_a_servo.o
    0x20000014   0x08001584   0x00000002   Data   RW           70    .data.rx_size       mr_j2s_a_servo.o
    0x20000016   0x08001586   0x00000001   Data   RW           73    .data.servo_ready   mr_j2s_a_servo.o
    0x20000017   0x08001587   0x00000001   PAD
    0x20000018   0x08001588   0x00000002   Data   RW           72    .data.tx_read_size  mr_j2s_a_servo.o
    0x2000001a   0x0800158a   0x00000006   PAD
    0x20000020        -       0x00000060   Zero   RW         2073    .bss                c_w.l(libspace.o)
    0x20000080        -       0x00000032   Zero   RW           76    .bss.rxbuffer       mr_j2s_a_servo.o
    0x200000b2        -       0x00000032   Zero   RW           75    .bss.tx_read_buffer  mr_j2s_a_servo.o
    0x200000e4        -       0x00000032   Zero   RW           77    .bss.tx_write_buffer  mr_j2s_a_servo.o
    0x20000116   0x0800158a   0x00000002   PAD
    0x20000118        -       0x00000400   Zero   RW          144    HEAP                startup_gd32e50x_hd.o
    0x20000518        -       0x00000400   Zero   RW          143    STACK               startup_gd32e50x_hd.o


==============================================================================

Image component sizes


      Code (inc. data)   RO Data    RW Data    ZI Data      Debug   Object Name

       562          0          0          0          0       9122   gd32e50x_dma.o
       200          0          0          0          0       6525   gd32e50x_gpio.o
       174          0          0          0          0       1697   gd32e50x_it.o
       210          0          0          0          0       6255   gd32e50x_misc.o
       380         30          0          0          0      13959   gd32e50x_rcu.o
       694          0          0          0          0      21448   gd32e50x_usart.o
       112          0          0          0          0       1596   main.o
       302         32          0         21        150       4211   mr_j2s_a_servo.o
        64         26        416          0       2048        940   startup_gd32e50x_hd.o
       402          0          0          4          0       3103   system_gd32e50x.o
        98          0          0          0          0       4913   systick.o
       482          0          0          0          0       5208   usart1_dma0.o

    ----------------------------------------------------------------------
      3752         88        448         28       2204      78977   Object Totals
         0          0         32          0          0          0   (incl. Generated)
        72          0          0          3          6          0   (incl. Padding)

    ----------------------------------------------------------------------

      Code (inc. data)   RO Data    RW Data    ZI Data      Debug   Library Member Name

         8          0          0          0          0         68   __main.o
       312          4         17          0          0         92   __printf_flags_wp.o
        14          0          0          0          0         68   __printf_wp.o
         0          0          0          0          0          0   __rtentry.o
        12          0          0          0          0          0   __rtentry2.o
         6          0          0          0          0          0   __rtentry4.o
        52          8          0          0          0          0   __scatter.o
        26          0          0          0          0          0   __scatter_copy.o
        28          0          0          0          0          0   __scatter_zi.o
         6          0          0          0          0          0   _printf_c.o
        44          0          0          0          0        108   _printf_char.o
        48          6          0          0          0         96   _printf_char_common.o
        88          4         40          0          0         88   _printf_hex_int.o
       178          0          0          0          0         88   _printf_intcommon.o
        78          0          0          0          0        108   _printf_pad.o
         0          0          0          0          0          0   _printf_percent.o
         4          0          0          0          0          0   _printf_percent_end.o
         6          0          0          0          0          0   _printf_s.o
        82          0          0          0          0         80   _printf_str.o
         6          0          0          0          0          0   _printf_x.o
        10          0          0          0          0         68   _sputc.o
        18          0          0          0          0         80   exit.o
         6          0          0          0          0        152   heapauxi.o
         0          0          0          0          0          0   indicate_semi.o
         2          0          0          0          0          0   libinit.o
         6          0          0          0          0          0   libinit2.o
         2          0          0          0          0          0   libshutdown.o
         2          0          0          0          0          0   libshutdown2.o
         8          4          0          0         96         68   libspace.o
        40          6          0          0          0         84   noretval__2sprintf.o
         2          0          0          0          0          0   rtexit.o
        10          0          0          0          0          0   rtexit2.o
        12          4          0          0          0         68   sys_exit.o
        74          0          0          0          0         80   sys_stackheap_outer.o
         2          0          0          0          0         68   use_no_semi.o
        26          0          0          0          0        116   fpinit.o

    ----------------------------------------------------------------------
      1224         36         60          0         96       1580   Library Totals
         6          0          3          0          0          0   (incl. Padding)

    ----------------------------------------------------------------------

      Code (inc. data)   RO Data    RW Data    ZI Data      Debug   Library Name

      1192         36         57          0         96       1464   c_w.l
        26          0          0          0          0        116   fz_wm.l

    ----------------------------------------------------------------------
      1224         36         60          0         96       1580   Library Totals

    ----------------------------------------------------------------------

==============================================================================


      Code (inc. data)   RO Data    RW Data    ZI Data      Debug   

      4976        124        508         28       2300      79681   Grand Totals
      4976        124        508         28       2300      79681   ELF Image Totals
      4976        124        508         28          0          0   ROM Totals

==============================================================================

    Total RO  Size (Code + RO Data)                 5484 (   5.36kB)
    Total RW  Size (RW Data + ZI Data)              2328 (   2.27kB)
    Total ROM Size (Code + RO Data + RW Data)       5512 (   5.38kB)

==============================================================================

